../drivers/src/STM32_Spi_Driver.c:7:6:SPI_PeripheralControl	16	static
../drivers/src/STM32_Spi_Driver.c:23:6:SPI_PeriClockControl	16	static
../drivers/src/STM32_Spi_Driver.c:48:6:SPI_Init	24	static
../drivers/src/STM32_Spi_Driver.c:96:6:SPI_DeInit	16	static
../drivers/src/STM32_Spi_Driver.c:110:10:SPI_GetFlagStatus	16	static
../drivers/src/STM32_Spi_Driver.c:117:6:SPI_ReceiveData	24	static
../drivers/src/STM32_Spi_Driver.c:140:6:SPI_SendData	32	static
../drivers/src/STM32_Spi_Driver.c:167:6:SPI_SSIConfig	16	static
../drivers/src/STM32_Spi_Driver.c:179:9:SPI_SendDataIT	32	static
../drivers/src/STM32_Spi_Driver.c:198:9:SPI_ReceiveDataIT	32	static
../drivers/src/STM32_Spi_Driver.c:217:13:spi_txe_interrupt_handle	24	static
../drivers/src/STM32_Spi_Driver.c:258:13:spi_rxne_interrupt_handle	16	static
../drivers/src/STM32_Spi_Driver.c:301:13:spi_ovr_interrupt_handle	24	static
../drivers/src/STM32_Spi_Driver.c:318:6:SPI_IRQHandling	24	static
../drivers/src/STM32_Spi_Driver.c:345:6:SPI_IRQITConfig	16	static
../drivers/src/STM32_Spi_Driver.c:379:28:SPI_ApplicationEventCallback	16	static
../drivers/src/STM32_Spi_Driver.c:393:6:SPI_GPIO_Init	24	static
../drivers/src/STM32_Spi_Driver.c:435:6:SPI1_Inits	8	static
