../drivers/src/stm32l476xx_i2c_driver.c:6:6:I2C_PeriClockControl	16	static
../drivers/src/stm32l476xx_i2c_driver.c:25:6:I2C_Init	16	static
../drivers/src/stm32l476xx_i2c_driver.c:54:6:I2C_MasterSendData	24	static
../drivers/src/stm32l476xx_i2c_driver.c:130:6:I2C_MasterReceiveData	24	static
../drivers/src/stm32l476xx_i2c_driver.c:181:9:I2C_MasterSendDataIT	32	static
../drivers/src/stm32l476xx_i2c_driver.c:244:6:I2C1_GPIOInits	24	static
../drivers/src/stm32l476xx_i2c_driver.c:276:6:I2C1_Inits	8	static
