Archive member included to satisfy reference by file (symbol)

D:/My_user/STM32CubeIDE_1.19.0/STM32CubeIDE/plugins/com.st.stm32cube.ide.mcu.externaltools.gnu-tools-for-stm32.13.3.rel1.win32_1.0.0.202411081344/tools/bin/../lib/gcc/arm-none-eabi/13.3.1/../../../../arm-none-eabi/lib/thumb/v7e-m+fp/hard\libc_nano.a(libc_a-exit.o)
                              D:/My_user/STM32CubeIDE_1.19.0/STM32CubeIDE/plugins/com.st.stm32cube.ide.mcu.externaltools.gnu-tools-for-stm32.13.3.rel1.win32_1.0.0.202411081344/tools/bin/../lib/gcc/arm-none-eabi/13.3.1/../../../../arm-none-eabi/lib/thumb/v7e-m+fp/hard/crt0.o (exit)
D:/My_user/STM32CubeIDE_1.19.0/STM32CubeIDE/plugins/com.st.stm32cube.ide.mcu.externaltools.gnu-tools-for-stm32.13.3.rel1.win32_1.0.0.202411081344/tools/bin/../lib/gcc/arm-none-eabi/13.3.1/../../../../arm-none-eabi/lib/thumb/v7e-m+fp/hard\libc_nano.a(libc_a-findfp.o)
                              D:/My_user/STM32CubeIDE_1.19.0/STM32CubeIDE/plugins/com.st.stm32cube.ide.mcu.externaltools.gnu-tools-for-stm32.13.3.rel1.win32_1.0.0.202411081344/tools/bin/../lib/gcc/arm-none-eabi/13.3.1/../../../../arm-none-eabi/lib/thumb/v7e-m+fp/hard\libc_nano.a(libc_a-exit.o) (__stdio_exit_handler)
D:/My_user/STM32CubeIDE_1.19.0/STM32CubeIDE/plugins/com.st.stm32cube.ide.mcu.externaltools.gnu-tools-for-stm32.13.3.rel1.win32_1.0.0.202411081344/tools/bin/../lib/gcc/arm-none-eabi/13.3.1/../../../../arm-none-eabi/lib/thumb/v7e-m+fp/hard\libc_nano.a(libc_a-fwalk.o)
                              D:/My_user/STM32CubeIDE_1.19.0/STM32CubeIDE/plugins/com.st.stm32cube.ide.mcu.externaltools.gnu-tools-for-stm32.13.3.rel1.win32_1.0.0.202411081344/tools/bin/../lib/gcc/arm-none-eabi/13.3.1/../../../../arm-none-eabi/lib/thumb/v7e-m+fp/hard\libc_nano.a(libc_a-findfp.o) (_fwalk_sglue)
D:/My_user/STM32CubeIDE_1.19.0/STM32CubeIDE/plugins/com.st.stm32cube.ide.mcu.externaltools.gnu-tools-for-stm32.13.3.rel1.win32_1.0.0.202411081344/tools/bin/../lib/gcc/arm-none-eabi/13.3.1/../../../../arm-none-eabi/lib/thumb/v7e-m+fp/hard\libc_nano.a(libc_a-sprintf.o)
                              ./Src/main.o (sprintf)
D:/My_user/STM32CubeIDE_1.19.0/STM32CubeIDE/plugins/com.st.stm32cube.ide.mcu.externaltools.gnu-tools-for-stm32.13.3.rel1.win32_1.0.0.202411081344/tools/bin/../lib/gcc/arm-none-eabi/13.3.1/../../../../arm-none-eabi/lib/thumb/v7e-m+fp/hard\libc_nano.a(libc_a-stdio.o)
                              D:/My_user/STM32CubeIDE_1.19.0/STM32CubeIDE/plugins/com.st.stm32cube.ide.mcu.externaltools.gnu-tools-for-stm32.13.3.rel1.win32_1.0.0.202411081344/tools/bin/../lib/gcc/arm-none-eabi/13.3.1/../../../../arm-none-eabi/lib/thumb/v7e-m+fp/hard\libc_nano.a(libc_a-findfp.o) (__sread)
D:/My_user/STM32CubeIDE_1.19.0/STM32CubeIDE/plugins/com.st.stm32cube.ide.mcu.externaltools.gnu-tools-for-stm32.13.3.rel1.win32_1.0.0.202411081344/tools/bin/../lib/gcc/arm-none-eabi/13.3.1/../../../../arm-none-eabi/lib/thumb/v7e-m+fp/hard\libc_nano.a(libc_a-memset.o)
                              D:/My_user/STM32CubeIDE_1.19.0/STM32CubeIDE/plugins/com.st.stm32cube.ide.mcu.externaltools.gnu-tools-for-stm32.13.3.rel1.win32_1.0.0.202411081344/tools/bin/../lib/gcc/arm-none-eabi/13.3.1/../../../../arm-none-eabi/lib/thumb/v7e-m+fp/hard/crt0.o (memset)
D:/My_user/STM32CubeIDE_1.19.0/STM32CubeIDE/plugins/com.st.stm32cube.ide.mcu.externaltools.gnu-tools-for-stm32.13.3.rel1.win32_1.0.0.202411081344/tools/bin/../lib/gcc/arm-none-eabi/13.3.1/../../../../arm-none-eabi/lib/thumb/v7e-m+fp/hard\libc_nano.a(libc_a-closer.o)
                              D:/My_user/STM32CubeIDE_1.19.0/STM32CubeIDE/plugins/com.st.stm32cube.ide.mcu.externaltools.gnu-tools-for-stm32.13.3.rel1.win32_1.0.0.202411081344/tools/bin/../lib/gcc/arm-none-eabi/13.3.1/../../../../arm-none-eabi/lib/thumb/v7e-m+fp/hard\libc_nano.a(libc_a-stdio.o) (_close_r)
D:/My_user/STM32CubeIDE_1.19.0/STM32CubeIDE/plugins/com.st.stm32cube.ide.mcu.externaltools.gnu-tools-for-stm32.13.3.rel1.win32_1.0.0.202411081344/tools/bin/../lib/gcc/arm-none-eabi/13.3.1/../../../../arm-none-eabi/lib/thumb/v7e-m+fp/hard\libc_nano.a(libc_a-reent.o)
                              D:/My_user/STM32CubeIDE_1.19.0/STM32CubeIDE/plugins/com.st.stm32cube.ide.mcu.externaltools.gnu-tools-for-stm32.13.3.rel1.win32_1.0.0.202411081344/tools/bin/../lib/gcc/arm-none-eabi/13.3.1/../../../../arm-none-eabi/lib/thumb/v7e-m+fp/hard\libc_nano.a(libc_a-closer.o) (errno)
D:/My_user/STM32CubeIDE_1.19.0/STM32CubeIDE/plugins/com.st.stm32cube.ide.mcu.externaltools.gnu-tools-for-stm32.13.3.rel1.win32_1.0.0.202411081344/tools/bin/../lib/gcc/arm-none-eabi/13.3.1/../../../../arm-none-eabi/lib/thumb/v7e-m+fp/hard\libc_nano.a(libc_a-impure.o)
                              D:/My_user/STM32CubeIDE_1.19.0/STM32CubeIDE/plugins/com.st.stm32cube.ide.mcu.externaltools.gnu-tools-for-stm32.13.3.rel1.win32_1.0.0.202411081344/tools/bin/../lib/gcc/arm-none-eabi/13.3.1/../../../../arm-none-eabi/lib/thumb/v7e-m+fp/hard\libc_nano.a(libc_a-sprintf.o) (_impure_ptr)
[...]
Memory Configuration

Name             Origin             Length             Attributes
RAM              0x20000000         0x00018000         xrw
SRAM2            0x10000000         0x00008000         xrw
FLASH            0x08000000         0x00100000         xr
*default*        0x00000000         0xffffffff

Linker script and memory map

LOAD D:/My_user/STM32CubeIDE_1.19.0/STM32CubeIDE/plugins/com.st.stm32cube.ide.mcu.externaltools.gnu-tools-for-stm32.13.3.rel1.win32_1.0.0.202411081344/tools/bin/../lib/gcc/arm-none-eabi/13.3.1/thumb/v7e-m+fp/hard/crti.o
LOAD D:/My_user/STM32CubeIDE_1.19.0/STM32CubeIDE/plugins/com.st.stm32cube.ide.mcu.externaltools.gnu-tools-for-stm32.13.3.rel1.win32_1.0.0.202411081344/tools/bin/../lib/gcc/arm-none-eabi/13.3.1/thumb/v7e-m+fp/hard/crtbegin.o
LOAD D:/My_user/STM32CubeIDE_1.19.0/STM32CubeIDE/plugins/com.st.stm32cube.ide.mcu.externaltools.gnu-tools-for-stm32.13.3.rel1.win32_1.0.0.202411081344/tools/bin/../lib/gcc/arm-none-eabi/13.3.1/../../../../arm-none-eabi/lib/thumb/v7e-m+fp/hard/crt0.o
LOAD ./Src/main.o
LOAD ./Src/syscalls.o
LOAD ./Src/sysmem.o
LOAD ./Startup/startup_stm32l476rgtx.o
LOAD ./drivers/src/STM32_Spi_Driver.o
LOAD ./drivers/src/stm32l476xx_gpio_driver.o
LOAD ./drivers/src/stm32l476xx_i2c_driver.o
LOAD ./drivers/src/stm32l476xx_uart_driver.o
START GROUP
LOAD D:/My_user/STM32CubeIDE_1.19.0/STM32CubeIDE/plugins/com.st.stm32cube.ide.mcu.externaltools.gnu-tools-for-stm32.13.3.rel1.win32_1.0.0.202411081344/tools/bin/../lib/gcc/arm-none-eabi/13.3.1/../../../../arm-none-eabi/lib/thumb/v7e-m+fp/hard\libc_nano.a
LOAD D:/My_user/STM32CubeIDE_1.19.0/STM32CubeIDE/plugins/com.st.stm32cube.ide.mcu.externaltools.gnu-tools-for-stm32.13.3.rel1.win32_1.0.0.202411081344/tools/bin/../lib/gcc/arm-none-eabi/13.3.1/../../../../arm-none-eabi/lib/thumb/v7e-m+fp/hard\libm.a
END GROUP
START GROUP
LOAD D:/My_user/STM32CubeIDE_1.19.0/STM32CubeIDE/plugins/com.st.stm32cube.ide.mcu.externaltools.gnu-tools-for-stm32.13.3.rel1.win32_1.0.0.202411081344/tools/bin/../lib/gcc/arm-none-eabi/13.3.1/thumb/v7e-m+fp/hard\libgcc.a
LOAD D:/My_user/STM32CubeIDE_1.19.0/STM32CubeIDE/plugins/com.st.stm32cube.ide.mcu.externaltools.gnu-tools-for-stm32.13.3.rel1.win32_1.0.0.202411081344/tools/bin/../lib/gcc/arm-none-eabi/13.3.1/../../../../arm-none-eabi/lib/thumb/v7e-m+fp/hard\libc_nano.a
END GROUP
START GROUP
LOAD D:/My_user/STM32CubeIDE_1.19.0/STM32CubeIDE/plugins/com.st.stm32cube.ide.mcu.externaltools.gnu-tools-for-stm32.13.3.rel1.win32_1.0.0.202411081344/tools/bin/../lib/gcc/arm-none-eabi/13.3.1/thumb/v7e-m+fp/hard\libgcc.a
LOAD D:/My_user/STM32CubeIDE_1.19.0/STM32CubeIDE/plugins/com.st.stm32cube.ide.mcu.externaltools.gnu-tools-for-stm32.13.3.rel1.win32_1.0.0.202411081344/tools/bin/../lib/gcc/arm-none-eabi/13.3.1/../../../../arm-none-eabi/lib/thumb/v7e-m+fp/hard\libc_nano.a
LOAD D:/My_user/STM32CubeIDE_1.19.0/STM32CubeIDE/plugins/com.st.stm32cube.ide.mcu.externaltools.gnu-tools-for-stm32.13.3.rel1.win32_1.0.0.202411081344/tools/bin/../lib/gcc/arm-none-eabi/13.3.1/../../../../arm-none-eabi/lib/thumb/v7e-m+fp/hard\libnosys.a
END GROUP
START GROUP
LOAD D:/My_user/STM32CubeIDE_1.19.0/STM32CubeIDE/plugins/com.st.stm32cube.ide.mcu.externaltools.gnu-tools-for-stm32.13.3.rel1.win32_1.0.0.202411081344/tools/bin/../lib/gcc/arm-none-eabi/13.3.1/thumb/v7e-m+fp/hard\libgcc.a
LOAD D:/My_user/STM32CubeIDE_1.19.0/STM32CubeIDE/plugins/com.st.stm32cube.ide.mcu.externaltools.gnu-tools-for-stm32.13.3.rel1.win32_1.0.0.202411081344/tools/bin/../lib/gcc/arm-none-eabi/13.3.1/../../../../arm-none-eabi/lib/thumb/v7e-m+fp/hard\libc_nano.a
LOAD D:/My_user/STM32CubeIDE_1.19.0/STM32CubeIDE/plugins/com.st.stm32cube.ide.mcu.externaltools.gnu-tools-for-stm32.13.3.rel1.win32_1.0.0.202411081344/tools/bin/../lib/gcc/arm-none-eabi/13.3.1/../../../../arm-none-eabi/lib/thumb/v7e-m+fp/hard\libnosys.a
END GROUP
LOAD D:/My_user/STM32CubeIDE_1.19.0/STM32CubeIDE/plugins/com.st.stm32cube.ide.mcu.externaltools.gnu-tools-for-stm32.13.3.rel1.win32_1.0.0.202411081344/tools/bin/../lib/gcc/arm-none-eabi/13.3.1/thumb/v7e-m+fp/hard/crtend.o
LOAD D:/My_user/STM32CubeIDE_1.19.0/STM32CubeIDE/plugins/com.st.stm32cube.ide.mcu.externaltools.gnu-tools-for-stm32.13.3.rel1.win32_1.0.0.202411081344/tools/bin/../lib/gcc/arm-none-eabi/13.3.1/thumb/v7e-m+fp/hard/crtn.o
                0x20018000                        _estack = (ORIGIN (RAM) + LENGTH (RAM))
                0x00000200                        _Min_Heap_Size = 0x200
                0x00000400                        _Min_Stack_Size = 0x400

.isr_vector     0x08000000      0x18c
                0x08000000                        . = ALIGN (0x4)
 *(.isr_vector)
 .isr_vector    0x08000000      0x18c ./Startup/startup_stm32l476rgtx.o
                0x08000000                g_pfnVectors
                0x0800018c                        . = ALIGN (0x4)

.text           0x08000190     0x1ef4
                0x08000190                        . = ALIGN (0x4)
 *(.text)
 .text          0x08000190       0x40 D:/My_user/STM32CubeIDE_1.19.0/STM32CubeIDE/plugins/com.st.stm32cube.ide.mcu.externaltools.gnu-tools-for-stm32.13.3.rel1.win32_1.0.0.202411081344/tools/bin/../lib/gcc/arm-none-eabi/13.3.1/thumb/v7e-m+fp/hard/crtbegin.o
 .text          0x080001d0       0x10 D:/My_user/STM32CubeIDE_1.19.0/STM32CubeIDE/plugins/com.st.stm32cube.ide.mcu.externaltools.gnu-tools-for-stm32.13.3.rel1.win32_1.0.0.202411081344/tools/bin/../lib/gcc/arm-none-eabi/13.3.1/../../../../arm-none-eabi/lib/thumb/v7e-m+fp/hard\libc_nano.a(libc_a-strlen.o)
                0x080001d0                strlen
 .text          0x080001e0       0xa0 D:/My_user/STM32CubeIDE_1.19.0/STM32CubeIDE/plugins/com.st.stm32cube.ide.mcu.externaltools.gnu-tools-for-stm32.13.3.rel1.win32_1.0.0.202411081344/tools/bin/../lib/gcc/arm-none-eabi/13.3.1/../../../../arm-none-eabi/lib/thumb/v7e-m+fp/hard\libc_nano.a(libc_a-memchr.o)
                0x080001e0                memchr
 *(.text*)
 .text.EXTI15_10_IRQHandler
                0x08000280       0x16 ./Src/main.o
                0x08000280                EXTI15_10_IRQHandler
 *fill*         0x08000296        0x2 
 .text.main     0x08000298      0x124 ./Src/main.o
                0x08000298                main
 .text.delay    0x080003bc       0x2c ./Src/main.o
                0x080003bc                delay
 .text.W25Q_WriteEnable
                0x080003e8       0x4c ./Src/main.o
                0x080003e8                W25Q_WriteEnable
 .text.W25Q_ReadStatus
                0x08000434       0x5c ./Src/main.o
                0x08000434                W25Q_ReadStatus
 .text.W25Q_WaitBusy
                0x08000490       0x1a ./Src/main.o
                0x08000490                W25Q_WaitBusy
 *fill*         0x080004aa        0x2 
 .text.W25Q_EraseSector
                0x080004ac       0x6c ./Src/main.o
                0x080004ac                W25Q_EraseSector
 .text.W25Q_Write
                0x08000518       0x80 ./Src/main.o
                0x08000518                W25Q_Write
 .text.W25Q_Read
                0x08000598       0x78 ./Src/main.o
                0x08000598                W25Q_Read
 .text.Print_Recent_Logs
                0x08000610       0x84 ./Src/main.o
                0x08000610                Print_Recent_Logs
 .text.Store_Lux
                0x08000694       0x30 ./Src/main.o
                0x08000694                Store_Lux
 .text._sbrk    0x080006c4       0x6c ./Src/sysmem.o
                0x080006c4                _sbrk
 .text.Reset_Handler
                0x08000730       0x50 ./Startup/startup_stm32l476rgtx.o
                0x08000730                Reset_Handler
 .text.Default_Handler
                0x08000780        0x2 ./Startup/startup_stm32l476rgtx.o
                0x08000780                EXTI2_IRQHandler
                0x08000780                TIM8_TRG_COM_IRQHandler
                0x08000780                TIM8_CC_IRQHandler
                0x08000780                DebugMon_Handler
                0x08000780                DMA1_CH4_IRQHandler
                0x08000780                TIM1_CC_IRQHandler
                0x08000780                TSC_IRQHandler
                0x08000780                HardFault_Handler
                0x08000780                SysTick_Handler
                0x08000780                TAMP_STAMP_IRQHandler
                0x08000780                PendSV_Handler
                0x08000780                NMI_Handler
                0x08000780                EXTI3_IRQHandler
                0x08000780                LPTIM2_IRQHandler
                0x08000780                DFSDM1_FLT1_IRQHandler
                0x08000780                I2C3_ER_IRQHandler
                0x08000780                DFSDM1_FLT2_IRQHandler
                0x08000780                TIM6_DACUNDER_IRQHandler
                0x08000780                EXTI0_IRQHandler
                0x08000780                I2C2_EV_IRQHandler
                0x08000780                DMA2_CH1_IRQHandler
                0x08000780                CAN1_RX0_IRQHandler
                0x08000780                FPU_IRQHandler
                0x08000780                TIM1_UP_TIM16_IRQHandler
                0x08000780                DMA2_CH7_IRQHandler
                0x08000780                UsageFault_Handler
                0x08000780                ADC1_2_IRQHandler
                0x08000780                SPI1_IRQHandler
                0x08000780                DMA1_CH7_IRQHandler
                0x08000780                TIM8_UP_IRQHandler
                0x08000780                RTC_ALARM_IRQHandler
                0x08000780                SAI2_IRQHandler
                0x08000780                DFSDM1_FLT3_IRQHandler
                0x08000780                DMA1_CH6_IRQHandler
                0x08000780                USART3_IRQHandler
                0x08000780                CAN1_RX1_IRQHandler
                0x08000780                LCD_IRQHandler
                0x08000780                UART5_IRQHandler
                0x08000780                ADC3_IRQHandler
                0x08000780                TIM4_IRQHandler
                0x08000780                QUADSPI_IRQHandler
                0x08000780                I2C1_EV_IRQHandler
                0x08000780                DMA2_CH5_IRQHandler
                0x08000780                UART4_IRQHandler
                0x08000780                DMA1_CH3_IRQHandler
                0x08000780                TIM3_IRQHandler
                0x08000780                RCC_IRQHandler
                0x08000780                Default_Handler
                0x08000780                TIM7_IRQHandler
                0x08000780                SDMMC1_IRQHandler
                0x08000780                TIM5_IRQHandler
                0x08000780                I2C3_EV_IRQHandler
                0x08000780                EXTI9_5_IRQHandler
                0x08000780                DMA1_CH2_IRQHandler
                0x08000780                RTC_WKUP_IRQHandler
                0x08000780                PVD_PVM_IRQHandler
                0x08000780                SPI2_IRQHandler
                0x08000780                DMA1_CH1_IRQHandler
                0x08000780                MemManage_Handler
                0x08000780                CAN1_TX_IRQHandler
                0x08000780                SVC_Handler
                0x08000780                CRS_IRQHandler
                0x08000780                EXTI4_IRQHandler
                0x08000780                RNG_IRQHandler
                0x08000780                TIM1_TRG_COM_TIM17_IRQHandler
                0x08000780                COMP_IRQHandler
                0x08000780                WWDG_IRQHandler
                0x08000780                LPUART1_IRQHandler
                0x08000780                TIM2_IRQHandler
                0x08000780                EXTI1_IRQHandler
                0x08000780                USART2_IRQHandler
                0x08000780                DFSDM1_FLT0_IRQHandler
                0x08000780                I2C2_ER_IRQHandler
                0x08000780                TIM8_BRK_IRQHandler
                0x08000780                CAN1_SCE_IRQHandler
                0x08000780                FLASH_IRQHandler
                0x08000780                BusFault_Handler
                0x08000780                USART1_IRQHandler
                0x08000780                OTG_FS_IRQHandler
                0x08000780                SPI3_IRQHandler
                0x08000780                DMA2_CH6_IRQHandler
                0x08000780                DMA2_CH3_IRQHandler
                0x08000780                DMA2_CH2_IRQHandler
                0x08000780                I2C1_ER_IRQHandler
                0x08000780                FMC_IRQHandler
                0x08000780                DMA1_CH5_IRQHandler
                0x08000780                DMA2_CH4_IRQHandler
                0x08000780                SWPMI1_IRQHandler
                0x08000780                LPTIM1_IRQHandler
                0x08000780                SAI1_IRQHandler
                0x08000780                TIM1_BRK_TIM15_IRQHandler
 .text.SPI_PeripheralControl
                0x08000782       0x38 ./drivers/src/STM32_Spi_Driver.o
                0x08000782                SPI_PeripheralControl
 *fill*         0x080007ba        0x2 
 .text.SPI_PeriClockControl
                0x080007bc       0xb0 ./drivers/src/STM32_Spi_Driver.o
                0x080007bc                SPI_PeriClockControl
 .text.SPI_Init
                0x0800086c       0xd4 ./drivers/src/STM32_Spi_Driver.o
                0x0800086c                SPI_Init
 .text.SPI_GetFlagStatus
                0x08000940       0x28 ./drivers/src/STM32_Spi_Driver.o
                0x08000940                SPI_GetFlagStatus
 .text.SPI_ReceiveData
                0x08000968       0x6c ./drivers/src/STM32_Spi_Driver.o
                0x08000968                SPI_ReceiveData
 .text.SPI_SendData
                0x080009d4       0x6e ./drivers/src/STM32_Spi_Driver.o
                0x080009d4                SPI_SendData
 .text.SPI_SSIConfig
                0x08000a42       0x38 ./drivers/src/STM32_Spi_Driver.o
                0x08000a42                SPI_SSIConfig
 *fill*         0x08000a7a        0x2 
 .text.SPI_GPIO_Init
                0x08000a7c       0x8c ./drivers/src/STM32_Spi_Driver.o
                0x08000a7c                SPI_GPIO_Init
 .text.SPI1_Inits
                0x08000b08       0x58 ./drivers/src/STM32_Spi_Driver.o
                0x08000b08                SPI1_Inits
 .text.GPIO_PeriClockControl
                0x08000b60      0x1cc ./drivers/src/stm32l476xx_gpio_driver.o
                0x08000b60                GPIO_PeriClockControl
 .text.GPIO_Init
                0x08000d2c      0x374 ./drivers/src/stm32l476xx_gpio_driver.o
                0x08000d2c                GPIO_Init
 .text.GPIO_WriteToOutputPin
                0x080010a0       0x4a ./drivers/src/stm32l476xx_gpio_driver.o
                0x080010a0                GPIO_WriteToOutputPin
 *fill*         0x080010ea        0x2 
 .text.GPIO_IRQITConfig
                0x080010ec      0x10c ./drivers/src/stm32l476xx_gpio_driver.o
                0x080010ec                GPIO_IRQITConfig
 .text.GPIO_IRQPriorityConfig
                0x080011f8       0x5c ./drivers/src/stm32l476xx_gpio_driver.o
                0x080011f8                GPIO_IRQPriorityConfig
 .text.GPIO_IRQHandling
                0x08001254       0x40 ./drivers/src/stm32l476xx_gpio_driver.o
                0x08001254                GPIO_IRQHandling
 .text.gpio_pin_init
                0x08001294       0x90 ./drivers/src/stm32l476xx_gpio_driver.o
                0x08001294                gpio_pin_init
 .text.I2C_Init
                0x08001324       0x7c ./drivers/src/stm32l476xx_i2c_driver.o
                0x08001324                I2C_Init
 .text.I2C_MasterSendData
                0x080013a0       0xf0 ./drivers/src/stm32l476xx_i2c_driver.o
                0x080013a0                I2C_MasterSendData
 .text.I2C_MasterReceiveData
                0x08001490      0x102 ./drivers/src/stm32l476xx_i2c_driver.o
                0x08001490                I2C_MasterReceiveData
 *fill*         0x08001592        0x2 
 .text.I2C1_GPIOInits
                0x08001594       0x54 ./drivers/src/stm32l476xx_i2c_driver.o
                0x08001594                I2C1_GPIOInits
 .text.I2C1_Inits
                0x080015e8       0x44 ./drivers/src/stm32l476xx_i2c_driver.o
                0x080015e8                I2C1_Inits
 .text.UART2_GPIOInits
                0x0800162c       0x50 ./drivers/src/stm32l476xx_uart_driver.o
                0x0800162c                UART2_GPIOInits
 .text.UART2_Init
                0x0800167c       0x58 ./drivers/src/stm32l476xx_uart_driver.o
                0x0800167c                UART2_Init
 .text.UART_SendData
                0x080016d4       0x58 ./drivers/src/stm32l476xx_uart_driver.o
                0x080016d4                UART_SendData
 .text.sprintf  0x0800172c       0x44 D:/My_user/STM32CubeIDE_1.19.0/STM32CubeIDE/plugins/com.st.stm32cube.ide.mcu.externaltools.gnu-tools-for-stm32.13.3.rel1.win32_1.0.0.202411081344/tools/bin/../lib/gcc/arm-none-eabi/13.3.1/../../../../arm-none-eabi/lib/thumb/v7e-m+fp/hard\libc_nano.a(libc_a-sprintf.o)
                0x0800172c                siprintf
                0x0800172c                sprintf
 .text.memset   0x08001770       0x10 D:/My_user/STM32CubeIDE_1.19.0/STM32CubeIDE/plugins/com.st.stm32cube.ide.mcu.externaltools.gnu-tools-for-stm32.13.3.rel1.win32_1.0.0.202411081344/tools/bin/../lib/gcc/arm-none-eabi/13.3.1/../../../../arm-none-eabi/lib/thumb/v7e-m+fp/hard\libc_nano.a(libc_a-memset.o)
                0x08001770                memset
 .text.__errno  0x08001780        0xc D:/My_user/STM32CubeIDE_1.19.0/STM32CubeIDE/plugins/com.st.stm32cube.ide.mcu.externaltools.gnu-tools-for-stm32.13.3.rel1.win32_1.0.0.202411081344/tools/bin/../lib/gcc/arm-none-eabi/13.3.1/../../../../arm-none-eabi/lib/thumb/v7e-m+fp/hard\libc_nano.a(libc_a-errno.o)
                0x08001780                __errno
 .text.__libc_init_array
                0x0800178c       0x48 D:/My_user/STM32CubeIDE_1.19.0/STM32CubeIDE/plugins/com.st.stm32cube.ide.mcu.externaltools.gnu-tools-for-stm32.13.3.rel1.win32_1.0.0.202411081344/tools/bin/../lib/gcc/arm-none-eabi/13.3.1/../../../../arm-none-eabi/lib/thumb/v7e-m+fp/hard\libc_nano.a(libc_a-init.o)
                0x0800178c                __libc_init_array
 .text.__retarget_lock_acquire_recursive
                0x080017d4        0x2 D:/My_user/STM32CubeIDE_1.19.0/STM32CubeIDE/plugins/com.st.stm32cube.ide.mcu.externaltools.gnu-tools-for-stm32.13.3.rel1.win32_1.0.0.202411081344/tools/bin/../lib/gcc/arm-none-eabi/13.3.1/../../../../arm-none-eabi/lib/thumb/v7e-m+fp/hard\libc_nano.a(libc_a-lock.o)
                0x080017d4                __retarget_lock_acquire_recursive
 .text.__retarget_lock_release_recursive
                0x080017d6        0x2 D:/My_user/STM32CubeIDE_1.19.0/STM32CubeIDE/plugins/com.st.stm32cube.ide.mcu.externaltools.gnu-tools-for-stm32.13.3.rel1.win32_1.0.0.202411081344/tools/bin/../lib/gcc/arm-none-eabi/13.3.1/../../../../arm-none-eabi/lib/thumb/v7e-m+fp/hard\libc_nano.a(libc_a-lock.o)
                0x080017d6                __retarget_lock_release_recursive
 .text._free_r  0x080017d8       0x94 D:/My_user/STM32CubeIDE_1.19.0/STM32CubeIDE/plugins/com.st.stm32cube.ide.mcu.externaltools.gnu-tools-for-stm32.13.3.rel1.win32_1.0.0.202411081344/tools/bin/../lib/gcc/arm-none-eabi/13.3.1/../../../../arm-none-eabi/lib/thumb/v7e-m+fp/hard\libc_nano.a(libc_a-freer.o)
                0x080017d8                _free_r
 .text.sbrk_aligned
                0x0800186c       0x44 D:/My_user/STM32CubeIDE_1.19.0/STM32CubeIDE/plugins/com.st.stm32cube.ide.mcu.externaltools.gnu-tools-for-stm32.13.3.rel1.win32_1.0.0.202411081344/tools/bin/../lib/gcc/arm-none-eabi/13.3.1/../../../../arm-none-eabi/lib/thumb/v7e-m+fp/hard\libc_nano.a(libc_a-mallocr.o)
 .text._malloc_r
                0x080018b0      0x100 D:/My_user/STM32CubeIDE_1.19.0/STM32CubeIDE/plugins/com.st.stm32cube.ide.mcu.externaltools.gnu-tools-for-stm32.13.3.rel1.win32_1.0.0.202411081344/tools/bin/../lib/gcc/arm-none-eabi/13.3.1/../../../../arm-none-eabi/lib/thumb/v7e-m+fp/hard\libc_nano.a(libc_a-mallocr.o)
                0x080018b0                _malloc_r
 .text.__malloc_lock
                0x080019b0        0xc D:/My_user/STM32CubeIDE_1.19.0/STM32CubeIDE/plugins/com.st.stm32cube.ide.mcu.externaltools.gnu-tools-for-stm32.13.3.rel1.win32_1.0.0.202411081344/tools/bin/../lib/gcc/arm-none-eabi/13.3.1/../../../../arm-none-eabi/lib/thumb/v7e-m+fp/hard\libc_nano.a(libc_a-mlock.o)
                0x080019b0                __malloc_lock
 .text.__malloc_unlock
                0x080019bc        0xc D:/My_user/STM32CubeIDE_1.19.0/STM32CubeIDE/plugins/com.st.stm32cube.ide.mcu.externaltools.gnu-tools-for-stm32.13.3.rel1.win32_1.0.0.202411081344/tools/bin/../lib/gcc/arm-none-eabi/13.3.1/../../../../arm-none-eabi/lib/thumb/v7e-m+fp/hard\libc_nano.a(libc_a-mlock.o)
                0x080019bc                __malloc_unlock
 .text.__ssputs_r
                0x080019c8       0xb6 D:/My_user/STM32CubeIDE_1.19.0/STM32CubeIDE/plugins/com.st.stm32cube.ide.mcu.externaltools.gnu-tools-for-stm32.13.3.rel1.win32_1.0.0.202411081344/tools/bin/../lib/gcc/arm-none-eabi/13.3.1/../../../../arm-none-eabi/lib/thumb/v7e-m+fp/hard\libc_nano.a(libc_a-nano-svfprintf.o)
                0x080019c8                __ssputs_r
 *fill*         0x08001a7e        0x2 
 .text._svfprintf_r
                0x08001a80      0x1f8 D:/My_user/STM32CubeIDE_1.19.0/STM32CubeIDE/plugins/com.st.stm32cube.ide.mcu.externaltools.gnu-tools-for-stm32.13.3.rel1.win32_1.0.0.202411081344/tools/bin/../lib/gcc/arm-none-eabi/13.3.1/../../../../arm-none-eabi/lib/thumb/v7e-m+fp/hard\libc_nano.a(libc_a-nano-svfprintf.o)
                0x08001a80                _svfiprintf_r
                0x08001a80                _svfprintf_r
 .text._printf_common
                0x08001c78       0xda D:/My_user/STM32CubeIDE_1.19.0/STM32CubeIDE/plugins/com.st.stm32cube.ide.mcu.externaltools.gnu-tools-for-stm32.13.3.rel1.win32_1.0.0.202411081344/tools/bin/../lib/gcc/arm-none-eabi/13.3.1/../../../../arm-none-eabi/lib/thumb/v7e-m+fp/hard\libc_nano.a(libc_a-nano-vfprintf_i.o)
                0x08001c78                _printf_common
 *fill*         0x08001d52        0x2 
 .text._printf_i
                0x08001d54      0x23c D:/My_user/STM32CubeIDE_1.19.0/STM32CubeIDE/plugins/com.st.stm32cube.ide.mcu.externaltools.gnu-tools-for-stm32.13.3.rel1.win32_1.0.0.202411081344/tools/bin/../lib/gcc/arm-none-eabi/13.3.1/../../../../arm-none-eabi/lib/thumb/v7e-m+fp/hard\libc_nano.a(libc_a-nano-vfprintf_i.o)
                0x08001d54                _printf_i
 .text.memmove  0x08001f90       0x34 D:/My_user/STM32CubeIDE_1.19.0/STM32CubeIDE/plugins/com.st.stm32cube.ide.mcu.externaltools.gnu-tools-for-stm32.13.3.rel1.win32_1.0.0.202411081344/tools/bin/../lib/gcc/arm-none-eabi/13.3.1/../../../../arm-none-eabi/lib/thumb/v7e-m+fp/hard\libc_nano.a(libc_a-memmove.o)
                0x08001f90                memmove
 .text._sbrk_r  0x08001fc4       0x20 D:/My_user/STM32CubeIDE_1.19.0/STM32CubeIDE/plugins/com.st.stm32cube.ide.mcu.externaltools.gnu-tools-for-stm32.13.3.rel1.win32_1.0.0.202411081344/tools/bin/../lib/gcc/arm-none-eabi/13.3.1/../../../../arm-none-eabi/lib/thumb/v7e-m+fp/hard\libc_nano.a(libc_a-sbrkr.o)
                0x08001fc4                _sbrk_r
 .text.memcpy   0x08001fe4       0x1c D:/My_user/STM32CubeIDE_1.19.0/STM32CubeIDE/plugins/com.st.stm32cube.ide.mcu.externaltools.gnu-tools-for-stm32.13.3.rel1.win32_1.0.0.202411081344/tools/bin/../lib/gcc/arm-none-eabi/13.3.1/../../../../arm-none-eabi/lib/thumb/v7e-m+fp/hard\libc_nano.a(libc_a-memcpy-stub.o)
                0x08001fe4                memcpy
 .text._realloc_r
                0x08002000       0x5c D:/My_user/STM32CubeIDE_1.19.0/STM32CubeIDE/plugins/com.st.stm32cube.ide.mcu.externaltools.gnu-tools-for-stm32.13.3.rel1.win32_1.0.0.202411081344/tools/bin/../lib/gcc/arm-none-eabi/13.3.1/../../../../arm-none-eabi/lib/thumb/v7e-m+fp/hard\libc_nano.a(libc_a-reallocr.o)
                0x08002000                _realloc_r
 .text._malloc_usable_size_r
                0x0800205c       0x10 D:/My_user/STM32CubeIDE_1.19.0/STM32CubeIDE/plugins/com.st.stm32cube.ide.mcu.externaltools.gnu-tools-for-stm32.13.3.rel1.win32_1.0.0.202411081344/tools/bin/../lib/gcc/arm-none-eabi/13.3.1/../../../../arm-none-eabi/lib/thumb/v7e-m+fp/hard\libc_nano.a(libc_a-msizer.o)
                0x0800205c                _malloc_usable_size_r
 *(.glue_7)
 .glue_7        0x0800206c        0x0 linker stubs
 *(.glue_7t)
 .glue_7t       0x0800206c        0x0 linker stubs
 *(.eh_frame)
 .eh_frame      0x0800206c        0x0 D:/My_user/STM32CubeIDE_1.19.0/STM32CubeIDE/plugins/com.st.stm32cube.ide.mcu.externaltools.gnu-tools-for-stm32.13.3.rel1.win32_1.0.0.202411081344/tools/bin/../lib/gcc/arm-none-eabi/13.3.1/thumb/v7e-m+fp/hard/crtbegin.o
 *(.init)
 .init          0x0800206c        0x4 D:/My_user/STM32CubeIDE_1.19.0/STM32CubeIDE/plugins/com.st.stm32cube.ide.mcu.externaltools.gnu-tools-for-stm32.13.3.rel1.win32_1.0.0.202411081344/tools/bin/../lib/gcc/arm-none-eabi/13.3.1/thumb/v7e-m+fp/hard/crti.o
                0x0800206c                _init
 .init          0x08002070        0x8 D:/My_user/STM32CubeIDE_1.19.0/STM32CubeIDE/plugins/com.st.stm32cube.ide.mcu.externaltools.gnu-tools-for-stm32.13.3.rel1.win32_1.0.0.202411081344/tools/bin/../lib/gcc/arm-none-eabi/13.3.1/thumb/v7e-m+fp/hard/crtn.o
 *(.fini)
 .fini          0x08002078        0x4 D:/My_user/STM32CubeIDE_1.19.0/STM32CubeIDE/plugins/com.st.stm32cube.ide.mcu.externaltools.gnu-tools-for-stm32.13.3.rel1.win32_1.0.0.202411081344/tools/bin/../lib/gcc/arm-none-eabi/13.3.1/thumb/v7e-m+fp/hard/crti.o
                0x08002078                _fini
 .fini          0x0800207c        0x8 D:/My_user/STM32CubeIDE_1.19.0/STM32CubeIDE/plugins/com.st.stm32cube.ide.mcu.externaltools.gnu-tools-for-stm32.13.3.rel1.win32_1.0.0.202411081344/tools/bin/../lib/gcc/arm-none-eabi/13.3.1/thumb/v7e-m+fp/hard/crtn.o
                0x08002084                        . = ALIGN (0x4)
                0x08002084                        _etext = .

.vfp11_veneer   0x08002084        0x0
 .vfp11_veneer  0x08002084        0x0 linker stubs

.v4_bx          0x08002084        0x0
 .v4_bx         0x08002084        0x0 linker stubs

.iplt           0x08002084        0x0
 .iplt          0x08002084        0x0 D:/My_user/STM32CubeIDE_1.19.0/STM32CubeIDE/plugins/com.st.stm32cube.ide.mcu.externaltools.gnu-tools-for-stm32.13.3.rel1.win32_1.0.0.202411081344/tools/bin/../lib/gcc/arm-none-eabi/13.3.1/thumb/v7e-m+fp/hard/crtbegin.o

.rodata         0x08002084       0x40
                0x08002084                        . = ALIGN (0x4)
 *(.rodata)
 .rodata        0x08002084        0xb ./Src/main.o
 *(.rodata*)
 .rodata._svfprintf_r.str1.1
                0x0800208f       0x33 D:/My_user/STM32CubeIDE_1.19.0/STM32CubeIDE/plugins/com.st.stm32cube.ide.mcu.externaltools.gnu-tools-for-stm32.13.3.rel1.win32_1.0.0.202411081344/tools/bin/../lib/gcc/arm-none-eabi/13.3.1/../../../../arm-none-eabi/lib/thumb/v7e-m+fp/hard\libc_nano.a(libc_a-nano-svfprintf.o)
                                 0x11 (size before relaxing)
 .rodata._printf_i.str1.1
                0x080020c2       0x22 D:/My_user/STM32CubeIDE_1.19.0/STM32CubeIDE/plugins/com.st.stm32cube.ide.mcu.externaltools.gnu-tools-for-stm32.13.3.rel1.win32_1.0.0.202411081344/tools/bin/../lib/gcc/arm-none-eabi/13.3.1/../../../../arm-none-eabi/lib/thumb/v7e-m+fp/hard\libc_nano.a(libc_a-nano-vfprintf_i.o)
                0x080020e4                        . = ALIGN (0x4)
 *fill*         0x080020c2        0x2 

.ARM.extab      0x080020c4        0x0
                0x080020c4                        . = ALIGN (0x4)
 *(.ARM.extab* .gnu.linkonce.armextab.*)
                0x080020c4                        . = ALIGN (0x4)

.ARM            0x080020c4        0x8
                0x080020c4                        . = ALIGN (0x4)
                0x080020c4                        __exidx_start = .
 *(.ARM.exidx*)
 .ARM.exidx     0x080020c4        0x8 D:/My_user/STM32CubeIDE_1.19.0/STM32CubeIDE/plugins/com.st.stm32cube.ide.mcu.externaltools.gnu-tools-for-stm32.13.3.rel1.win32_1.0.0.202411081344/tools/bin/../lib/gcc/arm-none-eabi/13.3.1/../../../../arm-none-eabi/lib/thumb/v7e-m+fp/hard\libc_nano.a(libc_a-strlen.o)
 .ARM.exidx     0x080020cc        0x0 D:/My_user/STM32CubeIDE_1.19.0/STM32CubeIDE/plugins/com.st.stm32cube.ide.mcu.externaltools.gnu-tools-for-stm32.13.3.rel1.win32_1.0.0.202411081344/tools/bin/../lib/gcc/arm-none-eabi/13.3.1/../../../../arm-none-eabi/lib/thumb/v7e-m+fp/hard\libc_nano.a(libc_a-memchr.o)
                                  0x8 (size before relaxing)
                0x080020cc                        __exidx_end = .
                0x080020cc                        . = ALIGN (0x4)

.preinit_array  0x080020cc        0x0
                0x080020cc                        . = ALIGN (0x4)
                0x080020cc                        PROVIDE (__preinit_array_start = .)
 *(.preinit_array*)
                0x080020cc                        PROVIDE (__preinit_array_end = .)
                0x080020cc                        . = ALIGN (0x4)

.init_array     0x080020cc        0x4
                0x080020cc                        . = ALIGN (0x4)
                0x080020cc                        PROVIDE (__init_array_start = .)
 *(SORT_BY_NAME(.init_array.*))
 *(.init_array*)
 .init_array    0x080020cc        0x4 D:/My_user/STM32CubeIDE_1.19.0/STM32CubeIDE/plugins/com.st.stm32cube.ide.mcu.externaltools.gnu-tools-for-stm32.13.3.rel1.win32_1.0.0.202411081344/tools/bin/../lib/gcc/arm-none-eabi/13.3.1/thumb/v7e-m+fp/hard/crtbegin.o
                0x080020d0                        PROVIDE (__init_array_end = .)
                0x080020d0                        . = ALIGN (0x4)

.fini_array     0x080020d0        0x4
                0x080020d0                        . = ALIGN (0x4)
                [!provide]                        PROVIDE (__fini_array_start = .)
 *(SORT_BY_NAME(.fini_array.*))
 *(.fini_array*)
 .fini_array    0x080020d0        0x4 D:/My_user/STM32CubeIDE_1.19.0/STM32CubeIDE/plugins/com.st.stm32cube.ide.mcu.externaltools.gnu-tools-for-stm32.13.3.rel1.win32_1.0.0.202411081344/tools/bin/../lib/gcc/arm-none-eabi/13.3.1/thumb/v7e-m+fp/hard/crtbegin.o
                [!provide]                        PROVIDE (__fini_array_end = .)
                0x080020d4                        . = ALIGN (0x4)
                0x080020d4                        _sidata = LOADADDR (.data)

.rel.dyn        0x080020d4        0x0
 .rel.iplt      0x080020d4        0x0 D:/My_user/STM32CubeIDE_1.19.0/STM32CubeIDE/plugins/com.st.stm32cube.ide.mcu.externaltools.gnu-tools-for-stm32.13.3.rel1.win32_1.0.0.202411081344/tools/bin/../lib/gcc/arm-none-eabi/13.3.1/thumb/v7e-m+fp/hard/crtbegin.o

.data           0x20000000       0x50 load address 0x080020d4
                0x20000000                        . = ALIGN (0x4)
                0x20000000                        _sdata = .
 *(.data)
 *(.data*)
 .data._impure_ptr
                0x20000000        0x4 D:/My_user/STM32CubeIDE_1.19.0/STM32CubeIDE/plugins/com.st.stm32cube.ide.mcu.externaltools.gnu-tools-for-stm32.13.3.rel1.win32_1.0.0.202411081344/tools/bin/../lib/gcc/arm-none-eabi/13.3.1/../../../../arm-none-eabi/lib/thumb/v7e-m+fp/hard\libc_nano.a(libc_a-impure.o)
                0x20000000                _impure_ptr
 .data._impure_data
                0x20000004       0x4c D:/My_user/STM32CubeIDE_1.19.0/STM32CubeIDE/plugins/com.st.stm32cube.ide.mcu.externaltools.gnu-tools-for-stm32.13.3.rel1.win32_1.0.0.202411081344/tools/bin/../lib/gcc/arm-none-eabi/13.3.1/../../../../arm-none-eabi/lib/thumb/v7e-m+fp/hard\libc_nano.a(libc_a-impure.o)
                0x20000004                _impure_data
 *(.RamFunc)
 *(.RamFunc*)
                0x20000050                        . = ALIGN (0x4)
                0x20000050                        _edata = .
                0x08002124                        _sisram2 = LOADADDR (.sram2)

.igot.plt       0x20000050        0x0 load address 0x08002124
 .igot.plt      0x20000050        0x0 D:/My_user/STM32CubeIDE_1.19.0/STM32CubeIDE/plugins/com.st.stm32cube.ide.mcu.externaltools.gnu-tools-for-stm32.13.3.rel1.win32_1.0.0.202411081344/tools/bin/../lib/gcc/arm-none-eabi/13.3.1/thumb/v7e-m+fp/hard/crtbegin.o

.sram2          0x10000000        0x0 load address 0x08002124
                0x10000000                        . = ALIGN (0x4)
                0x10000000                        _ssram2 = .
 *(.sram2)
 *(.sram2*)
                0x10000000                        . = ALIGN (0x4)
                0x10000000                        _esram2 = .
                0x10000000                        . = ALIGN (0x4)

.bss            0x20000050      0x1bc
                0x20000050                        _sbss = .
                0x20000050                        __bss_start__ = _sbss
 *(.bss)
 .bss           0x20000050       0x1c D:/My_user/STM32CubeIDE_1.19.0/STM32CubeIDE/plugins/com.st.stm32cube.ide.mcu.externaltools.gnu-tools-for-stm32.13.3.rel1.win32_1.0.0.202411081344/tools/bin/../lib/gcc/arm-none-eabi/13.3.1/thumb/v7e-m+fp/hard/crtbegin.o
 *(.bss*)
 .bss.flash_write_addr
                0x2000006c        0x4 ./Src/main.o
                0x2000006c                flash_write_addr
 .bss.config    0x20000070        0x3 ./Src/main.o
                0x20000070                config
 .bss.reg       0x20000073        0x1 ./Src/main.o
                0x20000073                reg
 .bss.data      0x20000074        0x2 ./Src/main.o
                0x20000074                data
 .bss.raw       0x20000076        0x2 ./Src/main.o
                0x20000076                raw
 .bss.exponent  0x20000078        0x2 ./Src/main.o
                0x20000078                exponent
 .bss.mantissa  0x2000007a        0x2 ./Src/main.o
                0x2000007a                mantissa
 .bss.lux       0x2000007c        0x4 ./Src/main.o
                0x2000007c                lux
 .bss.__sbrk_heap_end
                0x20000080        0x4 ./Src/sysmem.o
 .bss.SPI1Handle
                0x20000084       0x20 ./drivers/src/STM32_Spi_Driver.o
                0x20000084                SPI1Handle
 .bss.I2C1Handle
                0x200000a4       0x20 ./drivers/src/stm32l476xx_i2c_driver.o
                0x200000a4                I2C1Handle
 .bss.__sf      0x200000c4      0x138 D:/My_user/STM32CubeIDE_1.19.0/STM32CubeIDE/plugins/com.st.stm32cube.ide.mcu.externaltools.gnu-tools-for-stm32.13.3.rel1.win32_1.0.0.202411081344/tools/bin/../lib/gcc/arm-none-eabi/13.3.1/../../../../arm-none-eabi/lib/thumb/v7e-m+fp/hard\libc_nano.a(libc_a-findfp.o)
                0x200000c4                __sf
 .bss.errno     0x200001fc        0x4 D:/My_user/STM32CubeIDE_1.19.0/STM32CubeIDE/plugins/com.st.stm32cube.ide.mcu.externaltools.gnu-tools-for-stm32.13.3.rel1.win32_1.0.0.202411081344/tools/bin/../lib/gcc/arm-none-eabi/13.3.1/../../../../arm-none-eabi/lib/thumb/v7e-m+fp/hard\libc_nano.a(libc_a-reent.o)
                0x200001fc                errno
 .bss.__lock___malloc_recursive_mutex
                0x20000200        0x1 D:/My_user/STM32CubeIDE_1.19.0/STM32CubeIDE/plugins/com.st.stm32cube.ide.mcu.externaltools.gnu-tools-for-stm32.13.3.rel1.win32_1.0.0.202411081344/tools/bin/../lib/gcc/arm-none-eabi/13.3.1/../../../../arm-none-eabi/lib/thumb/v7e-m+fp/hard\libc_nano.a(libc_a-lock.o)
                0x20000200                __lock___malloc_recursive_mutex
 *fill*         0x20000201        0x3 
 .bss.__malloc_sbrk_start
                0x20000204        0x4 D:/My_user/STM32CubeIDE_1.19.0/STM32CubeIDE/plugins/com.st.stm32cube.ide.mcu.externaltools.gnu-tools-for-stm32.13.3.rel1.win32_1.0.0.202411081344/tools/bin/../lib/gcc/arm-none-eabi/13.3.1/../../../../arm-none-eabi/lib/thumb/v7e-m+fp/hard\libc_nano.a(libc_a-mallocr.o)
                0x20000204                __malloc_sbrk_start
 .bss.__malloc_free_list
                0x20000208        0x4 D:/My_user/STM32CubeIDE_1.19.0/STM32CubeIDE/plugins/com.st.stm32cube.ide.mcu.externaltools.gnu-tools-for-stm32.13.3.rel1.win32_1.0.0.202411081344/tools/bin/../lib/gcc/arm-none-eabi/13.3.1/../../../../arm-none-eabi/lib/thumb/v7e-m+fp/hard\libc_nano.a(libc_a-mallocr.o)
                0x20000208                __malloc_free_list
 *(COMMON)
                0x2000020c                        . = ALIGN (0x4)
                0x2000020c                        _ebss = .
                0x2000020c                        __bss_end__ = _ebss

._user_heap_stack
                0x2000020c      0x604
                0x20000210                        . = ALIGN (0x8)
 *fill*         0x2000020c        0x4 
                [!provide]                        PROVIDE (end = .)
                0x20000210                        PROVIDE (_end = .)
                0x20000410                        . = (. + _Min_Heap_Size)
 *fill*         0x20000210      0x200 
                0x20000810                        . = (. + _Min_Stack_Size)
 *fill*         0x20000410      0x400 
                0x20000810                        . = ALIGN (0x8)

/DISCARD/
 libc.a(*)
 libm.a(*)
 libgcc.a(*)

.ARM.attributes
                0x00000000       0x30
 *(.ARM.attributes)
 .ARM.attributes
                0x00000000       0x22 D:/My_user/STM32CubeIDE_1.19.0/STM32CubeIDE/plugins/com.st.stm32cube.ide.mcu.externaltools.gnu-tools-for-stm32.13.3.rel1.win32_1.0.0.202411081344/tools/bin/../lib/gcc/arm-none-eabi/13.3.1/thumb/v7e-m+fp/hard/crti.o
 .ARM.attributes
                0x00000022       0x34 D:/My_user/STM32CubeIDE_1.19.0/STM32CubeIDE/plugins/com.st.stm32cube.ide.mcu.externaltools.gnu-tools-for-stm32.13.3.rel1.win32_1.0.0.202411081344/tools/bin/../lib/gcc/arm-none-eabi/13.3.1/thumb/v7e-m+fp/hard/crtbegin.o
 .ARM.attributes
                0x00000056       0x34 ./Src/main.o
 .ARM.attributes
                0x0000008a       0x34 ./Src/sysmem.o
 .ARM.attributes
                0x000000be       0x21 ./Startup/startup_stm32l476rgtx.o
 .ARM.attributes
                0x000000df       0x34 ./drivers/src/STM32_Spi_Driver.o
 .ARM.attributes
                0x00000113       0x34 ./drivers/src/stm32l476xx_gpio_driver.o
 .ARM.attributes
                0x00000147       0x34 ./drivers/src/stm32l476xx_i2c_driver.o
 .ARM.attributes
                0x0000017b       0x34 ./drivers/src/stm32l476xx_uart_driver.o
 .ARM.attributes
                0x000001af       0x34 D:/My_user/STM32CubeIDE_1.19.0/STM32CubeIDE/plugins/com.st.stm32cube.ide.mcu.externaltools.gnu-tools-for-stm32.13.3.rel1.win32_1.0.0.202411081344/tools/bin/../lib/gcc/arm-none-eabi/13.3.1/../../../../arm-none-eabi/lib/thumb/v7e-m+fp/hard\libc_nano.a(libc_a-findfp.o)
 .ARM.attributes
                0x000001e3       0x34 D:/My_user/STM32CubeIDE_1.19.0/STM32CubeIDE/plugins/com.st.stm32cube.ide.mcu.externaltools.gnu-tools-for-stm32.13.3.rel1.win32_1.0.0.202411081344/tools/bin/../lib/gcc/arm-none-eabi/13.3.1/../../../../arm-none-eabi/lib/thumb/v7e-m+fp/hard\libc_nano.a(libc_a-sprintf.o)
 .ARM.attributes
                0x00000217       0x34 D:/My_user/STM32CubeIDE_1.19.0/STM32CubeIDE/plugins/com.st.stm32cube.ide.mcu.externaltools.gnu-tools-for-stm32.13.3.rel1.win32_1.0.0.202411081344/tools/bin/../lib/gcc/arm-none-eabi/13.3.1/../../../../arm-none-eabi/lib/thumb/v7e-m+fp/hard\libc_nano.a(libc_a-memset.o)
 .ARM.attributes
                0x0000024b       0x34 D:/My_user/STM32CubeIDE_1.19.0/STM32CubeIDE/plugins/com.st.stm32cube.ide.mcu.externaltools.gnu-tools-for-stm32.13.3.rel1.win32_1.0.0.202411081344/tools/bin/../lib/gcc/arm-none-eabi/13.3.1/../../../../arm-none-eabi/lib/thumb/v7e-m+fp/hard\libc_nano.a(libc_a-reent.o)
 .ARM.attributes
                0x0000027f       0x34 D:/My_user/STM32CubeIDE_1.19.0/STM32CubeIDE/plugins/com.st.stm32cube.ide.mcu.externaltools.gnu-tools-for-stm32.13.3.rel1.win32_1.0.0.202411081344/tools/bin/../lib/gcc/arm-none-eabi/13.3.1/../../../../arm-none-eabi/lib/thumb/v7e-m+fp/hard\libc_nano.a(libc_a-impure.o)
 .ARM.attributes
                0x000002b3       0x34 D:/My_user/STM32CubeIDE_1.19.0/STM32CubeIDE/plugins/com.st.stm32cube.ide.mcu.externaltools.gnu-tools-for-stm32.13.3.rel1.win32_1.0.0.202411081344/tools/bin/../lib/gcc/arm-none-eabi/13.3.1/../../../../arm-none-eabi/lib/thumb/v7e-m+fp/hard\libc_nano.a(libc_a-errno.o)
 .ARM.attributes
                0x000002e7       0x34 D:/My_user/STM32CubeIDE_1.19.0/STM32CubeIDE/plugins/com.st.stm32cube.ide.mcu.externaltools.gnu-tools-for-stm32.13.3.rel1.win32_1.0.0.202411081344/tools/bin/../lib/gcc/arm-none-eabi/13.3.1/../../../../arm-none-eabi/lib/thumb/v7e-m+fp/hard\libc_nano.a(libc_a-init.o)
 .ARM.attributes
                0x0000031b       0x34 D:/My_user/STM32CubeIDE_1.19.0/STM32CubeIDE/plugins/com.st.stm32cube.ide.mcu.externaltools.gnu-tools-for-stm32.13.3.rel1.win32_1.0.0.202411081344/tools/bin/../lib/gcc/arm-none-eabi/13.3.1/../../../../arm-none-eabi/lib/thumb/v7e-m+fp/hard\libc_nano.a(libc_a-lock.o)
 .ARM.attributes
                0x0000034f       0x17 D:/My_user/STM32CubeIDE_1.19.0/STM32CubeIDE/plugins/com.st.stm32cube.ide.mcu.externaltools.gnu-tools-for-stm32.13.3.rel1.win32_1.0.0.202411081344/tools/bin/../lib/gcc/arm-none-eabi/13.3.1/../../../../arm-none-eabi/lib/thumb/v7e-m+fp/hard\libc_nano.a(libc_a-strlen.o)
 .ARM.attributes
                0x00000366       0x34 D:/My_user/STM32CubeIDE_1.19.0/STM32CubeIDE/plugins/com.st.stm32cube.ide.mcu.externaltools.gnu-tools-for-stm32.13.3.rel1.win32_1.0.0.202411081344/tools/bin/../lib/gcc/arm-none-eabi/13.3.1/../../../../arm-none-eabi/lib/thumb/v7e-m+fp/hard\libc_nano.a(libc_a-freer.o)
 .ARM.attributes
                0x0000039a       0x34 D:/My_user/STM32CubeIDE_1.19.0/STM32CubeIDE/plugins/com.st.stm32cube.ide.mcu.externaltools.gnu-tools-for-stm32.13.3.rel1.win32_1.0.0.202411081344/tools/bin/../lib/gcc/arm-none-eabi/13.3.1/../../../../arm-none-eabi/lib/thumb/v7e-m+fp/hard\libc_nano.a(libc_a-mallocr.o)
 .ARM.attributes
                0x000003ce       0x34 D:/My_user/STM32CubeIDE_1.19.0/STM32CubeIDE/plugins/com.st.stm32cube.ide.mcu.externaltools.gnu-tools-for-stm32.13.3.rel1.win32_1.0.0.202411081344/tools/bin/../lib/gcc/arm-none-eabi/13.3.1/../../../../arm-none-eabi/lib/thumb/v7e-m+fp/hard\libc_nano.a(libc_a-mlock.o)
 .ARM.attributes
                0x00000402       0x34 D:/My_user/STM32CubeIDE_1.19.0/STM32CubeIDE/plugins/com.st.stm32cube.ide.mcu.externaltools.gnu-tools-for-stm32.13.3.rel1.win32_1.0.0.202411081344/tools/bin/../lib/gcc/arm-none-eabi/13.3.1/../../../../arm-none-eabi/lib/thumb/v7e-m+fp/hard\libc_nano.a(libc_a-nano-svfprintf.o)
 .ARM.attributes
                0x00000436       0x34 D:/My_user/STM32CubeIDE_1.19.0/STM32CubeIDE/plugins/com.st.stm32cube.ide.mcu.externaltools.gnu-tools-for-stm32.13.3.rel1.win32_1.0.0.202411081344/tools/bin/../lib/gcc/arm-none-eabi/13.3.1/../../../../arm-none-eabi/lib/thumb/v7e-m+fp/hard\libc_nano.a(libc_a-nano-vfprintf_i.o)
 .ARM.attributes
                0x0000046a       0x34 D:/My_user/STM32CubeIDE_1.19.0/STM32CubeIDE/plugins/com.st.stm32cube.ide.mcu.externaltools.gnu-tools-for-stm32.13.3.rel1.win32_1.0.0.202411081344/tools/bin/../lib/gcc/arm-none-eabi/13.3.1/../../../../arm-none-eabi/lib/thumb/v7e-m+fp/hard\libc_nano.a(libc_a-memmove.o)
 .ARM.attributes
                0x0000049e       0x34 D:/My_user/STM32CubeIDE_1.19.0/STM32CubeIDE/plugins/com.st.stm32cube.ide.mcu.externaltools.gnu-tools-for-stm32.13.3.rel1.win32_1.0.0.202411081344/tools/bin/../lib/gcc/arm-none-eabi/13.3.1/../../../../arm-none-eabi/lib/thumb/v7e-m+fp/hard\libc_nano.a(libc_a-sbrkr.o)
 .ARM.attributes
                0x000004d2       0x1c D:/My_user/STM32CubeIDE_1.19.0/STM32CubeIDE/plugins/com.st.stm32cube.ide.mcu.externaltools.gnu-tools-for-stm32.13.3.rel1.win32_1.0.0.202411081344/tools/bin/../lib/gcc/arm-none-eabi/13.3.1/../../../../arm-none-eabi/lib/thumb/v7e-m+fp/hard\libc_nano.a(libc_a-memchr.o)
 .ARM.attributes
                0x000004ee       0x34 D:/My_user/STM32CubeIDE_1.19.0/STM32CubeIDE/plugins/com.st.stm32cube.ide.mcu.externaltools.gnu-tools-for-stm32.13.3.rel1.win32_1.0.0.202411081344/tools/bin/../lib/gcc/arm-none-eabi/13.3.1/../../../../arm-none-eabi/lib/thumb/v7e-m+fp/hard\libc_nano.a(libc_a-memcpy-stub.o)
 .ARM.attributes
                0x00000522       0x34 D:/My_user/STM32CubeIDE_1.19.0/STM32CubeIDE/plugins/com.st.stm32cube.ide.mcu.externaltools.gnu-tools-for-stm32.13.3.rel1.win32_1.0.0.202411081344/tools/bin/../lib/gcc/arm-none-eabi/13.3.1/../../../../arm-none-eabi/lib/thumb/v7e-m+fp/hard\libc_nano.a(libc_a-reallocr.o)
 .ARM.attributes
                0x00000556       0x34 D:/My_user/STM32CubeIDE_1.19.0/STM32CubeIDE/plugins/com.st.stm32cube.ide.mcu.externaltools.gnu-tools-for-stm32.13.3.rel1.win32_1.0.0.202411081344/tools/bin/../lib/gcc/arm-none-eabi/13.3.1/../../../../arm-none-eabi/lib/thumb/v7e-m+fp/hard\libc_nano.a(libc_a-msizer.o)
 .ARM.attributes
                0x0000058a       0x22 D:/My_user/STM32CubeIDE_1.19.0/STM32CubeIDE/plugins/com.st.stm32cube.ide.mcu.externaltools.gnu-tools-for-stm32.13.3.rel1.win32_1.0.0.202411081344/tools/bin/../lib/gcc/arm-none-eabi/13.3.1/thumb/v7e-m+fp/hard/crtn.o
OUTPUT(Bmtl_Integration_Project.elf elf32-littlearm)
LOAD linker stubs
LOAD D:/My_user/STM32CubeIDE_1.19.0/STM32CubeIDE/plugins/com.st.stm32cube.ide.mcu.externaltools.gnu-tools-for-stm32.13.3.rel1.win32_1.0.0.202411081344/tools/bin/../lib/gcc/arm-none-eabi/13.3.1/../../../../arm-none-eabi/lib/thumb/v7e-m+fp/hard\libc.a
LOAD D:/My_user/STM32CubeIDE_1.19.0/STM32CubeIDE/plugins/com.st.stm32cube.ide.mcu.externaltools.gnu-tools-for-stm32.13.3.rel1.win32_1.0.0.202411081344/tools/bin/../lib/gcc/arm-none-eabi/13.3.1/../../../../arm-none-eabi/lib/thumb/v7e-m+fp/hard\libm.a
LOAD D:/My_user/STM32CubeIDE_1.19.0/STM32CubeIDE/plugins/com.st.stm32cube.ide.mcu.externaltools.gnu-tools-for-stm32.13.3.rel1.win32_1.0.0.202411081344/tools/bin/../lib/gcc/arm-none-eabi/13.3.1/thumb/v7e-m+fp/hard\libgcc.a

.debug_info     0x00000000     0x280f
 .debug_info    0x00000000      0x850 ./Src/main.o
 .debug_info    0x00000850      0x168 ./Src/sysmem.o
 .debug_info    0x000009b8       0x30 ./Startup/startup_stm32l476rgtx.o
 .debug_info    0x000009e8      0x983 ./drivers/src/STM32_Spi_Driver.o
 .debug_info    0x0000136b      0x868 ./drivers/src/stm32l476xx_gpio_driver.o
 .debug_info    0x00001bd3      0x6fc ./drivers/src/stm32l476xx_i2c_driver.o
 .debug_info    0x000022cf      0x540 ./drivers/src/stm32l476xx_uart_driver.o

.debug_abbrev   0x00000000      0x946
 .debug_abbrev  0x00000000      0x238 ./Src/main.o
 .debug_abbrev  0x00000238       0xbc ./Src/sysmem.o
 .debug_abbrev  0x000002f4       0x24 ./Startup/startup_stm32l476rgtx.o
 .debug_abbrev  0x00000318      0x1f6 ./drivers/src/STM32_Spi_Driver.o
 .debug_abbrev  0x0000050e      0x159 ./drivers/src/stm32l476xx_gpio_driver.o
 .debug_abbrev  0x00000667      0x17d ./drivers/src/stm32l476xx_i2c_driver.o
 .debug_abbrev  0x000007e4      0x162 ./drivers/src/stm32l476xx_uart_driver.o

.debug_aranges  0x00000000      0x268
 .debug_aranges
                0x00000000       0x78 ./Src/main.o
 .debug_aranges
                0x00000078       0x20 ./Src/sysmem.o
 .debug_aranges
                0x00000098       0x28 ./Startup/startup_stm32l476rgtx.o
 .debug_aranges
                0x000000c0       0xa8 ./drivers/src/STM32_Spi_Driver.o
 .debug_aranges
                0x00000168       0x78 ./drivers/src/stm32l476xx_gpio_driver.o
 .debug_aranges
                0x000001e0       0x50 ./drivers/src/stm32l476xx_i2c_driver.o
 .debug_aranges
                0x00000230       0x38 ./drivers/src/stm32l476xx_uart_driver.o

.debug_rnglists
                0x00000000      0x1ca
 .debug_rnglists
                0x00000000       0x64 ./Src/main.o
 .debug_rnglists
                0x00000064       0x13 ./Src/sysmem.o
 .debug_rnglists
                0x00000077       0x19 ./Startup/startup_stm32l476rgtx.o
 .debug_rnglists
                0x00000090       0x81 ./drivers/src/STM32_Spi_Driver.o
 .debug_rnglists
                0x00000111       0x5a ./drivers/src/stm32l476xx_gpio_driver.o
 .debug_rnglists
                0x0000016b       0x3a ./drivers/src/stm32l476xx_i2c_driver.o
 .debug_rnglists
                0x000001a5       0x25 ./drivers/src/stm32l476xx_uart_driver.o

.debug_macro    0x00000000     0x2af9
 .debug_macro   0x00000000      0x1af ./Src/main.o
 .debug_macro   0x000001af      0xae4 ./Src/main.o
 .debug_macro   0x00000c93       0x22 ./Src/main.o
 .debug_macro   0x00000cb5       0x8e ./Src/main.o
 .debug_macro   0x00000d43       0x51 ./Src/main.o
 .debug_macro   0x00000d94      0x103 ./Src/main.o
 .debug_macro   0x00000e97       0x6a ./Src/main.o
 .debug_macro   0x00000f01      0x1df ./Src/main.o
 .debug_macro   0x000010e0      0x465 ./Src/main.o
 .debug_macro   0x00001545       0xc4 ./Src/main.o
 .debug_macro   0x00001609       0xf5 ./Src/main.o
 .debug_macro   0x000016fe       0xb2 ./Src/main.o
 .debug_macro   0x000017b0       0x2e ./Src/main.o
 .debug_macro   0x000017de       0x61 ./Src/main.o
 .debug_macro   0x0000183f       0x2a ./Src/main.o
 .debug_macro   0x00001869       0x43 ./Src/main.o
 .debug_macro   0x000018ac       0x34 ./Src/main.o
 .debug_macro   0x000018e0      0x190 ./Src/main.o
 .debug_macro   0x00001a70      0x370 ./Src/main.o
 .debug_macro   0x00001de0       0x16 ./Src/main.o
 .debug_macro   0x00001df6       0x4a ./Src/main.o
 .debug_macro   0x00001e40       0x34 ./Src/main.o
 .debug_macro   0x00001e74       0x10 ./Src/main.o
 .debug_macro   0x00001e84       0x58 ./Src/main.o
 .debug_macro   0x00001edc       0x8e ./Src/main.o
 .debug_macro   0x00001f6a       0x1c ./Src/main.o
 .debug_macro   0x00001f86      0x185 ./Src/main.o
 .debug_macro   0x0000210b       0x10 ./Src/main.o
 .debug_macro   0x0000211b       0x3c ./Src/main.o
 .debug_macro   0x00002157       0x20 ./Src/main.o
 .debug_macro   0x00002177       0x1c ./Src/main.o
 .debug_macro   0x00002193       0x10 ./Src/main.o
 .debug_macro   0x000021a3       0x1c ./Src/main.o
 .debug_macro   0x000021bf       0x16 ./Src/main.o
 .debug_macro   0x000021d5      0x146 ./Src/main.o
 .debug_macro   0x0000231b      0x112 ./Src/sysmem.o
 .debug_macro   0x0000242d      0x23c ./Src/sysmem.o
 .debug_macro   0x00002669       0x8e ./drivers/src/STM32_Spi_Driver.o
 .debug_macro   0x000026f7       0xef ./drivers/src/STM32_Spi_Driver.o
 .debug_macro   0x000027e6       0xca ./drivers/src/STM32_Spi_Driver.o
 .debug_macro   0x000028b0       0x81 ./drivers/src/stm32l476xx_gpio_driver.o
 .debug_macro   0x00002931       0x8e ./drivers/src/stm32l476xx_i2c_driver.o
 .debug_macro   0x000029bf       0xac ./drivers/src/stm32l476xx_i2c_driver.o
 .debug_macro   0x00002a6b       0x8e ./drivers/src/stm32l476xx_uart_driver.o

.debug_line     0x00000000     0x3212
 .debug_line    0x00000000      0x8b9 ./Src/main.o
 .debug_line    0x000008b9      0x59c ./Src/sysmem.o
 .debug_line    0x00000e55       0x7b ./Startup/startup_stm32l476rgtx.o
 .debug_line    0x00000ed0      0xaf3 ./drivers/src/STM32_Spi_Driver.o
 .debug_line    0x000019c3      0xa95 ./drivers/src/stm32l476xx_gpio_driver.o
 .debug_line    0x00002458      0x812 ./drivers/src/stm32l476xx_i2c_driver.o
 .debug_line    0x00002c6a      0x5a8 ./drivers/src/stm32l476xx_uart_driver.o

.debug_str      0x00000000     0xa5b4
 .debug_str     0x00000000     0xa5b4 ./Src/main.o
                               0x9c2a (size before relaxing)
 .debug_str     0x0000a5b4     0x778a ./Src/sysmem.o
 .debug_str     0x0000a5b4       0x6b ./Startup/startup_stm32l476rgtx.o
 .debug_str     0x0000a5b4     0x5f11 ./drivers/src/STM32_Spi_Driver.o
 .debug_str     0x0000a5b4     0x5aea ./drivers/src/stm32l476xx_gpio_driver.o
 .debug_str     0x0000a5b4     0x5ca7 ./drivers/src/stm32l476xx_i2c_driver.o
 .debug_str     0x0000a5b4     0x59e8 ./drivers/src/stm32l476xx_uart_driver.o

.comment        0x00000000       0x43
 .comment       0x00000000       0x43 ./Src/main.o
                                 0x44 (size before relaxing)
 .comment       0x00000043       0x44 ./Src/sysmem.o
 .comment       0x00000043       0x44 ./drivers/src/STM32_Spi_Driver.o
 .comment       0x00000043       0x44 ./drivers/src/stm32l476xx_gpio_driver.o
 .comment       0x00000043       0x44 ./drivers/src/stm32l476xx_i2c_driver.o
 .comment       0x00000043       0x44 ./drivers/src/stm32l476xx_uart_driver.o

.debug_frame    0x00000000      0xdd0
 .debug_frame   0x00000000      0x1b0 ./Src/main.o
 .debug_frame   0x000001b0       0x34 ./Src/sysmem.o
 .debug_frame   0x000001e4      0x2c0 ./drivers/src/STM32_Spi_Driver.o
 .debug_frame   0x000004a4      0x1ec ./drivers/src/stm32l476xx_gpio_driver.o
 .debug_frame   0x00000690      0x118 ./drivers/src/stm32l476xx_i2c_driver.o
 .debug_frame   0x000007a8       0x9c ./drivers/src/stm32l476xx_uart_driver.o
 .debug_frame   0x00000844      0x144 D:/My_user/STM32CubeIDE_1.19.0/STM32CubeIDE/plugins/com.st.stm32cube.ide.mcu.externaltools.gnu-tools-for-stm32.13.3.rel1.win32_1.0.0.202411081344/tools/bin/../lib/gcc/arm-none-eabi/13.3.1/../../../../arm-none-eabi/lib/thumb/v7e-m+fp/hard\libc_nano.a(libc_a-findfp.o)
 .debug_frame   0x00000988       0x74 D:/My_user/STM32CubeIDE_1.19.0/STM32CubeIDE/plugins/com.st.stm32cube.ide.mcu.externaltools.gnu-tools-for-stm32.13.3.rel1.win32_1.0.0.202411081344/tools/bin/../lib/gcc/arm-none-eabi/13.3.1/../../../../arm-none-eabi/lib/thumb/v7e-m+fp/hard\libc_nano.a(libc_a-sprintf.o)
 .debug_frame   0x000009fc       0x20 D:/My_user/STM32CubeIDE_1.19.0/STM32CubeIDE/plugins/com.st.stm32cube.ide.mcu.externaltools.gnu-tools-for-stm32.13.3.rel1.win32_1.0.0.202411081344/tools/bin/../lib/gcc/arm-none-eabi/13.3.1/../../../../arm-none-eabi/lib/thumb/v7e-m+fp/hard\libc_nano.a(libc_a-memset.o)
 .debug_frame   0x00000a1c       0x38 D:/My_user/STM32CubeIDE_1.19.0/STM32CubeIDE/plugins/com.st.stm32cube.ide.mcu.externaltools.gnu-tools-for-stm32.13.3.rel1.win32_1.0.0.202411081344/tools/bin/../lib/gcc/arm-none-eabi/13.3.1/../../../../arm-none-eabi/lib/thumb/v7e-m+fp/hard\libc_nano.a(libc_a-reent.o)
 .debug_frame   0x00000a54       0x20 D:/My_user/STM32CubeIDE_1.19.0/STM32CubeIDE/plugins/com.st.stm32cube.ide.mcu.externaltools.gnu-tools-for-stm32.13.3.rel1.win32_1.0.0.202411081344/tools/bin/../lib/gcc/arm-none-eabi/13.3.1/../../../../arm-none-eabi/lib/thumb/v7e-m+fp/hard\libc_nano.a(libc_a-errno.o)
 .debug_frame   0x00000a74       0x2c D:/My_user/STM32CubeIDE_1.19.0/STM32CubeIDE/plugins/com.st.stm32cube.ide.mcu.externaltools.gnu-tools-for-stm32.13.3.rel1.win32_1.0.0.202411081344/tools/bin/../lib/gcc/arm-none-eabi/13.3.1/../../../../arm-none-eabi/lib/thumb/v7e-m+fp/hard\libc_nano.a(libc_a-init.o)
 .debug_frame   0x00000aa0       0xb0 D:/My_user/STM32CubeIDE_1.19.0/STM32CubeIDE/plugins/com.st.stm32cube.ide.mcu.externaltools.gnu-tools-for-stm32.13.3.rel1.win32_1.0.0.202411081344/tools/bin/../lib/gcc/arm-none-eabi/13.3.1/../../../../arm-none-eabi/lib/thumb/v7e-m+fp/hard\libc_nano.a(libc_a-lock.o)
 .debug_frame   0x00000b50       0x38 D:/My_user/STM32CubeIDE_1.19.0/STM32CubeIDE/plugins/com.st.stm32cube.ide.mcu.externaltools.gnu-tools-for-stm32.13.3.rel1.win32_1.0.0.202411081344/tools/bin/../lib/gcc/arm-none-eabi/13.3.1/../../../../arm-none-eabi/lib/thumb/v7e-m+fp/hard\libc_nano.a(libc_a-freer.o)
 .debug_frame   0x00000b88       0x50 D:/My_user/STM32CubeIDE_1.19.0/STM32CubeIDE/plugins/com.st.stm32cube.ide.mcu.externaltools.gnu-tools-for-stm32.13.3.rel1.win32_1.0.0.202411081344/tools/bin/../lib/gcc/arm-none-eabi/13.3.1/../../../../arm-none-eabi/lib/thumb/v7e-m+fp/hard\libc_nano.a(libc_a-mallocr.o)
 .debug_frame   0x00000bd8       0x30 D:/My_user/STM32CubeIDE_1.19.0/STM32CubeIDE/plugins/com.st.stm32cube.ide.mcu.externaltools.gnu-tools-for-stm32.13.3.rel1.win32_1.0.0.202411081344/tools/bin/../lib/gcc/arm-none-eabi/13.3.1/../../../../arm-none-eabi/lib/thumb/v7e-m+fp/hard\libc_nano.a(libc_a-mlock.o)
 .debug_frame   0x00000c08       0x90 D:/My_user/STM32CubeIDE_1.19.0/STM32CubeIDE/plugins/com.st.stm32cube.ide.mcu.externaltools.gnu-tools-for-stm32.13.3.rel1.win32_1.0.0.202411081344/tools/bin/../lib/gcc/arm-none-eabi/13.3.1/../../../../arm-none-eabi/lib/thumb/v7e-m+fp/hard\libc_nano.a(libc_a-nano-svfprintf.o)
 .debug_frame   0x00000c98       0x60 D:/My_user/STM32CubeIDE_1.19.0/STM32CubeIDE/plugins/com.st.stm32cube.ide.mcu.externaltools.gnu-tools-for-stm32.13.3.rel1.win32_1.0.0.202411081344/tools/bin/../lib/gcc/arm-none-eabi/13.3.1/../../../../arm-none-eabi/lib/thumb/v7e-m+fp/hard\libc_nano.a(libc_a-nano-vfprintf_i.o)
 .debug_frame   0x00000cf8       0x28 D:/My_user/STM32CubeIDE_1.19.0/STM32CubeIDE/plugins/com.st.stm32cube.ide.mcu.externaltools.gnu-tools-for-stm32.13.3.rel1.win32_1.0.0.202411081344/tools/bin/../lib/gcc/arm-none-eabi/13.3.1/../../../../arm-none-eabi/lib/thumb/v7e-m+fp/hard\libc_nano.a(libc_a-memmove.o)
 .debug_frame   0x00000d20       0x2c D:/My_user/STM32CubeIDE_1.19.0/STM32CubeIDE/plugins/com.st.stm32cube.ide.mcu.externaltools.gnu-tools-for-stm32.13.3.rel1.win32_1.0.0.202411081344/tools/bin/../lib/gcc/arm-none-eabi/13.3.1/../../../../arm-none-eabi/lib/thumb/v7e-m+fp/hard\libc_nano.a(libc_a-sbrkr.o)
 .debug_frame   0x00000d4c       0x28 D:/My_user/STM32CubeIDE_1.19.0/STM32CubeIDE/plugins/com.st.stm32cube.ide.mcu.externaltools.gnu-tools-for-stm32.13.3.rel1.win32_1.0.0.202411081344/tools/bin/../lib/gcc/arm-none-eabi/13.3.1/../../../../arm-none-eabi/lib/thumb/v7e-m+fp/hard\libc_nano.a(libc_a-memcpy-stub.o)
 .debug_frame   0x00000d74       0x3c D:/My_user/STM32CubeIDE_1.19.0/STM32CubeIDE/plugins/com.st.stm32cube.ide.mcu.externaltools.gnu-tools-for-stm32.13.3.rel1.win32_1.0.0.202411081344/tools/bin/../lib/gcc/arm-none-eabi/13.3.1/../../../../arm-none-eabi/lib/thumb/v7e-m+fp/hard\libc_nano.a(libc_a-reallocr.o)
 .debug_frame   0x00000db0       0x20 D:/My_user/STM32CubeIDE_1.19.0/STM32CubeIDE/plugins/com.st.stm32cube.ide.mcu.externaltools.gnu-tools-for-stm32.13.3.rel1.win32_1.0.0.202411081344/tools/bin/../lib/gcc/arm-none-eabi/13.3.1/../../../../arm-none-eabi/lib/thumb/v7e-m+fp/hard\libc_nano.a(libc_a-msizer.o)

.debug_line_str
                0x00000000       0x4f
 .debug_line_str
                0x00000000       0x4f ./Startup/startup_stm32l476rgtx.o
