Archive member included to satisfy reference by file (symbol)

D:/My_user/STM32CubeIDE_1.19.0/STM32CubeIDE/plugins/com.st.stm32cube.ide.mcu.externaltools.gnu-tools-for-stm32.13.3.rel1.win32_1.0.0.202411081344/tools/bin/../lib/gcc/arm-none-eabi/13.3.1/../../../../arm-none-eabi/lib/thumb/v7e-m+fp/hard\libc_nano.a(libc_a-exit.o)
                              D:/My_user/STM32CubeIDE_1.19.0/STM32CubeIDE/plugins/com.st.stm32cube.ide.mcu.externaltools.gnu-tools-for-stm32.13.3.rel1.win32_1.0.0.202411081344/tools/bin/../lib/gcc/arm-none-eabi/13.3.1/../../../../arm-none-eabi/lib/thumb/v7e-m+fp/hard/crt0.o (exit)
D:/My_user/STM32CubeIDE_1.19.0/STM32CubeIDE/plugins/com.st.stm32cube.ide.mcu.externaltools.gnu-tools-for-stm32.13.3.rel1.win32_1.0.0.202411081344/tools/bin/../lib/gcc/arm-none-eabi/13.3.1/../../../../arm-none-eabi/lib/thumb/v7e-m+fp/hard\libc_nano.a(libc_a-findfp.o)
                              D:/My_user/STM32CubeIDE_1.19.0/STM32CubeIDE/plugins/com.st.stm32cube.ide.mcu.externaltools.gnu-tools-for-stm32.13.3.rel1.win32_1.0.0.202411081344/tools/bin/../lib/gcc/arm-none-eabi/13.3.1/../../../../arm-none-eabi/lib/thumb/v7e-m+fp/hard\libc_nano.a(libc_a-exit.o) (__stdio_exit_handler)
D:/My_user/STM32CubeIDE_1.19.0/STM32CubeIDE/plugins/com.st.stm32cube.ide.mcu.externaltools.gnu-tools-for-stm32.13.3.rel1.win32_1.0.0.202411081344/tools/bin/../lib/gcc/arm-none-eabi/13.3.1/../../../../arm-none-eabi/lib/thumb/v7e-m+fp/hard\libc_nano.a(libc_a-fwalk.o)
                              D:/My_user/STM32CubeIDE_1.19.0/STM32CubeIDE/plugins/com.st.stm32cube.ide.mcu.externaltools.gnu-tools-for-stm32.13.3.rel1.win32_1.0.0.202411081344/tools/bin/../lib/gcc/arm-none-eabi/13.3.1/../../../../arm-none-eabi/lib/thumb/v7e-m+fp/hard\libc_nano.a(libc_a-findfp.o) (_fwalk_sglue)
D:/My_user/STM32CubeIDE_1.19.0/STM32CubeIDE/plugins/com.st.stm32cube.ide.mcu.externaltools.gnu-tools-for-stm32.13.3.rel1.win32_1.0.0.202411081344/tools/bin/../lib/gcc/arm-none-eabi/13.3.1/../../../../arm-none-eabi/lib/thumb/v7e-m+fp/hard\libc_nano.a(libc_a-stdio.o)
                              D:/My_user/STM32CubeIDE_1.19.0/STM32CubeIDE/plugins/com.st.stm32cube.ide.mcu.externaltools.gnu-tools-for-stm32.13.3.rel1.win32_1.0.0.202411081344/tools/bin/../lib/gcc/arm-none-eabi/13.3.1/../../../../arm-none-eabi/lib/thumb/v7e-m+fp/hard\libc_nano.a(libc_a-findfp.o) (__sread)
D:/My_user/STM32CubeIDE_1.19.0/STM32CubeIDE/plugins/com.st.stm32cube.ide.mcu.externaltools.gnu-tools-for-stm32.13.3.rel1.win32_1.0.0.202411081344/tools/bin/../lib/gcc/arm-none-eabi/13.3.1/../../../../arm-none-eabi/lib/thumb/v7e-m+fp/hard\libc_nano.a(libc_a-memset.o)
                              D:/My_user/STM32CubeIDE_1.19.0/STM32CubeIDE/plugins/com.st.stm32cube.ide.mcu.externaltools.gnu-tools-for-stm32.13.3.rel1.win32_1.0.0.202411081344/tools/bin/../lib/gcc/arm-none-eabi/13.3.1/../../../../arm-none-eabi/lib/thumb/v7e-m+fp/hard/crt0.o (memset)
D:/My_user/STM32CubeIDE_1.19.0/STM32CubeIDE/plugins/com.st.stm32cube.ide.mcu.externaltools.gnu-tools-for-stm32.13.3.rel1.win32_1.0.0.202411081344/tools/bin/../lib/gcc/arm-none-eabi/13.3.1/../../../../arm-none-eabi/lib/thumb/v7e-m+fp/hard\libc_nano.a(libc_a-closer.o)
                              D:/My_user/STM32CubeIDE_1.19.0/STM32CubeIDE/plugins/com.st.stm32cube.ide.mcu.externaltools.gnu-tools-for-stm32.13.3.rel1.win32_1.0.0.202411081344/tools/bin/../lib/gcc/arm-none-eabi/13.3.1/../../../../arm-none-eabi/lib/thumb/v7e-m+fp/hard\libc_nano.a(libc_a-stdio.o) (_close_r)
D:/My_user/STM32CubeIDE_1.19.0/STM32CubeIDE/plugins/com.st.stm32cube.ide.mcu.externaltools.gnu-tools-for-stm32.13.3.rel1.win32_1.0.0.202411081344/tools/bin/../lib/gcc/arm-none-eabi/13.3.1/../../../../arm-none-eabi/lib/thumb/v7e-m+fp/hard\libc_nano.a(libc_a-reent.o)
                              D:/My_user/STM32CubeIDE_1.19.0/STM32CubeIDE/plugins/com.st.stm32cube.ide.mcu.externaltools.gnu-tools-for-stm32.13.3.rel1.win32_1.0.0.202411081344/tools/bin/../lib/gcc/arm-none-eabi/13.3.1/../../../../arm-none-eabi/lib/thumb/v7e-m+fp/hard\libc_nano.a(libc_a-closer.o) (errno)
D:/My_user/STM32CubeIDE_1.19.0/STM32CubeIDE/plugins/com.st.stm32cube.ide.mcu.externaltools.gnu-tools-for-stm32.13.3.rel1.win32_1.0.0.202411081344/tools/bin/../lib/gcc/arm-none-eabi/13.3.1/../../../../arm-none-eabi/lib/thumb/v7e-m+fp/hard\libc_nano.a(libc_a-impure.o)
                              D:/My_user/STM32CubeIDE_1.19.0/STM32CubeIDE/plugins/com.st.stm32cube.ide.mcu.externaltools.gnu-tools-for-stm32.13.3.rel1.win32_1.0.0.202411081344/tools/bin/../lib/gcc/arm-none-eabi/13.3.1/../../../../arm-none-eabi/lib/thumb/v7e-m+fp/hard\libc_nano.a(libc_a-reent.o) (_impure_ptr)
D:/My_user/STM32CubeIDE_1.19.0/STM32CubeIDE/plugins/com.st.stm32cube.ide.mcu.externaltools.gnu-tools-for-stm32.13.3.rel1.win32_1.0.0.202411081344/tools/bin/../lib/gcc/arm-none-eabi/13.3.1/../../../../arm-none-eabi/lib/thumb/v7e-m+fp/hard\libc_nano.a(libc_a-lseekr.o)
[...]
Memory Configuration

Name             Origin             Length             Attributes
RAM              0x20000000         0x00018000         xrw
SRAM2            0x10000000         0x00008000         xrw
FLASH            0x08000000         0x00100000         xr
*default*        0x00000000         0xffffffff

Linker script and memory map

LOAD D:/My_user/STM32CubeIDE_1.19.0/STM32CubeIDE/plugins/com.st.stm32cube.ide.mcu.externaltools.gnu-tools-for-stm32.13.3.rel1.win32_1.0.0.202411081344/tools/bin/../lib/gcc/arm-none-eabi/13.3.1/thumb/v7e-m+fp/hard/crti.o
LOAD D:/My_user/STM32CubeIDE_1.19.0/STM32CubeIDE/plugins/com.st.stm32cube.ide.mcu.externaltools.gnu-tools-for-stm32.13.3.rel1.win32_1.0.0.202411081344/tools/bin/../lib/gcc/arm-none-eabi/13.3.1/thumb/v7e-m+fp/hard/crtbegin.o
LOAD D:/My_user/STM32CubeIDE_1.19.0/STM32CubeIDE/plugins/com.st.stm32cube.ide.mcu.externaltools.gnu-tools-for-stm32.13.3.rel1.win32_1.0.0.202411081344/tools/bin/../lib/gcc/arm-none-eabi/13.3.1/../../../../arm-none-eabi/lib/thumb/v7e-m+fp/hard/crt0.o
LOAD ./Src/main.o
LOAD ./Src/syscalls.o
LOAD ./Src/sysmem.o
LOAD ./Startup/startup_stm32l476rgtx.o
LOAD ./drivers/src/STM32_Spi_Driver.o
LOAD ./drivers/src/stm32l476xx_gpio_driver.o
START GROUP
LOAD D:/My_user/STM32CubeIDE_1.19.0/STM32CubeIDE/plugins/com.st.stm32cube.ide.mcu.externaltools.gnu-tools-for-stm32.13.3.rel1.win32_1.0.0.202411081344/tools/bin/../lib/gcc/arm-none-eabi/13.3.1/../../../../arm-none-eabi/lib/thumb/v7e-m+fp/hard\libc_nano.a
LOAD D:/My_user/STM32CubeIDE_1.19.0/STM32CubeIDE/plugins/com.st.stm32cube.ide.mcu.externaltools.gnu-tools-for-stm32.13.3.rel1.win32_1.0.0.202411081344/tools/bin/../lib/gcc/arm-none-eabi/13.3.1/../../../../arm-none-eabi/lib/thumb/v7e-m+fp/hard\libm.a
END GROUP
START GROUP
LOAD D:/My_user/STM32CubeIDE_1.19.0/STM32CubeIDE/plugins/com.st.stm32cube.ide.mcu.externaltools.gnu-tools-for-stm32.13.3.rel1.win32_1.0.0.202411081344/tools/bin/../lib/gcc/arm-none-eabi/13.3.1/thumb/v7e-m+fp/hard\libgcc.a
LOAD D:/My_user/STM32CubeIDE_1.19.0/STM32CubeIDE/plugins/com.st.stm32cube.ide.mcu.externaltools.gnu-tools-for-stm32.13.3.rel1.win32_1.0.0.202411081344/tools/bin/../lib/gcc/arm-none-eabi/13.3.1/../../../../arm-none-eabi/lib/thumb/v7e-m+fp/hard\libc_nano.a
END GROUP
START GROUP
LOAD D:/My_user/STM32CubeIDE_1.19.0/STM32CubeIDE/plugins/com.st.stm32cube.ide.mcu.externaltools.gnu-tools-for-stm32.13.3.rel1.win32_1.0.0.202411081344/tools/bin/../lib/gcc/arm-none-eabi/13.3.1/thumb/v7e-m+fp/hard\libgcc.a
LOAD D:/My_user/STM32CubeIDE_1.19.0/STM32CubeIDE/plugins/com.st.stm32cube.ide.mcu.externaltools.gnu-tools-for-stm32.13.3.rel1.win32_1.0.0.202411081344/tools/bin/../lib/gcc/arm-none-eabi/13.3.1/../../../../arm-none-eabi/lib/thumb/v7e-m+fp/hard\libc_nano.a
LOAD D:/My_user/STM32CubeIDE_1.19.0/STM32CubeIDE/plugins/com.st.stm32cube.ide.mcu.externaltools.gnu-tools-for-stm32.13.3.rel1.win32_1.0.0.202411081344/tools/bin/../lib/gcc/arm-none-eabi/13.3.1/../../../../arm-none-eabi/lib/thumb/v7e-m+fp/hard\libnosys.a
END GROUP
START GROUP
LOAD D:/My_user/STM32CubeIDE_1.19.0/STM32CubeIDE/plugins/com.st.stm32cube.ide.mcu.externaltools.gnu-tools-for-stm32.13.3.rel1.win32_1.0.0.202411081344/tools/bin/../lib/gcc/arm-none-eabi/13.3.1/thumb/v7e-m+fp/hard\libgcc.a
LOAD D:/My_user/STM32CubeIDE_1.19.0/STM32CubeIDE/plugins/com.st.stm32cube.ide.mcu.externaltools.gnu-tools-for-stm32.13.3.rel1.win32_1.0.0.202411081344/tools/bin/../lib/gcc/arm-none-eabi/13.3.1/../../../../arm-none-eabi/lib/thumb/v7e-m+fp/hard\libc_nano.a
LOAD D:/My_user/STM32CubeIDE_1.19.0/STM32CubeIDE/plugins/com.st.stm32cube.ide.mcu.externaltools.gnu-tools-for-stm32.13.3.rel1.win32_1.0.0.202411081344/tools/bin/../lib/gcc/arm-none-eabi/13.3.1/../../../../arm-none-eabi/lib/thumb/v7e-m+fp/hard\libnosys.a
END GROUP
LOAD D:/My_user/STM32CubeIDE_1.19.0/STM32CubeIDE/plugins/com.st.stm32cube.ide.mcu.externaltools.gnu-tools-for-stm32.13.3.rel1.win32_1.0.0.202411081344/tools/bin/../lib/gcc/arm-none-eabi/13.3.1/thumb/v7e-m+fp/hard/crtend.o
LOAD D:/My_user/STM32CubeIDE_1.19.0/STM32CubeIDE/plugins/com.st.stm32cube.ide.mcu.externaltools.gnu-tools-for-stm32.13.3.rel1.win32_1.0.0.202411081344/tools/bin/../lib/gcc/arm-none-eabi/13.3.1/thumb/v7e-m+fp/hard/crtn.o
                0x20018000                        _estack = (ORIGIN (RAM) + LENGTH (RAM))
                0x00000200                        _Min_Heap_Size = 0x200
                0x00000400                        _Min_Stack_Size = 0x400

.isr_vector     0x08000000      0x18c
                0x08000000                        . = ALIGN (0x4)
 *(.isr_vector)
 .isr_vector    0x08000000      0x18c ./Startup/startup_stm32l476rgtx.o
                0x08000000                g_pfnVectors
                0x0800018c                        . = ALIGN (0x4)

.text           0x0800018c     0x1224
                0x0800018c                        . = ALIGN (0x4)
 *(.text)
 .text          0x0800018c       0x40 D:/My_user/STM32CubeIDE_1.19.0/STM32CubeIDE/plugins/com.st.stm32cube.ide.mcu.externaltools.gnu-tools-for-stm32.13.3.rel1.win32_1.0.0.202411081344/tools/bin/../lib/gcc/arm-none-eabi/13.3.1/thumb/v7e-m+fp/hard/crtbegin.o
 .text          0x080001cc       0x10 D:/My_user/STM32CubeIDE_1.19.0/STM32CubeIDE/plugins/com.st.stm32cube.ide.mcu.externaltools.gnu-tools-for-stm32.13.3.rel1.win32_1.0.0.202411081344/tools/bin/../lib/gcc/arm-none-eabi/13.3.1/../../../../arm-none-eabi/lib/thumb/v7e-m+fp/hard\libc_nano.a(libc_a-strlen.o)
                0x080001cc                strlen
 *(.text*)
 .text.SPI1_IRQHandler
                0x080001dc       0x14 ./Src/main.o
                0x080001dc                SPI1_IRQHandler
 .text.main     0x080001f0       0x8c ./Src/main.o
                0x080001f0                main
 .text.delay    0x0800027c       0x2c ./Src/main.o
                0x0800027c                delay
 .text.SPI_GPIO_Init
                0x080002a8       0x8c ./Src/main.o
                0x080002a8                SPI_GPIO_Init
 .text.SPI1_Inits
                0x08000334       0x58 ./Src/main.o
                0x08000334                SPI1_Inits
 .text.W25Q_WriteEnable
                0x0800038c       0x4c ./Src/main.o
                0x0800038c                W25Q_WriteEnable
 .text.W25Q_ReadStatus
                0x080003d8       0x5c ./Src/main.o
                0x080003d8                W25Q_ReadStatus
 .text.W25Q_WaitBusy
                0x08000434       0x1a ./Src/main.o
                0x08000434                W25Q_WaitBusy
 *fill*         0x0800044e        0x2 
 .text.W25Q_EraseSector
                0x08000450       0x6c ./Src/main.o
                0x08000450                W25Q_EraseSector
 .text.W25Q_Write_IT
                0x080004bc       0x7c ./Src/main.o
                0x080004bc                W25Q_Write_IT
 .text.W25Q_Read_IT
                0x08000538       0x78 ./Src/main.o
                0x08000538                W25Q_Read_IT
 .text.SPI_ApplicationEventCallback
                0x080005b0       0xdc ./Src/main.o
                0x080005b0                SPI_ApplicationEventCallback
 .text.Reset_Handler
                0x0800068c       0x50 ./Startup/startup_stm32l476rgtx.o
                0x0800068c                Reset_Handler
 .text.Default_Handler
                0x080006dc        0x2 ./Startup/startup_stm32l476rgtx.o
                0x080006dc                EXTI2_IRQHandler
                0x080006dc                TIM8_TRG_COM_IRQHandler
                0x080006dc                TIM8_CC_IRQHandler
                0x080006dc                DebugMon_Handler
                0x080006dc                DMA1_CH4_IRQHandler
                0x080006dc                TIM1_CC_IRQHandler
                0x080006dc                TSC_IRQHandler
                0x080006dc                HardFault_Handler
                0x080006dc                SysTick_Handler
                0x080006dc                TAMP_STAMP_IRQHandler
                0x080006dc                PendSV_Handler
                0x080006dc                NMI_Handler
                0x080006dc                EXTI3_IRQHandler
                0x080006dc                LPTIM2_IRQHandler
                0x080006dc                DFSDM1_FLT1_IRQHandler
                0x080006dc                I2C3_ER_IRQHandler
                0x080006dc                DFSDM1_FLT2_IRQHandler
                0x080006dc                TIM6_DACUNDER_IRQHandler
                0x080006dc                EXTI0_IRQHandler
                0x080006dc                I2C2_EV_IRQHandler
                0x080006dc                DMA2_CH1_IRQHandler
                0x080006dc                CAN1_RX0_IRQHandler
                0x080006dc                FPU_IRQHandler
                0x080006dc                TIM1_UP_TIM16_IRQHandler
                0x080006dc                DMA2_CH7_IRQHandler
                0x080006dc                UsageFault_Handler
                0x080006dc                ADC1_2_IRQHandler
                0x080006dc                DMA1_CH7_IRQHandler
                0x080006dc                TIM8_UP_IRQHandler
                0x080006dc                RTC_ALARM_IRQHandler
                0x080006dc                SAI2_IRQHandler
                0x080006dc                DFSDM1_FLT3_IRQHandler
                0x080006dc                DMA1_CH6_IRQHandler
                0x080006dc                USART3_IRQHandler
                0x080006dc                CAN1_RX1_IRQHandler
                0x080006dc                LCD_IRQHandler
                0x080006dc                UART5_IRQHandler
                0x080006dc                ADC3_IRQHandler
                0x080006dc                TIM4_IRQHandler
                0x080006dc                QUADSPI_IRQHandler
                0x080006dc                I2C1_EV_IRQHandler
                0x080006dc                DMA2_CH5_IRQHandler
                0x080006dc                UART4_IRQHandler
                0x080006dc                DMA1_CH3_IRQHandler
                0x080006dc                TIM3_IRQHandler
                0x080006dc                RCC_IRQHandler
                0x080006dc                Default_Handler
                0x080006dc                EXTI15_10_IRQHandler
                0x080006dc                TIM7_IRQHandler
                0x080006dc                SDMMC1_IRQHandler
                0x080006dc                TIM5_IRQHandler
                0x080006dc                I2C3_EV_IRQHandler
                0x080006dc                EXTI9_5_IRQHandler
                0x080006dc                DMA1_CH2_IRQHandler
                0x080006dc                RTC_WKUP_IRQHandler
                0x080006dc                PVD_PVM_IRQHandler
                0x080006dc                SPI2_IRQHandler
                0x080006dc                DMA1_CH1_IRQHandler
                0x080006dc                MemManage_Handler
                0x080006dc                CAN1_TX_IRQHandler
                0x080006dc                SVC_Handler
                0x080006dc                CRS_IRQHandler
                0x080006dc                EXTI4_IRQHandler
                0x080006dc                RNG_IRQHandler
                0x080006dc                TIM1_TRG_COM_TIM17_IRQHandler
                0x080006dc                COMP_IRQHandler
                0x080006dc                WWDG_IRQHandler
                0x080006dc                LPUART1_IRQHandler
                0x080006dc                TIM2_IRQHandler
                0x080006dc                EXTI1_IRQHandler
                0x080006dc                USART2_IRQHandler
                0x080006dc                DFSDM1_FLT0_IRQHandler
                0x080006dc                I2C2_ER_IRQHandler
                0x080006dc                TIM8_BRK_IRQHandler
                0x080006dc                CAN1_SCE_IRQHandler
                0x080006dc                FLASH_IRQHandler
                0x080006dc                BusFault_Handler
                0x080006dc                USART1_IRQHandler
                0x080006dc                OTG_FS_IRQHandler
                0x080006dc                SPI3_IRQHandler
                0x080006dc                DMA2_CH6_IRQHandler
                0x080006dc                DMA2_CH3_IRQHandler
                0x080006dc                DMA2_CH2_IRQHandler
                0x080006dc                I2C1_ER_IRQHandler
                0x080006dc                FMC_IRQHandler
                0x080006dc                DMA1_CH5_IRQHandler
                0x080006dc                DMA2_CH4_IRQHandler
                0x080006dc                SWPMI1_IRQHandler
                0x080006dc                LPTIM1_IRQHandler
                0x080006dc                SAI1_IRQHandler
                0x080006dc                TIM1_BRK_TIM15_IRQHandler
 .text.SPI_PeripheralControl
                0x080006de       0x38 ./drivers/src/STM32_Spi_Driver.o
                0x080006de                SPI_PeripheralControl
 *fill*         0x08000716        0x2 
 .text.SPI_PeriClockControl
                0x08000718       0xb0 ./drivers/src/STM32_Spi_Driver.o
                0x08000718                SPI_PeriClockControl
 .text.SPI_Init
                0x080007c8       0xd4 ./drivers/src/STM32_Spi_Driver.o
                0x080007c8                SPI_Init
 .text.SPI_GetFlagStatus
                0x0800089c       0x28 ./drivers/src/STM32_Spi_Driver.o
                0x0800089c                SPI_GetFlagStatus
 .text.SPI_ReceiveData
                0x080008c4       0x6c ./drivers/src/STM32_Spi_Driver.o
                0x080008c4                SPI_ReceiveData
 .text.SPI_SendData
                0x08000930       0x6e ./drivers/src/STM32_Spi_Driver.o
                0x08000930                SPI_SendData
 .text.SPI_SSIConfig
                0x0800099e       0x38 ./drivers/src/STM32_Spi_Driver.o
                0x0800099e                SPI_SSIConfig
 .text.SPI_SendDataIT
                0x080009d6       0x58 ./drivers/src/STM32_Spi_Driver.o
                0x080009d6                SPI_SendDataIT
 .text.SPI_ReceiveDataIT
                0x08000a2e       0x62 ./drivers/src/STM32_Spi_Driver.o
                0x08000a2e                SPI_ReceiveDataIT
 .text.spi_txe_interrupt_handle
                0x08000a90       0x9c ./drivers/src/STM32_Spi_Driver.o
 .text.spi_rxne_interrupt_handle
                0x08000b2c       0xb2 ./drivers/src/STM32_Spi_Driver.o
 .text.spi_ovr_interrupt_handle
                0x08000bde       0x40 ./drivers/src/STM32_Spi_Driver.o
 .text.SPI_IRQHandling
                0x08000c1e       0x9a ./drivers/src/STM32_Spi_Driver.o
                0x08000c1e                SPI_IRQHandling
 .text.SPI_IRQITConfig
                0x08000cb8      0x10c ./drivers/src/STM32_Spi_Driver.o
                0x08000cb8                SPI_IRQITConfig
 .text.GPIO_PeriClockControl
                0x08000dc4      0x1cc ./drivers/src/stm32l476xx_gpio_driver.o
                0x08000dc4                GPIO_PeriClockControl
 .text.GPIO_Init
                0x08000f90      0x374 ./drivers/src/stm32l476xx_gpio_driver.o
                0x08000f90                GPIO_Init
 .text.GPIO_WriteToOutputPin
                0x08001304       0x4a ./drivers/src/stm32l476xx_gpio_driver.o
                0x08001304                GPIO_WriteToOutputPin
 *fill*         0x0800134e        0x2 
 .text.__libc_init_array
                0x08001350       0x48 D:/My_user/STM32CubeIDE_1.19.0/STM32CubeIDE/plugins/com.st.stm32cube.ide.mcu.externaltools.gnu-tools-for-stm32.13.3.rel1.win32_1.0.0.202411081344/tools/bin/../lib/gcc/arm-none-eabi/13.3.1/../../../../arm-none-eabi/lib/thumb/v7e-m+fp/hard\libc_nano.a(libc_a-init.o)
                0x08001350                __libc_init_array
 *(.glue_7)
 .glue_7        0x08001398        0x0 linker stubs
 *(.glue_7t)
 .glue_7t       0x08001398        0x0 linker stubs
 *(.eh_frame)
 .eh_frame      0x08001398        0x0 D:/My_user/STM32CubeIDE_1.19.0/STM32CubeIDE/plugins/com.st.stm32cube.ide.mcu.externaltools.gnu-tools-for-stm32.13.3.rel1.win32_1.0.0.202411081344/tools/bin/../lib/gcc/arm-none-eabi/13.3.1/thumb/v7e-m+fp/hard/crtbegin.o
 *(.init)
 .init          0x08001398        0x4 D:/My_user/STM32CubeIDE_1.19.0/STM32CubeIDE/plugins/com.st.stm32cube.ide.mcu.externaltools.gnu-tools-for-stm32.13.3.rel1.win32_1.0.0.202411081344/tools/bin/../lib/gcc/arm-none-eabi/13.3.1/thumb/v7e-m+fp/hard/crti.o
                0x08001398                _init
 .init          0x0800139c        0x8 D:/My_user/STM32CubeIDE_1.19.0/STM32CubeIDE/plugins/com.st.stm32cube.ide.mcu.externaltools.gnu-tools-for-stm32.13.3.rel1.win32_1.0.0.202411081344/tools/bin/../lib/gcc/arm-none-eabi/13.3.1/thumb/v7e-m+fp/hard/crtn.o
 *(.fini)
 .fini          0x080013a4        0x4 D:/My_user/STM32CubeIDE_1.19.0/STM32CubeIDE/plugins/com.st.stm32cube.ide.mcu.externaltools.gnu-tools-for-stm32.13.3.rel1.win32_1.0.0.202411081344/tools/bin/../lib/gcc/arm-none-eabi/13.3.1/thumb/v7e-m+fp/hard/crti.o
                0x080013a4                _fini
 .fini          0x080013a8        0x8 D:/My_user/STM32CubeIDE_1.19.0/STM32CubeIDE/plugins/com.st.stm32cube.ide.mcu.externaltools.gnu-tools-for-stm32.13.3.rel1.win32_1.0.0.202411081344/tools/bin/../lib/gcc/arm-none-eabi/13.3.1/thumb/v7e-m+fp/hard/crtn.o
                0x080013b0                        . = ALIGN (0x4)
                0x080013b0                        _etext = .

.vfp11_veneer   0x080013b0        0x0
 .vfp11_veneer  0x080013b0        0x0 linker stubs

.v4_bx          0x080013b0        0x0
 .v4_bx         0x080013b0        0x0 linker stubs

.iplt           0x080013b0        0x0
 .iplt          0x080013b0        0x0 D:/My_user/STM32CubeIDE_1.19.0/STM32CubeIDE/plugins/com.st.stm32cube.ide.mcu.externaltools.gnu-tools-for-stm32.13.3.rel1.win32_1.0.0.202411081344/tools/bin/../lib/gcc/arm-none-eabi/13.3.1/thumb/v7e-m+fp/hard/crtbegin.o

.rodata         0x080013b0        0x0
                0x080013b0                        . = ALIGN (0x4)
 *(.rodata)
 *(.rodata*)
                0x080013b0                        . = ALIGN (0x4)

.ARM.extab      0x080013b0        0x0
                0x080013b0                        . = ALIGN (0x4)
 *(.ARM.extab* .gnu.linkonce.armextab.*)
                0x080013b0                        . = ALIGN (0x4)

.ARM            0x080013b0        0x8
                0x080013b0                        . = ALIGN (0x4)
                0x080013b0                        __exidx_start = .
 *(.ARM.exidx*)
 .ARM.exidx     0x080013b0        0x8 D:/My_user/STM32CubeIDE_1.19.0/STM32CubeIDE/plugins/com.st.stm32cube.ide.mcu.externaltools.gnu-tools-for-stm32.13.3.rel1.win32_1.0.0.202411081344/tools/bin/../lib/gcc/arm-none-eabi/13.3.1/../../../../arm-none-eabi/lib/thumb/v7e-m+fp/hard\libc_nano.a(libc_a-strlen.o)
                0x080013b8                        __exidx_end = .
                0x080013b8                        . = ALIGN (0x4)

.preinit_array  0x080013b8        0x0
                0x080013b8                        . = ALIGN (0x4)
                0x080013b8                        PROVIDE (__preinit_array_start = .)
 *(.preinit_array*)
                0x080013b8                        PROVIDE (__preinit_array_end = .)
                0x080013b8                        . = ALIGN (0x4)

.init_array     0x080013b8        0x4
                0x080013b8                        . = ALIGN (0x4)
                0x080013b8                        PROVIDE (__init_array_start = .)
 *(SORT_BY_NAME(.init_array.*))
 *(.init_array*)
 .init_array    0x080013b8        0x4 D:/My_user/STM32CubeIDE_1.19.0/STM32CubeIDE/plugins/com.st.stm32cube.ide.mcu.externaltools.gnu-tools-for-stm32.13.3.rel1.win32_1.0.0.202411081344/tools/bin/../lib/gcc/arm-none-eabi/13.3.1/thumb/v7e-m+fp/hard/crtbegin.o
                0x080013bc                        PROVIDE (__init_array_end = .)
                0x080013bc                        . = ALIGN (0x4)

.fini_array     0x080013bc        0x4
                0x080013bc                        . = ALIGN (0x4)
                [!provide]                        PROVIDE (__fini_array_start = .)
 *(SORT_BY_NAME(.fini_array.*))
 *(.fini_array*)
 .fini_array    0x080013bc        0x4 D:/My_user/STM32CubeIDE_1.19.0/STM32CubeIDE/plugins/com.st.stm32cube.ide.mcu.externaltools.gnu-tools-for-stm32.13.3.rel1.win32_1.0.0.202411081344/tools/bin/../lib/gcc/arm-none-eabi/13.3.1/thumb/v7e-m+fp/hard/crtbegin.o
                [!provide]                        PROVIDE (__fini_array_end = .)
                0x080013c0                        . = ALIGN (0x4)
                0x080013c0                        _sidata = LOADADDR (.data)

.rel.dyn        0x080013c0        0x0
 .rel.iplt      0x080013c0        0x0 D:/My_user/STM32CubeIDE_1.19.0/STM32CubeIDE/plugins/com.st.stm32cube.ide.mcu.externaltools.gnu-tools-for-stm32.13.3.rel1.win32_1.0.0.202411081344/tools/bin/../lib/gcc/arm-none-eabi/13.3.1/thumb/v7e-m+fp/hard/crtbegin.o

.data           0x20000000       0x20 load address 0x080013c0
                0x20000000                        . = ALIGN (0x4)
                0x20000000                        _sdata = .
 *(.data)
 *(.data*)
 .data.tx_buf   0x20000000       0x20 ./Src/main.o
                0x20000000                tx_buf
 *(.RamFunc)
 *(.RamFunc*)
                0x20000020                        . = ALIGN (0x4)
                0x20000020                        _edata = .
                0x080013e0                        _sisram2 = LOADADDR (.sram2)

.igot.plt       0x20000020        0x0 load address 0x080013e0
 .igot.plt      0x20000020        0x0 D:/My_user/STM32CubeIDE_1.19.0/STM32CubeIDE/plugins/com.st.stm32cube.ide.mcu.externaltools.gnu-tools-for-stm32.13.3.rel1.win32_1.0.0.202411081344/tools/bin/../lib/gcc/arm-none-eabi/13.3.1/thumb/v7e-m+fp/hard/crtbegin.o

.sram2          0x10000000        0x0 load address 0x080013e0
                0x10000000                        . = ALIGN (0x4)
                0x10000000                        _ssram2 = .
 *(.sram2)
 *(.sram2*)
                0x10000000                        . = ALIGN (0x4)
                0x10000000                        _esram2 = .
                0x10000000                        . = ALIGN (0x4)

.bss            0x20000020       0x84
                0x20000020                        _sbss = .
                0x20000020                        __bss_start__ = _sbss
 *(.bss)
 .bss           0x20000020       0x1c D:/My_user/STM32CubeIDE_1.19.0/STM32CubeIDE/plugins/com.st.stm32cube.ide.mcu.externaltools.gnu-tools-for-stm32.13.3.rel1.win32_1.0.0.202411081344/tools/bin/../lib/gcc/arm-none-eabi/13.3.1/thumb/v7e-m+fp/hard/crtbegin.o
 *(.bss*)
 .bss.SPI1Handle
                0x2000003c       0x20 ./Src/main.o
                0x2000003c                SPI1Handle
 .bss.FlashState
                0x2000005c        0x1 ./Src/main.o
                0x2000005c                FlashState
 *fill*         0x2000005d        0x3 
 .bss.cmd_buf   0x20000060        0x4 ./Src/main.o
                0x20000060                cmd_buf
 .bss.g_txBuffer
                0x20000064        0x4 ./Src/main.o
                0x20000064                g_txBuffer
 .bss.g_rxBuffer
                0x20000068        0x4 ./Src/main.o
                0x20000068                g_rxBuffer
 .bss.g_rxLen   0x2000006c        0x2 ./Src/main.o
                0x2000006c                g_rxLen
 .bss.g_txLen   0x2000006e        0x2 ./Src/main.o
                0x2000006e                g_txLen
 .bss.rx_buf    0x20000070       0x32 ./Src/main.o
                0x20000070                rx_buf
 *(COMMON)
                0x200000a4                        . = ALIGN (0x4)
 *fill*         0x200000a2        0x2 
                0x200000a4                        _ebss = .
                0x200000a4                        __bss_end__ = _ebss

._user_heap_stack
                0x200000a4      0x604
                0x200000a8                        . = ALIGN (0x8)
 *fill*         0x200000a4        0x4 
                [!provide]                        PROVIDE (end = .)
                0x200000a8                        PROVIDE (_end = .)
                0x200002a8                        . = (. + _Min_Heap_Size)
 *fill*         0x200000a8      0x200 
                0x200006a8                        . = (. + _Min_Stack_Size)
 *fill*         0x200002a8      0x400 
                0x200006a8                        . = ALIGN (0x8)

/DISCARD/
 libc.a(*)
 libm.a(*)
 libgcc.a(*)

.ARM.attributes
                0x00000000       0x30
 *(.ARM.attributes)
 .ARM.attributes
                0x00000000       0x22 D:/My_user/STM32CubeIDE_1.19.0/STM32CubeIDE/plugins/com.st.stm32cube.ide.mcu.externaltools.gnu-tools-for-stm32.13.3.rel1.win32_1.0.0.202411081344/tools/bin/../lib/gcc/arm-none-eabi/13.3.1/thumb/v7e-m+fp/hard/crti.o
 .ARM.attributes
                0x00000022       0x34 D:/My_user/STM32CubeIDE_1.19.0/STM32CubeIDE/plugins/com.st.stm32cube.ide.mcu.externaltools.gnu-tools-for-stm32.13.3.rel1.win32_1.0.0.202411081344/tools/bin/../lib/gcc/arm-none-eabi/13.3.1/thumb/v7e-m+fp/hard/crtbegin.o
 .ARM.attributes
                0x00000056       0x34 ./Src/main.o
 .ARM.attributes
                0x0000008a       0x21 ./Startup/startup_stm32l476rgtx.o
 .ARM.attributes
                0x000000ab       0x34 ./drivers/src/STM32_Spi_Driver.o
 .ARM.attributes
                0x000000df       0x34 ./drivers/src/stm32l476xx_gpio_driver.o
 .ARM.attributes
                0x00000113       0x34 D:/My_user/STM32CubeIDE_1.19.0/STM32CubeIDE/plugins/com.st.stm32cube.ide.mcu.externaltools.gnu-tools-for-stm32.13.3.rel1.win32_1.0.0.202411081344/tools/bin/../lib/gcc/arm-none-eabi/13.3.1/../../../../arm-none-eabi/lib/thumb/v7e-m+fp/hard\libc_nano.a(libc_a-init.o)
 .ARM.attributes
                0x00000147       0x17 D:/My_user/STM32CubeIDE_1.19.0/STM32CubeIDE/plugins/com.st.stm32cube.ide.mcu.externaltools.gnu-tools-for-stm32.13.3.rel1.win32_1.0.0.202411081344/tools/bin/../lib/gcc/arm-none-eabi/13.3.1/../../../../arm-none-eabi/lib/thumb/v7e-m+fp/hard\libc_nano.a(libc_a-strlen.o)
 .ARM.attributes
                0x0000015e       0x22 D:/My_user/STM32CubeIDE_1.19.0/STM32CubeIDE/plugins/com.st.stm32cube.ide.mcu.externaltools.gnu-tools-for-stm32.13.3.rel1.win32_1.0.0.202411081344/tools/bin/../lib/gcc/arm-none-eabi/13.3.1/thumb/v7e-m+fp/hard/crtn.o
OUTPUT(SPI_Interrupt_Driver.elf elf32-littlearm)
LOAD linker stubs
LOAD D:/My_user/STM32CubeIDE_1.19.0/STM32CubeIDE/plugins/com.st.stm32cube.ide.mcu.externaltools.gnu-tools-for-stm32.13.3.rel1.win32_1.0.0.202411081344/tools/bin/../lib/gcc/arm-none-eabi/13.3.1/../../../../arm-none-eabi/lib/thumb/v7e-m+fp/hard\libc.a
LOAD D:/My_user/STM32CubeIDE_1.19.0/STM32CubeIDE/plugins/com.st.stm32cube.ide.mcu.externaltools.gnu-tools-for-stm32.13.3.rel1.win32_1.0.0.202411081344/tools/bin/../lib/gcc/arm-none-eabi/13.3.1/../../../../arm-none-eabi/lib/thumb/v7e-m+fp/hard\libm.a
LOAD D:/My_user/STM32CubeIDE_1.19.0/STM32CubeIDE/plugins/com.st.stm32cube.ide.mcu.externaltools.gnu-tools-for-stm32.13.3.rel1.win32_1.0.0.202411081344/tools/bin/../lib/gcc/arm-none-eabi/13.3.1/thumb/v7e-m+fp/hard\libgcc.a

.debug_info     0x00000000     0x17da
 .debug_info    0x00000000      0x7d4 ./Src/main.o
 .debug_info    0x000007d4       0x30 ./Startup/startup_stm32l476rgtx.o
 .debug_info    0x00000804      0x7be ./drivers/src/STM32_Spi_Driver.o
 .debug_info    0x00000fc2      0x818 ./drivers/src/stm32l476xx_gpio_driver.o

.debug_abbrev   0x00000000      0x4e9
 .debug_abbrev  0x00000000      0x20f ./Src/main.o
 .debug_abbrev  0x0000020f       0x24 ./Startup/startup_stm32l476rgtx.o
 .debug_abbrev  0x00000233      0x199 ./drivers/src/STM32_Spi_Driver.o
 .debug_abbrev  0x000003cc      0x11d ./drivers/src/stm32l476xx_gpio_driver.o

.debug_aranges  0x00000000      0x1b0
 .debug_aranges
                0x00000000       0x80 ./Src/main.o
 .debug_aranges
                0x00000080       0x28 ./Startup/startup_stm32l476rgtx.o
 .debug_aranges
                0x000000a8       0x98 ./drivers/src/STM32_Spi_Driver.o
 .debug_aranges
                0x00000140       0x70 ./drivers/src/stm32l476xx_gpio_driver.o

.debug_rnglists
                0x00000000      0x13e
 .debug_rnglists
                0x00000000       0x5e ./Src/main.o
 .debug_rnglists
                0x0000005e       0x19 ./Startup/startup_stm32l476rgtx.o
 .debug_rnglists
                0x00000077       0x74 ./drivers/src/STM32_Spi_Driver.o
 .debug_rnglists
                0x000000eb       0x53 ./drivers/src/stm32l476xx_gpio_driver.o

.debug_macro    0x00000000     0x2202
 .debug_macro   0x00000000      0x169 ./Src/main.o
 .debug_macro   0x00000169      0xae4 ./Src/main.o
 .debug_macro   0x00000c4d       0x22 ./Src/main.o
 .debug_macro   0x00000c6f       0x8e ./Src/main.o
 .debug_macro   0x00000cfd       0x51 ./Src/main.o
 .debug_macro   0x00000d4e      0x103 ./Src/main.o
 .debug_macro   0x00000e51       0x6a ./Src/main.o
 .debug_macro   0x00000ebb      0x1df ./Src/main.o
 .debug_macro   0x0000109a      0x43b ./Src/main.o
 .debug_macro   0x000014d5       0xc4 ./Src/main.o
 .debug_macro   0x00001599       0xe8 ./Src/main.o
 .debug_macro   0x00001681       0x61 ./Src/main.o
 .debug_macro   0x000016e2       0x2a ./Src/main.o
 .debug_macro   0x0000170c       0x43 ./Src/main.o
 .debug_macro   0x0000174f       0x34 ./Src/main.o
 .debug_macro   0x00001783      0x190 ./Src/main.o
 .debug_macro   0x00001913      0x370 ./Src/main.o
 .debug_macro   0x00001c83       0x16 ./Src/main.o
 .debug_macro   0x00001c99       0x4a ./Src/main.o
 .debug_macro   0x00001ce3       0x34 ./Src/main.o
 .debug_macro   0x00001d17       0x10 ./Src/main.o
 .debug_macro   0x00001d27       0x58 ./Src/main.o
 .debug_macro   0x00001d7f       0x8e ./Src/main.o
 .debug_macro   0x00001e0d       0x1c ./Src/main.o
 .debug_macro   0x00001e29      0x185 ./Src/main.o
 .debug_macro   0x00001fae       0x10 ./Src/main.o
 .debug_macro   0x00001fbe       0x3c ./Src/main.o
 .debug_macro   0x00001ffa       0x20 ./Src/main.o
 .debug_macro   0x0000201a       0x85 ./drivers/src/STM32_Spi_Driver.o
 .debug_macro   0x0000209f       0xe2 ./drivers/src/STM32_Spi_Driver.o
 .debug_macro   0x00002181       0x81 ./drivers/src/stm32l476xx_gpio_driver.o

.debug_line     0x00000000     0x1dd8
 .debug_line    0x00000000      0x8d1 ./Src/main.o
 .debug_line    0x000008d1       0x7b ./Startup/startup_stm32l476rgtx.o
 .debug_line    0x0000094c      0xa4f ./drivers/src/STM32_Spi_Driver.o
 .debug_line    0x0000139b      0xa3d ./drivers/src/stm32l476xx_gpio_driver.o

.debug_str      0x00000000     0x94c4
 .debug_str     0x00000000     0x94c4 ./Src/main.o
                               0x92b4 (size before relaxing)
 .debug_str     0x000094c4       0x6b ./Startup/startup_stm32l476rgtx.o
 .debug_str     0x000094c4     0x5a61 ./drivers/src/STM32_Spi_Driver.o
 .debug_str     0x000094c4     0x5a07 ./drivers/src/stm32l476xx_gpio_driver.o

.comment        0x00000000       0x43
 .comment       0x00000000       0x43 ./Src/main.o
                                 0x44 (size before relaxing)
 .comment       0x00000043       0x44 ./drivers/src/STM32_Spi_Driver.o
 .comment       0x00000043       0x44 ./drivers/src/stm32l476xx_gpio_driver.o

.debug_frame    0x00000000      0x63c
 .debug_frame   0x00000000      0x1c8 ./Src/main.o
 .debug_frame   0x000001c8      0x280 ./drivers/src/STM32_Spi_Driver.o
 .debug_frame   0x00000448      0x1c8 ./drivers/src/stm32l476xx_gpio_driver.o
 .debug_frame   0x00000610       0x2c D:/My_user/STM32CubeIDE_1.19.0/STM32CubeIDE/plugins/com.st.stm32cube.ide.mcu.externaltools.gnu-tools-for-stm32.13.3.rel1.win32_1.0.0.202411081344/tools/bin/../lib/gcc/arm-none-eabi/13.3.1/../../../../arm-none-eabi/lib/thumb/v7e-m+fp/hard\libc_nano.a(libc_a-init.o)

.debug_line_str
                0x00000000       0x4f
 .debug_line_str
                0x00000000       0x4f ./Startup/startup_stm32l476rgtx.o
