../Src/main.c:39:7:EXTI15_10_IRQHandler	8	static
../Src/main.c:54:5:main	64	static
../Src/main.c:150:6:delay	16	static
../Src/main.c:162:6:W25Q_WriteEnable	16	static
../Src/main.c:178:9:W25Q_ReadStatus	16	static
../Src/main.c:199:6:W25Q_WaitBusy	8	static
../Src/main.c:208:6:W25Q_ReadID	16	static
../Src/main.c:230:6:W25Q_EraseSector	24	static
../Src/main.c:256:6:W25Q_Write	32	static
../Src/main.c:284:6:W25Q_Read	32	static
../Src/main.c:304:6:Print_Recent_Logs	72	static
../Src/main.c:349:6:Store_Lux	16	static
