Archive member included to satisfy reference by file (symbol)

D:/My_user/STM32CubeIDE_1.19.0/STM32CubeIDE/plugins/com.st.stm32cube.ide.mcu.externaltools.gnu-tools-for-stm32.13.3.rel1.win32_1.0.0.202411081344/tools/bin/../lib/gcc/arm-none-eabi/13.3.1/../../../../arm-none-eabi/lib/thumb/v7e-m+fp/hard\libc_nano.a(libc_a-exit.o)
                              D:/My_user/STM32CubeIDE_1.19.0/STM32CubeIDE/plugins/com.st.stm32cube.ide.mcu.externaltools.gnu-tools-for-stm32.13.3.rel1.win32_1.0.0.202411081344/tools/bin/../lib/gcc/arm-none-eabi/13.3.1/../../../../arm-none-eabi/lib/thumb/v7e-m+fp/hard/crt0.o (exit)
D:/My_user/STM32CubeIDE_1.19.0/STM32CubeIDE/plugins/com.st.stm32cube.ide.mcu.externaltools.gnu-tools-for-stm32.13.3.rel1.win32_1.0.0.202411081344/tools/bin/../lib/gcc/arm-none-eabi/13.3.1/../../../../arm-none-eabi/lib/thumb/v7e-m+fp/hard\libc_nano.a(libc_a-findfp.o)
                              D:/My_user/STM32CubeIDE_1.19.0/STM32CubeIDE/plugins/com.st.stm32cube.ide.mcu.externaltools.gnu-tools-for-stm32.13.3.rel1.win32_1.0.0.202411081344/tools/bin/../lib/gcc/arm-none-eabi/13.3.1/../../../../arm-none-eabi/lib/thumb/v7e-m+fp/hard\libc_nano.a(libc_a-exit.o) (__stdio_exit_handler)
D:/My_user/STM32CubeIDE_1.19.0/STM32CubeIDE/plugins/com.st.stm32cube.ide.mcu.externaltools.gnu-tools-for-stm32.13.3.rel1.win32_1.0.0.202411081344/tools/bin/../lib/gcc/arm-none-eabi/13.3.1/../../../../arm-none-eabi/lib/thumb/v7e-m+fp/hard\libc_nano.a(libc_a-fwalk.o)
                              D:/My_user/STM32CubeIDE_1.19.0/STM32CubeIDE/plugins/com.st.stm32cube.ide.mcu.externaltools.gnu-tools-for-stm32.13.3.rel1.win32_1.0.0.202411081344/tools/bin/../lib/gcc/arm-none-eabi/13.3.1/../../../../arm-none-eabi/lib/thumb/v7e-m+fp/hard\libc_nano.a(libc_a-findfp.o) (_fwalk_sglue)
D:/My_user/STM32CubeIDE_1.19.0/STM32CubeIDE/plugins/com.st.stm32cube.ide.mcu.externaltools.gnu-tools-for-stm32.13.3.rel1.win32_1.0.0.202411081344/tools/bin/../lib/gcc/arm-none-eabi/13.3.1/../../../../arm-none-eabi/lib/thumb/v7e-m+fp/hard\libc_nano.a(libc_a-stdio.o)
                              D:/My_user/STM32CubeIDE_1.19.0/STM32CubeIDE/plugins/com.st.stm32cube.ide.mcu.externaltools.gnu-tools-for-stm32.13.3.rel1.win32_1.0.0.202411081344/tools/bin/../lib/gcc/arm-none-eabi/13.3.1/../../../../arm-none-eabi/lib/thumb/v7e-m+fp/hard\libc_nano.a(libc_a-findfp.o) (__sread)
D:/My_user/STM32CubeIDE_1.19.0/STM32CubeIDE/plugins/com.st.stm32cube.ide.mcu.externaltools.gnu-tools-for-stm32.13.3.rel1.win32_1.0.0.202411081344/tools/bin/../lib/gcc/arm-none-eabi/13.3.1/../../../../arm-none-eabi/lib/thumb/v7e-m+fp/hard\libc_nano.a(libc_a-memset.o)
                              D:/My_user/STM32CubeIDE_1.19.0/STM32CubeIDE/plugins/com.st.stm32cube.ide.mcu.externaltools.gnu-tools-for-stm32.13.3.rel1.win32_1.0.0.202411081344/tools/bin/../lib/gcc/arm-none-eabi/13.3.1/../../../../arm-none-eabi/lib/thumb/v7e-m+fp/hard/crt0.o (memset)
D:/My_user/STM32CubeIDE_1.19.0/STM32CubeIDE/plugins/com.st.stm32cube.ide.mcu.externaltools.gnu-tools-for-stm32.13.3.rel1.win32_1.0.0.202411081344/tools/bin/../lib/gcc/arm-none-eabi/13.3.1/../../../../arm-none-eabi/lib/thumb/v7e-m+fp/hard\libc_nano.a(libc_a-closer.o)
                              D:/My_user/STM32CubeIDE_1.19.0/STM32CubeIDE/plugins/com.st.stm32cube.ide.mcu.externaltools.gnu-tools-for-stm32.13.3.rel1.win32_1.0.0.202411081344/tools/bin/../lib/gcc/arm-none-eabi/13.3.1/../../../../arm-none-eabi/lib/thumb/v7e-m+fp/hard\libc_nano.a(libc_a-stdio.o) (_close_r)
D:/My_user/STM32CubeIDE_1.19.0/STM32CubeIDE/plugins/com.st.stm32cube.ide.mcu.externaltools.gnu-tools-for-stm32.13.3.rel1.win32_1.0.0.202411081344/tools/bin/../lib/gcc/arm-none-eabi/13.3.1/../../../../arm-none-eabi/lib/thumb/v7e-m+fp/hard\libc_nano.a(libc_a-reent.o)
                              D:/My_user/STM32CubeIDE_1.19.0/STM32CubeIDE/plugins/com.st.stm32cube.ide.mcu.externaltools.gnu-tools-for-stm32.13.3.rel1.win32_1.0.0.202411081344/tools/bin/../lib/gcc/arm-none-eabi/13.3.1/../../../../arm-none-eabi/lib/thumb/v7e-m+fp/hard\libc_nano.a(libc_a-closer.o) (errno)
D:/My_user/STM32CubeIDE_1.19.0/STM32CubeIDE/plugins/com.st.stm32cube.ide.mcu.externaltools.gnu-tools-for-stm32.13.3.rel1.win32_1.0.0.202411081344/tools/bin/../lib/gcc/arm-none-eabi/13.3.1/../../../../arm-none-eabi/lib/thumb/v7e-m+fp/hard\libc_nano.a(libc_a-impure.o)
                              D:/My_user/STM32CubeIDE_1.19.0/STM32CubeIDE/plugins/com.st.stm32cube.ide.mcu.externaltools.gnu-tools-for-stm32.13.3.rel1.win32_1.0.0.202411081344/tools/bin/../lib/gcc/arm-none-eabi/13.3.1/../../../../arm-none-eabi/lib/thumb/v7e-m+fp/hard\libc_nano.a(libc_a-reent.o) (_impure_ptr)
D:/My_user/STM32CubeIDE_1.19.0/STM32CubeIDE/plugins/com.st.stm32cube.ide.mcu.externaltools.gnu-tools-for-stm32.13.3.rel1.win32_1.0.0.202411081344/tools/bin/../lib/gcc/arm-none-eabi/13.3.1/../../../../arm-none-eabi/lib/thumb/v7e-m+fp/hard\libc_nano.a(libc_a-lseekr.o)
[...]
Memory Configuration

Name             Origin             Length             Attributes
RAM              0x20000000         0x00018000         xrw
SRAM2            0x10000000         0x00008000         xrw
FLASH            0x08000000         0x00100000         xr
*default*        0x00000000         0xffffffff

Linker script and memory map

LOAD D:/My_user/STM32CubeIDE_1.19.0/STM32CubeIDE/plugins/com.st.stm32cube.ide.mcu.externaltools.gnu-tools-for-stm32.13.3.rel1.win32_1.0.0.202411081344/tools/bin/../lib/gcc/arm-none-eabi/13.3.1/thumb/v7e-m+fp/hard/crti.o
LOAD D:/My_user/STM32CubeIDE_1.19.0/STM32CubeIDE/plugins/com.st.stm32cube.ide.mcu.externaltools.gnu-tools-for-stm32.13.3.rel1.win32_1.0.0.202411081344/tools/bin/../lib/gcc/arm-none-eabi/13.3.1/thumb/v7e-m+fp/hard/crtbegin.o
LOAD D:/My_user/STM32CubeIDE_1.19.0/STM32CubeIDE/plugins/com.st.stm32cube.ide.mcu.externaltools.gnu-tools-for-stm32.13.3.rel1.win32_1.0.0.202411081344/tools/bin/../lib/gcc/arm-none-eabi/13.3.1/../../../../arm-none-eabi/lib/thumb/v7e-m+fp/hard/crt0.o
LOAD ./Src/main.o
LOAD ./Src/syscalls.o
LOAD ./Src/sysmem.o
LOAD ./Startup/startup_stm32l476rgtx.o
LOAD ./drivers/src/stm32l476xx_gpio_driver.o
START GROUP
LOAD D:/My_user/STM32CubeIDE_1.19.0/STM32CubeIDE/plugins/com.st.stm32cube.ide.mcu.externaltools.gnu-tools-for-stm32.13.3.rel1.win32_1.0.0.202411081344/tools/bin/../lib/gcc/arm-none-eabi/13.3.1/../../../../arm-none-eabi/lib/thumb/v7e-m+fp/hard\libc_nano.a
LOAD D:/My_user/STM32CubeIDE_1.19.0/STM32CubeIDE/plugins/com.st.stm32cube.ide.mcu.externaltools.gnu-tools-for-stm32.13.3.rel1.win32_1.0.0.202411081344/tools/bin/../lib/gcc/arm-none-eabi/13.3.1/../../../../arm-none-eabi/lib/thumb/v7e-m+fp/hard\libm.a
END GROUP
START GROUP
LOAD D:/My_user/STM32CubeIDE_1.19.0/STM32CubeIDE/plugins/com.st.stm32cube.ide.mcu.externaltools.gnu-tools-for-stm32.13.3.rel1.win32_1.0.0.202411081344/tools/bin/../lib/gcc/arm-none-eabi/13.3.1/thumb/v7e-m+fp/hard\libgcc.a
LOAD D:/My_user/STM32CubeIDE_1.19.0/STM32CubeIDE/plugins/com.st.stm32cube.ide.mcu.externaltools.gnu-tools-for-stm32.13.3.rel1.win32_1.0.0.202411081344/tools/bin/../lib/gcc/arm-none-eabi/13.3.1/../../../../arm-none-eabi/lib/thumb/v7e-m+fp/hard\libc_nano.a
END GROUP
START GROUP
LOAD D:/My_user/STM32CubeIDE_1.19.0/STM32CubeIDE/plugins/com.st.stm32cube.ide.mcu.externaltools.gnu-tools-for-stm32.13.3.rel1.win32_1.0.0.202411081344/tools/bin/../lib/gcc/arm-none-eabi/13.3.1/thumb/v7e-m+fp/hard\libgcc.a
LOAD D:/My_user/STM32CubeIDE_1.19.0/STM32CubeIDE/plugins/com.st.stm32cube.ide.mcu.externaltools.gnu-tools-for-stm32.13.3.rel1.win32_1.0.0.202411081344/tools/bin/../lib/gcc/arm-none-eabi/13.3.1/../../../../arm-none-eabi/lib/thumb/v7e-m+fp/hard\libc_nano.a
LOAD D:/My_user/STM32CubeIDE_1.19.0/STM32CubeIDE/plugins/com.st.stm32cube.ide.mcu.externaltools.gnu-tools-for-stm32.13.3.rel1.win32_1.0.0.202411081344/tools/bin/../lib/gcc/arm-none-eabi/13.3.1/../../../../arm-none-eabi/lib/thumb/v7e-m+fp/hard\libnosys.a
END GROUP
START GROUP
LOAD D:/My_user/STM32CubeIDE_1.19.0/STM32CubeIDE/plugins/com.st.stm32cube.ide.mcu.externaltools.gnu-tools-for-stm32.13.3.rel1.win32_1.0.0.202411081344/tools/bin/../lib/gcc/arm-none-eabi/13.3.1/thumb/v7e-m+fp/hard\libgcc.a
LOAD D:/My_user/STM32CubeIDE_1.19.0/STM32CubeIDE/plugins/com.st.stm32cube.ide.mcu.externaltools.gnu-tools-for-stm32.13.3.rel1.win32_1.0.0.202411081344/tools/bin/../lib/gcc/arm-none-eabi/13.3.1/../../../../arm-none-eabi/lib/thumb/v7e-m+fp/hard\libc_nano.a
LOAD D:/My_user/STM32CubeIDE_1.19.0/STM32CubeIDE/plugins/com.st.stm32cube.ide.mcu.externaltools.gnu-tools-for-stm32.13.3.rel1.win32_1.0.0.202411081344/tools/bin/../lib/gcc/arm-none-eabi/13.3.1/../../../../arm-none-eabi/lib/thumb/v7e-m+fp/hard\libnosys.a
END GROUP
LOAD D:/My_user/STM32CubeIDE_1.19.0/STM32CubeIDE/plugins/com.st.stm32cube.ide.mcu.externaltools.gnu-tools-for-stm32.13.3.rel1.win32_1.0.0.202411081344/tools/bin/../lib/gcc/arm-none-eabi/13.3.1/thumb/v7e-m+fp/hard/crtend.o
LOAD D:/My_user/STM32CubeIDE_1.19.0/STM32CubeIDE/plugins/com.st.stm32cube.ide.mcu.externaltools.gnu-tools-for-stm32.13.3.rel1.win32_1.0.0.202411081344/tools/bin/../lib/gcc/arm-none-eabi/13.3.1/thumb/v7e-m+fp/hard/crtn.o
                0x20018000                        _estack = (ORIGIN (RAM) + LENGTH (RAM))
                0x00000200                        _Min_Heap_Size = 0x200
                0x00000400                        _Min_Stack_Size = 0x400

.isr_vector     0x08000000      0x18c
                0x08000000                        . = ALIGN (0x4)
 *(.isr_vector)
 .isr_vector    0x08000000      0x18c ./Startup/startup_stm32l476rgtx.o
                0x08000000                g_pfnVectors
                0x0800018c                        . = ALIGN (0x4)

.text           0x0800018c      0x734
                0x0800018c                        . = ALIGN (0x4)
 *(.text)
 .text          0x0800018c       0x40 D:/My_user/STM32CubeIDE_1.19.0/STM32CubeIDE/plugins/com.st.stm32cube.ide.mcu.externaltools.gnu-tools-for-stm32.13.3.rel1.win32_1.0.0.202411081344/tools/bin/../lib/gcc/arm-none-eabi/13.3.1/thumb/v7e-m+fp/hard/crtbegin.o
 *(.text*)
 .text.delay    0x080001cc       0x2c ./Src/main.o
                0x080001cc                delay
 .text.main     0x080001f8       0x7c ./Src/main.o
                0x080001f8                main
 .text.Reset_Handler
                0x08000274       0x50 ./Startup/startup_stm32l476rgtx.o
                0x08000274                Reset_Handler
 .text.Default_Handler
                0x080002c4        0x2 ./Startup/startup_stm32l476rgtx.o
                0x080002c4                EXTI2_IRQHandler
                0x080002c4                TIM8_TRG_COM_IRQHandler
                0x080002c4                TIM8_CC_IRQHandler
                0x080002c4                DebugMon_Handler
                0x080002c4                DMA1_CH4_IRQHandler
                0x080002c4                TIM1_CC_IRQHandler
                0x080002c4                TSC_IRQHandler
                0x080002c4                HardFault_Handler
                0x080002c4                SysTick_Handler
                0x080002c4                TAMP_STAMP_IRQHandler
                0x080002c4                PendSV_Handler
                0x080002c4                NMI_Handler
                0x080002c4                EXTI3_IRQHandler
                0x080002c4                LPTIM2_IRQHandler
                0x080002c4                DFSDM1_FLT1_IRQHandler
                0x080002c4                I2C3_ER_IRQHandler
                0x080002c4                DFSDM1_FLT2_IRQHandler
                0x080002c4                TIM6_DACUNDER_IRQHandler
                0x080002c4                EXTI0_IRQHandler
                0x080002c4                I2C2_EV_IRQHandler
                0x080002c4                DMA2_CH1_IRQHandler
                0x080002c4                CAN1_RX0_IRQHandler
                0x080002c4                FPU_IRQHandler
                0x080002c4                TIM1_UP_TIM16_IRQHandler
                0x080002c4                DMA2_CH7_IRQHandler
                0x080002c4                UsageFault_Handler
                0x080002c4                ADC1_2_IRQHandler
                0x080002c4                SPI1_IRQHandler
                0x080002c4                DMA1_CH7_IRQHandler
                0x080002c4                TIM8_UP_IRQHandler
                0x080002c4                RTC_ALARM_IRQHandler
                0x080002c4                SAI2_IRQHandler
                0x080002c4                DFSDM1_FLT3_IRQHandler
                0x080002c4                DMA1_CH6_IRQHandler
                0x080002c4                USART3_IRQHandler
                0x080002c4                CAN1_RX1_IRQHandler
                0x080002c4                LCD_IRQHandler
                0x080002c4                UART5_IRQHandler
                0x080002c4                ADC3_IRQHandler
                0x080002c4                TIM4_IRQHandler
                0x080002c4                QUADSPI_IRQHandler
                0x080002c4                I2C1_EV_IRQHandler
                0x080002c4                DMA2_CH5_IRQHandler
                0x080002c4                UART4_IRQHandler
                0x080002c4                DMA1_CH3_IRQHandler
                0x080002c4                TIM3_IRQHandler
                0x080002c4                RCC_IRQHandler
                0x080002c4                Default_Handler
                0x080002c4                EXTI15_10_IRQHandler
                0x080002c4                TIM7_IRQHandler
                0x080002c4                SDMMC1_IRQHandler
                0x080002c4                TIM5_IRQHandler
                0x080002c4                I2C3_EV_IRQHandler
                0x080002c4                EXTI9_5_IRQHandler
                0x080002c4                DMA1_CH2_IRQHandler
                0x080002c4                RTC_WKUP_IRQHandler
                0x080002c4                PVD_PVM_IRQHandler
                0x080002c4                SPI2_IRQHandler
                0x080002c4                DMA1_CH1_IRQHandler
                0x080002c4                MemManage_Handler
                0x080002c4                CAN1_TX_IRQHandler
                0x080002c4                SVC_Handler
                0x080002c4                CRS_IRQHandler
                0x080002c4                EXTI4_IRQHandler
                0x080002c4                RNG_IRQHandler
                0x080002c4                TIM1_TRG_COM_TIM17_IRQHandler
                0x080002c4                COMP_IRQHandler
                0x080002c4                WWDG_IRQHandler
                0x080002c4                LPUART1_IRQHandler
                0x080002c4                TIM2_IRQHandler
                0x080002c4                EXTI1_IRQHandler
                0x080002c4                USART2_IRQHandler
                0x080002c4                DFSDM1_FLT0_IRQHandler
                0x080002c4                I2C2_ER_IRQHandler
                0x080002c4                TIM8_BRK_IRQHandler
                0x080002c4                CAN1_SCE_IRQHandler
                0x080002c4                FLASH_IRQHandler
                0x080002c4                BusFault_Handler
                0x080002c4                USART1_IRQHandler
                0x080002c4                OTG_FS_IRQHandler
                0x080002c4                SPI3_IRQHandler
                0x080002c4                DMA2_CH6_IRQHandler
                0x080002c4                DMA2_CH3_IRQHandler
                0x080002c4                DMA2_CH2_IRQHandler
                0x080002c4                I2C1_ER_IRQHandler
                0x080002c4                FMC_IRQHandler
                0x080002c4                DMA1_CH5_IRQHandler
                0x080002c4                DMA2_CH4_IRQHandler
                0x080002c4                SWPMI1_IRQHandler
                0x080002c4                LPTIM1_IRQHandler
                0x080002c4                SAI1_IRQHandler
                0x080002c4                TIM1_BRK_TIM15_IRQHandler
 *fill*         0x080002c6        0x2 
 .text.GPIO_PeriClockControl
                0x080002c8      0x1cc ./drivers/src/stm32l476xx_gpio_driver.o
                0x080002c8                GPIO_PeriClockControl
 .text.GPIO_Init
                0x08000494      0x374 ./drivers/src/stm32l476xx_gpio_driver.o
                0x08000494                GPIO_Init
 .text.GPIO_ReadFromInputPin
                0x08000808       0x2c ./drivers/src/stm32l476xx_gpio_driver.o
                0x08000808                GPIO_ReadFromInputPin
 .text.GPIO_ToggleOutputPin
                0x08000834       0x2a ./drivers/src/stm32l476xx_gpio_driver.o
                0x08000834                GPIO_ToggleOutputPin
 *fill*         0x0800085e        0x2 
 .text.__libc_init_array
                0x08000860       0x48 D:/My_user/STM32CubeIDE_1.19.0/STM32CubeIDE/plugins/com.st.stm32cube.ide.mcu.externaltools.gnu-tools-for-stm32.13.3.rel1.win32_1.0.0.202411081344/tools/bin/../lib/gcc/arm-none-eabi/13.3.1/../../../../arm-none-eabi/lib/thumb/v7e-m+fp/hard\libc_nano.a(libc_a-init.o)
                0x08000860                __libc_init_array
 *(.glue_7)
 .glue_7        0x080008a8        0x0 linker stubs
 *(.glue_7t)
 .glue_7t       0x080008a8        0x0 linker stubs
 *(.eh_frame)
 .eh_frame      0x080008a8        0x0 D:/My_user/STM32CubeIDE_1.19.0/STM32CubeIDE/plugins/com.st.stm32cube.ide.mcu.externaltools.gnu-tools-for-stm32.13.3.rel1.win32_1.0.0.202411081344/tools/bin/../lib/gcc/arm-none-eabi/13.3.1/thumb/v7e-m+fp/hard/crtbegin.o
 *(.init)
 .init          0x080008a8        0x4 D:/My_user/STM32CubeIDE_1.19.0/STM32CubeIDE/plugins/com.st.stm32cube.ide.mcu.externaltools.gnu-tools-for-stm32.13.3.rel1.win32_1.0.0.202411081344/tools/bin/../lib/gcc/arm-none-eabi/13.3.1/thumb/v7e-m+fp/hard/crti.o
                0x080008a8                _init
 .init          0x080008ac        0x8 D:/My_user/STM32CubeIDE_1.19.0/STM32CubeIDE/plugins/com.st.stm32cube.ide.mcu.externaltools.gnu-tools-for-stm32.13.3.rel1.win32_1.0.0.202411081344/tools/bin/../lib/gcc/arm-none-eabi/13.3.1/thumb/v7e-m+fp/hard/crtn.o
 *(.fini)
 .fini          0x080008b4        0x4 D:/My_user/STM32CubeIDE_1.19.0/STM32CubeIDE/plugins/com.st.stm32cube.ide.mcu.externaltools.gnu-tools-for-stm32.13.3.rel1.win32_1.0.0.202411081344/tools/bin/../lib/gcc/arm-none-eabi/13.3.1/thumb/v7e-m+fp/hard/crti.o
                0x080008b4                _fini
 .fini          0x080008b8        0x8 D:/My_user/STM32CubeIDE_1.19.0/STM32CubeIDE/plugins/com.st.stm32cube.ide.mcu.externaltools.gnu-tools-for-stm32.13.3.rel1.win32_1.0.0.202411081344/tools/bin/../lib/gcc/arm-none-eabi/13.3.1/thumb/v7e-m+fp/hard/crtn.o
                0x080008c0                        . = ALIGN (0x4)
                0x080008c0                        _etext = .

.vfp11_veneer   0x080008c0        0x0
 .vfp11_veneer  0x080008c0        0x0 linker stubs

.v4_bx          0x080008c0        0x0
 .v4_bx         0x080008c0        0x0 linker stubs

.iplt           0x080008c0        0x0
 .iplt          0x080008c0        0x0 D:/My_user/STM32CubeIDE_1.19.0/STM32CubeIDE/plugins/com.st.stm32cube.ide.mcu.externaltools.gnu-tools-for-stm32.13.3.rel1.win32_1.0.0.202411081344/tools/bin/../lib/gcc/arm-none-eabi/13.3.1/thumb/v7e-m+fp/hard/crtbegin.o

.rodata         0x080008c0        0x0
                0x080008c0                        . = ALIGN (0x4)
 *(.rodata)
 *(.rodata*)
                0x080008c0                        . = ALIGN (0x4)

.ARM.extab      0x080008c0        0x0
                0x080008c0                        . = ALIGN (0x4)
 *(.ARM.extab* .gnu.linkonce.armextab.*)
                0x080008c0                        . = ALIGN (0x4)

.ARM            0x080008c0        0x0
                0x080008c0                        . = ALIGN (0x4)
                0x080008c0                        __exidx_start = .
 *(.ARM.exidx*)
                0x080008c0                        __exidx_end = .
                0x080008c0                        . = ALIGN (0x4)

.preinit_array  0x080008c0        0x0
                0x080008c0                        . = ALIGN (0x4)
                0x080008c0                        PROVIDE (__preinit_array_start = .)
 *(.preinit_array*)
                0x080008c0                        PROVIDE (__preinit_array_end = .)
                0x080008c0                        . = ALIGN (0x4)

.init_array     0x080008c0        0x4
                0x080008c0                        . = ALIGN (0x4)
                0x080008c0                        PROVIDE (__init_array_start = .)
 *(SORT_BY_NAME(.init_array.*))
 *(.init_array*)
 .init_array    0x080008c0        0x4 D:/My_user/STM32CubeIDE_1.19.0/STM32CubeIDE/plugins/com.st.stm32cube.ide.mcu.externaltools.gnu-tools-for-stm32.13.3.rel1.win32_1.0.0.202411081344/tools/bin/../lib/gcc/arm-none-eabi/13.3.1/thumb/v7e-m+fp/hard/crtbegin.o
                0x080008c4                        PROVIDE (__init_array_end = .)
                0x080008c4                        . = ALIGN (0x4)

.fini_array     0x080008c4        0x4
                0x080008c4                        . = ALIGN (0x4)
                [!provide]                        PROVIDE (__fini_array_start = .)
 *(SORT_BY_NAME(.fini_array.*))
 *(.fini_array*)
 .fini_array    0x080008c4        0x4 D:/My_user/STM32CubeIDE_1.19.0/STM32CubeIDE/plugins/com.st.stm32cube.ide.mcu.externaltools.gnu-tools-for-stm32.13.3.rel1.win32_1.0.0.202411081344/tools/bin/../lib/gcc/arm-none-eabi/13.3.1/thumb/v7e-m+fp/hard/crtbegin.o
                [!provide]                        PROVIDE (__fini_array_end = .)
                0x080008c8                        . = ALIGN (0x4)
                0x080008c8                        _sidata = LOADADDR (.data)

.rel.dyn        0x080008c8        0x0
 .rel.iplt      0x080008c8        0x0 D:/My_user/STM32CubeIDE_1.19.0/STM32CubeIDE/plugins/com.st.stm32cube.ide.mcu.externaltools.gnu-tools-for-stm32.13.3.rel1.win32_1.0.0.202411081344/tools/bin/../lib/gcc/arm-none-eabi/13.3.1/thumb/v7e-m+fp/hard/crtbegin.o

.data           0x20000000        0x0 load address 0x080008c8
                0x20000000                        . = ALIGN (0x4)
                0x20000000                        _sdata = .
 *(.data)
 *(.data*)
 *(.RamFunc)
 *(.RamFunc*)
                0x20000000                        . = ALIGN (0x4)
                0x20000000                        _edata = .
                0x080008c8                        _sisram2 = LOADADDR (.sram2)

.igot.plt       0x20000000        0x0 load address 0x080008c8
 .igot.plt      0x20000000        0x0 D:/My_user/STM32CubeIDE_1.19.0/STM32CubeIDE/plugins/com.st.stm32cube.ide.mcu.externaltools.gnu-tools-for-stm32.13.3.rel1.win32_1.0.0.202411081344/tools/bin/../lib/gcc/arm-none-eabi/13.3.1/thumb/v7e-m+fp/hard/crtbegin.o

.sram2          0x10000000        0x0 load address 0x080008c8
                0x10000000                        . = ALIGN (0x4)
                0x10000000                        _ssram2 = .
 *(.sram2)
 *(.sram2*)
                0x10000000                        . = ALIGN (0x4)
                0x10000000                        _esram2 = .
                0x10000000                        . = ALIGN (0x4)

.bss            0x20000000       0x1c
                0x20000000                        _sbss = .
                0x20000000                        __bss_start__ = _sbss
 *(.bss)
 .bss           0x20000000       0x1c D:/My_user/STM32CubeIDE_1.19.0/STM32CubeIDE/plugins/com.st.stm32cube.ide.mcu.externaltools.gnu-tools-for-stm32.13.3.rel1.win32_1.0.0.202411081344/tools/bin/../lib/gcc/arm-none-eabi/13.3.1/thumb/v7e-m+fp/hard/crtbegin.o
 *(.bss*)
 *(COMMON)
                0x2000001c                        . = ALIGN (0x4)
                0x2000001c                        _ebss = .
                0x2000001c                        __bss_end__ = _ebss

._user_heap_stack
                0x2000001c      0x604
                0x20000020                        . = ALIGN (0x8)
 *fill*         0x2000001c        0x4 
                [!provide]                        PROVIDE (end = .)
                0x20000020                        PROVIDE (_end = .)
                0x20000220                        . = (. + _Min_Heap_Size)
 *fill*         0x20000020      0x200 
                0x20000620                        . = (. + _Min_Stack_Size)
 *fill*         0x20000220      0x400 
                0x20000620                        . = ALIGN (0x8)

/DISCARD/
 libc.a(*)
 libm.a(*)
 libgcc.a(*)

.ARM.attributes
                0x00000000       0x30
 *(.ARM.attributes)
 .ARM.attributes
                0x00000000       0x22 D:/My_user/STM32CubeIDE_1.19.0/STM32CubeIDE/plugins/com.st.stm32cube.ide.mcu.externaltools.gnu-tools-for-stm32.13.3.rel1.win32_1.0.0.202411081344/tools/bin/../lib/gcc/arm-none-eabi/13.3.1/thumb/v7e-m+fp/hard/crti.o
 .ARM.attributes
                0x00000022       0x34 D:/My_user/STM32CubeIDE_1.19.0/STM32CubeIDE/plugins/com.st.stm32cube.ide.mcu.externaltools.gnu-tools-for-stm32.13.3.rel1.win32_1.0.0.202411081344/tools/bin/../lib/gcc/arm-none-eabi/13.3.1/thumb/v7e-m+fp/hard/crtbegin.o
 .ARM.attributes
                0x00000056       0x34 ./Src/main.o
 .ARM.attributes
                0x0000008a       0x21 ./Startup/startup_stm32l476rgtx.o
 .ARM.attributes
                0x000000ab       0x34 ./drivers/src/stm32l476xx_gpio_driver.o
 .ARM.attributes
                0x000000df       0x34 D:/My_user/STM32CubeIDE_1.19.0/STM32CubeIDE/plugins/com.st.stm32cube.ide.mcu.externaltools.gnu-tools-for-stm32.13.3.rel1.win32_1.0.0.202411081344/tools/bin/../lib/gcc/arm-none-eabi/13.3.1/../../../../arm-none-eabi/lib/thumb/v7e-m+fp/hard\libc_nano.a(libc_a-init.o)
 .ARM.attributes
                0x00000113       0x22 D:/My_user/STM32CubeIDE_1.19.0/STM32CubeIDE/plugins/com.st.stm32cube.ide.mcu.externaltools.gnu-tools-for-stm32.13.3.rel1.win32_1.0.0.202411081344/tools/bin/../lib/gcc/arm-none-eabi/13.3.1/thumb/v7e-m+fp/hard/crtn.o
OUTPUT(GPIO_Driver_led_blink.elf elf32-littlearm)
LOAD linker stubs
LOAD D:/My_user/STM32CubeIDE_1.19.0/STM32CubeIDE/plugins/com.st.stm32cube.ide.mcu.externaltools.gnu-tools-for-stm32.13.3.rel1.win32_1.0.0.202411081344/tools/bin/../lib/gcc/arm-none-eabi/13.3.1/../../../../arm-none-eabi/lib/thumb/v7e-m+fp/hard\libc.a
LOAD D:/My_user/STM32CubeIDE_1.19.0/STM32CubeIDE/plugins/com.st.stm32cube.ide.mcu.externaltools.gnu-tools-for-stm32.13.3.rel1.win32_1.0.0.202411081344/tools/bin/../lib/gcc/arm-none-eabi/13.3.1/../../../../arm-none-eabi/lib/thumb/v7e-m+fp/hard\libm.a
LOAD D:/My_user/STM32CubeIDE_1.19.0/STM32CubeIDE/plugins/com.st.stm32cube.ide.mcu.externaltools.gnu-tools-for-stm32.13.3.rel1.win32_1.0.0.202411081344/tools/bin/../lib/gcc/arm-none-eabi/13.3.1/thumb/v7e-m+fp/hard\libgcc.a

.debug_info     0x00000000      0xa0b
 .debug_info    0x00000000      0x28f ./Src/main.o
 .debug_info    0x0000028f       0x30 ./Startup/startup_stm32l476rgtx.o
 .debug_info    0x000002bf      0x74c ./drivers/src/stm32l476xx_gpio_driver.o

.debug_abbrev   0x00000000      0x26b
 .debug_abbrev  0x00000000      0x12a ./Src/main.o
 .debug_abbrev  0x0000012a       0x24 ./Startup/startup_stm32l476rgtx.o
 .debug_abbrev  0x0000014e      0x11d ./drivers/src/stm32l476xx_gpio_driver.o

.debug_aranges  0x00000000       0xa8
 .debug_aranges
                0x00000000       0x28 ./Src/main.o
 .debug_aranges
                0x00000028       0x28 ./Startup/startup_stm32l476rgtx.o
 .debug_aranges
                0x00000050       0x58 ./drivers/src/stm32l476xx_gpio_driver.o

.debug_rnglists
                0x00000000       0x72
 .debug_rnglists
                0x00000000       0x19 ./Src/main.o
 .debug_rnglists
                0x00000019       0x19 ./Startup/startup_stm32l476rgtx.o
 .debug_rnglists
                0x00000032       0x40 ./drivers/src/stm32l476xx_gpio_driver.o

.debug_macro    0x00000000     0x138b
 .debug_macro   0x00000000       0x85 ./Src/main.o
 .debug_macro   0x00000085      0xae4 ./Src/main.o
 .debug_macro   0x00000b69       0x22 ./Src/main.o
 .debug_macro   0x00000b8b       0x8e ./Src/main.o
 .debug_macro   0x00000c19       0x51 ./Src/main.o
 .debug_macro   0x00000c6a      0x103 ./Src/main.o
 .debug_macro   0x00000d6d       0x6a ./Src/main.o
 .debug_macro   0x00000dd7      0x1df ./Src/main.o
 .debug_macro   0x00000fb6      0x28c ./Src/main.o
 .debug_macro   0x00001242       0xc4 ./Src/main.o
 .debug_macro   0x00001306       0x85 ./drivers/src/stm32l476xx_gpio_driver.o

.debug_line     0x00000000      0xe7b
 .debug_line    0x00000000      0x4d3 ./Src/main.o
 .debug_line    0x000004d3       0x7b ./Startup/startup_stm32l476rgtx.o
 .debug_line    0x0000054e      0x92d ./drivers/src/stm32l476xx_gpio_driver.o

.debug_str      0x00000000     0x525b
 .debug_str     0x00000000     0x525b ./Src/main.o
                               0x50fd (size before relaxing)
 .debug_str     0x0000525b       0x6c ./Startup/startup_stm32l476rgtx.o
 .debug_str     0x0000525b     0x5377 ./drivers/src/stm32l476xx_gpio_driver.o

.comment        0x00000000       0x43
 .comment       0x00000000       0x43 ./Src/main.o
                                 0x44 (size before relaxing)
 .comment       0x00000043       0x44 ./drivers/src/stm32l476xx_gpio_driver.o

.debug_frame    0x00000000      0x1d4
 .debug_frame   0x00000000       0x58 ./Src/main.o
 .debug_frame   0x00000058      0x150 ./drivers/src/stm32l476xx_gpio_driver.o
 .debug_frame   0x000001a8       0x2c D:/My_user/STM32CubeIDE_1.19.0/STM32CubeIDE/plugins/com.st.stm32cube.ide.mcu.externaltools.gnu-tools-for-stm32.13.3.rel1.win32_1.0.0.202411081344/tools/bin/../lib/gcc/arm-none-eabi/13.3.1/../../../../arm-none-eabi/lib/thumb/v7e-m+fp/hard\libc_nano.a(libc_a-init.o)

.debug_line_str
                0x00000000       0x50
 .debug_line_str
                0x00000000       0x50 ./Startup/startup_stm32l476rgtx.o
