../Src/main.c:44:6:SPI1_IRQHandler	8	static
../Src/main.c:50:5:main	40	static
../Src/main.c:68:6:delay	16	static
../Src/main.c:77:6:I2C1_GPIOInits	24	static
../Src/main.c:109:6:I2C1_Inits	8	static
../Src/main.c:127:6:SPI_GPIO_Init	24	static
../Src/main.c:169:6:SPI1_Inits	8	static
../Src/main.c:194:6:W25Q_WriteEnable	16	static
../Src/main.c:210:9:W25Q_ReadStatus	16	static
../Src/main.c:231:6:W25Q_WaitBusy	8	static
../Src/main.c:240:6:W25Q_ReadID	16	static
../Src/main.c:262:6:W25Q_EraseSector	24	static
../Src/main.c:288:6:W25Q_Write_IT	24	static
../Src/main.c:317:6:W25Q_Read_IT	24	static
../Src/main.c:336:6:SPI_ApplicationEventCallback	16	static
