../Src/main.c:42:6:SPI1_IRQHandler	8	static
../Src/main.c:46:6:I2C1_EV_IRQHandler	8	static
../Src/main.c:53:5:main	24	static
../Src/main.c:109:6:delay	16	static
../Src/main.c:118:6:I2C1_GPIOInits	24	static
../Src/main.c:150:6:I2C1_Inits	8	static
../Src/main.c:168:6:SPI_GPIO_Init	24	static
../Src/main.c:210:6:SPI1_Inits	8	static
../Src/main.c:235:6:W25Q_WriteEnable	16	static
../Src/main.c:251:9:W25Q_ReadStatus	16	static
../Src/main.c:272:6:W25Q_WaitBusy	8	static
../Src/main.c:281:6:W25Q_ReadID	16	static
../Src/main.c:303:6:W25Q_EraseSector	24	static
../Src/main.c:329:6:W25Q_Write_IT	24	static
../Src/main.c:358:6:W25Q_Read_IT	24	static
../Src/main.c:377:6:SPI_ApplicationEventCallback	16	static
