Archive member included to satisfy reference by file (symbol)

D:/My_user/STM32CubeIDE_1.19.0/STM32CubeIDE/plugins/com.st.stm32cube.ide.mcu.externaltools.gnu-tools-for-stm32.13.3.rel1.win32_1.0.0.202411081344/tools/bin/../lib/gcc/arm-none-eabi/13.3.1/../../../../arm-none-eabi/lib/thumb/v7e-m+fp/hard\libc_nano.a(libc_a-exit.o)
                              D:/My_user/STM32CubeIDE_1.19.0/STM32CubeIDE/plugins/com.st.stm32cube.ide.mcu.externaltools.gnu-tools-for-stm32.13.3.rel1.win32_1.0.0.202411081344/tools/bin/../lib/gcc/arm-none-eabi/13.3.1/../../../../arm-none-eabi/lib/thumb/v7e-m+fp/hard/crt0.o (exit)
D:/My_user/STM32CubeIDE_1.19.0/STM32CubeIDE/plugins/com.st.stm32cube.ide.mcu.externaltools.gnu-tools-for-stm32.13.3.rel1.win32_1.0.0.202411081344/tools/bin/../lib/gcc/arm-none-eabi/13.3.1/../../../../arm-none-eabi/lib/thumb/v7e-m+fp/hard\libc_nano.a(libc_a-findfp.o)
                              D:/My_user/STM32CubeIDE_1.19.0/STM32CubeIDE/plugins/com.st.stm32cube.ide.mcu.externaltools.gnu-tools-for-stm32.13.3.rel1.win32_1.0.0.202411081344/tools/bin/../lib/gcc/arm-none-eabi/13.3.1/../../../../arm-none-eabi/lib/thumb/v7e-m+fp/hard\libc_nano.a(libc_a-exit.o) (__stdio_exit_handler)
D:/My_user/STM32CubeIDE_1.19.0/STM32CubeIDE/plugins/com.st.stm32cube.ide.mcu.externaltools.gnu-tools-for-stm32.13.3.rel1.win32_1.0.0.202411081344/tools/bin/../lib/gcc/arm-none-eabi/13.3.1/../../../../arm-none-eabi/lib/thumb/v7e-m+fp/hard\libc_nano.a(libc_a-fwalk.o)
                              D:/My_user/STM32CubeIDE_1.19.0/STM32CubeIDE/plugins/com.st.stm32cube.ide.mcu.externaltools.gnu-tools-for-stm32.13.3.rel1.win32_1.0.0.202411081344/tools/bin/../lib/gcc/arm-none-eabi/13.3.1/../../../../arm-none-eabi/lib/thumb/v7e-m+fp/hard\libc_nano.a(libc_a-findfp.o) (_fwalk_sglue)
D:/My_user/STM32CubeIDE_1.19.0/STM32CubeIDE/plugins/com.st.stm32cube.ide.mcu.externaltools.gnu-tools-for-stm32.13.3.rel1.win32_1.0.0.202411081344/tools/bin/../lib/gcc/arm-none-eabi/13.3.1/../../../../arm-none-eabi/lib/thumb/v7e-m+fp/hard\libc_nano.a(libc_a-stdio.o)
                              D:/My_user/STM32CubeIDE_1.19.0/STM32CubeIDE/plugins/com.st.stm32cube.ide.mcu.externaltools.gnu-tools-for-stm32.13.3.rel1.win32_1.0.0.202411081344/tools/bin/../lib/gcc/arm-none-eabi/13.3.1/../../../../arm-none-eabi/lib/thumb/v7e-m+fp/hard\libc_nano.a(libc_a-findfp.o) (__sread)
D:/My_user/STM32CubeIDE_1.19.0/STM32CubeIDE/plugins/com.st.stm32cube.ide.mcu.externaltools.gnu-tools-for-stm32.13.3.rel1.win32_1.0.0.202411081344/tools/bin/../lib/gcc/arm-none-eabi/13.3.1/../../../../arm-none-eabi/lib/thumb/v7e-m+fp/hard\libc_nano.a(libc_a-memset.o)
                              D:/My_user/STM32CubeIDE_1.19.0/STM32CubeIDE/plugins/com.st.stm32cube.ide.mcu.externaltools.gnu-tools-for-stm32.13.3.rel1.win32_1.0.0.202411081344/tools/bin/../lib/gcc/arm-none-eabi/13.3.1/../../../../arm-none-eabi/lib/thumb/v7e-m+fp/hard/crt0.o (memset)
D:/My_user/STM32CubeIDE_1.19.0/STM32CubeIDE/plugins/com.st.stm32cube.ide.mcu.externaltools.gnu-tools-for-stm32.13.3.rel1.win32_1.0.0.202411081344/tools/bin/../lib/gcc/arm-none-eabi/13.3.1/../../../../arm-none-eabi/lib/thumb/v7e-m+fp/hard\libc_nano.a(libc_a-closer.o)
                              D:/My_user/STM32CubeIDE_1.19.0/STM32CubeIDE/plugins/com.st.stm32cube.ide.mcu.externaltools.gnu-tools-for-stm32.13.3.rel1.win32_1.0.0.202411081344/tools/bin/../lib/gcc/arm-none-eabi/13.3.1/../../../../arm-none-eabi/lib/thumb/v7e-m+fp/hard\libc_nano.a(libc_a-stdio.o) (_close_r)
D:/My_user/STM32CubeIDE_1.19.0/STM32CubeIDE/plugins/com.st.stm32cube.ide.mcu.externaltools.gnu-tools-for-stm32.13.3.rel1.win32_1.0.0.202411081344/tools/bin/../lib/gcc/arm-none-eabi/13.3.1/../../../../arm-none-eabi/lib/thumb/v7e-m+fp/hard\libc_nano.a(libc_a-reent.o)
                              D:/My_user/STM32CubeIDE_1.19.0/STM32CubeIDE/plugins/com.st.stm32cube.ide.mcu.externaltools.gnu-tools-for-stm32.13.3.rel1.win32_1.0.0.202411081344/tools/bin/../lib/gcc/arm-none-eabi/13.3.1/../../../../arm-none-eabi/lib/thumb/v7e-m+fp/hard\libc_nano.a(libc_a-closer.o) (errno)
D:/My_user/STM32CubeIDE_1.19.0/STM32CubeIDE/plugins/com.st.stm32cube.ide.mcu.externaltools.gnu-tools-for-stm32.13.3.rel1.win32_1.0.0.202411081344/tools/bin/../lib/gcc/arm-none-eabi/13.3.1/../../../../arm-none-eabi/lib/thumb/v7e-m+fp/hard\libc_nano.a(libc_a-impure.o)
                              D:/My_user/STM32CubeIDE_1.19.0/STM32CubeIDE/plugins/com.st.stm32cube.ide.mcu.externaltools.gnu-tools-for-stm32.13.3.rel1.win32_1.0.0.202411081344/tools/bin/../lib/gcc/arm-none-eabi/13.3.1/../../../../arm-none-eabi/lib/thumb/v7e-m+fp/hard\libc_nano.a(libc_a-reent.o) (_impure_ptr)
D:/My_user/STM32CubeIDE_1.19.0/STM32CubeIDE/plugins/com.st.stm32cube.ide.mcu.externaltools.gnu-tools-for-stm32.13.3.rel1.win32_1.0.0.202411081344/tools/bin/../lib/gcc/arm-none-eabi/13.3.1/../../../../arm-none-eabi/lib/thumb/v7e-m+fp/hard\libc_nano.a(libc_a-lseekr.o)
[...]
Memory Configuration

Name             Origin             Length             Attributes
RAM              0x20000000         0x00018000         xrw
SRAM2            0x10000000         0x00008000         xrw
FLASH            0x08000000         0x00100000         xr
*default*        0x00000000         0xffffffff

Linker script and memory map

LOAD D:/My_user/STM32CubeIDE_1.19.0/STM32CubeIDE/plugins/com.st.stm32cube.ide.mcu.externaltools.gnu-tools-for-stm32.13.3.rel1.win32_1.0.0.202411081344/tools/bin/../lib/gcc/arm-none-eabi/13.3.1/thumb/v7e-m+fp/hard/crti.o
LOAD D:/My_user/STM32CubeIDE_1.19.0/STM32CubeIDE/plugins/com.st.stm32cube.ide.mcu.externaltools.gnu-tools-for-stm32.13.3.rel1.win32_1.0.0.202411081344/tools/bin/../lib/gcc/arm-none-eabi/13.3.1/thumb/v7e-m+fp/hard/crtbegin.o
LOAD D:/My_user/STM32CubeIDE_1.19.0/STM32CubeIDE/plugins/com.st.stm32cube.ide.mcu.externaltools.gnu-tools-for-stm32.13.3.rel1.win32_1.0.0.202411081344/tools/bin/../lib/gcc/arm-none-eabi/13.3.1/../../../../arm-none-eabi/lib/thumb/v7e-m+fp/hard/crt0.o
LOAD ./Src/main.o
LOAD ./Src/syscalls.o
LOAD ./Src/sysmem.o
LOAD ./Startup/startup_stm32l476rgtx.o
LOAD ./drivers/src/STM32_Spi_Driver.o
LOAD ./drivers/src/stm32l476xx_gpio_driver.o
START GROUP
LOAD D:/My_user/STM32CubeIDE_1.19.0/STM32CubeIDE/plugins/com.st.stm32cube.ide.mcu.externaltools.gnu-tools-for-stm32.13.3.rel1.win32_1.0.0.202411081344/tools/bin/../lib/gcc/arm-none-eabi/13.3.1/../../../../arm-none-eabi/lib/thumb/v7e-m+fp/hard\libc_nano.a
LOAD D:/My_user/STM32CubeIDE_1.19.0/STM32CubeIDE/plugins/com.st.stm32cube.ide.mcu.externaltools.gnu-tools-for-stm32.13.3.rel1.win32_1.0.0.202411081344/tools/bin/../lib/gcc/arm-none-eabi/13.3.1/../../../../arm-none-eabi/lib/thumb/v7e-m+fp/hard\libm.a
END GROUP
START GROUP
LOAD D:/My_user/STM32CubeIDE_1.19.0/STM32CubeIDE/plugins/com.st.stm32cube.ide.mcu.externaltools.gnu-tools-for-stm32.13.3.rel1.win32_1.0.0.202411081344/tools/bin/../lib/gcc/arm-none-eabi/13.3.1/thumb/v7e-m+fp/hard\libgcc.a
LOAD D:/My_user/STM32CubeIDE_1.19.0/STM32CubeIDE/plugins/com.st.stm32cube.ide.mcu.externaltools.gnu-tools-for-stm32.13.3.rel1.win32_1.0.0.202411081344/tools/bin/../lib/gcc/arm-none-eabi/13.3.1/../../../../arm-none-eabi/lib/thumb/v7e-m+fp/hard\libc_nano.a
END GROUP
START GROUP
LOAD D:/My_user/STM32CubeIDE_1.19.0/STM32CubeIDE/plugins/com.st.stm32cube.ide.mcu.externaltools.gnu-tools-for-stm32.13.3.rel1.win32_1.0.0.202411081344/tools/bin/../lib/gcc/arm-none-eabi/13.3.1/thumb/v7e-m+fp/hard\libgcc.a
LOAD D:/My_user/STM32CubeIDE_1.19.0/STM32CubeIDE/plugins/com.st.stm32cube.ide.mcu.externaltools.gnu-tools-for-stm32.13.3.rel1.win32_1.0.0.202411081344/tools/bin/../lib/gcc/arm-none-eabi/13.3.1/../../../../arm-none-eabi/lib/thumb/v7e-m+fp/hard\libc_nano.a
LOAD D:/My_user/STM32CubeIDE_1.19.0/STM32CubeIDE/plugins/com.st.stm32cube.ide.mcu.externaltools.gnu-tools-for-stm32.13.3.rel1.win32_1.0.0.202411081344/tools/bin/../lib/gcc/arm-none-eabi/13.3.1/../../../../arm-none-eabi/lib/thumb/v7e-m+fp/hard\libnosys.a
END GROUP
START GROUP
LOAD D:/My_user/STM32CubeIDE_1.19.0/STM32CubeIDE/plugins/com.st.stm32cube.ide.mcu.externaltools.gnu-tools-for-stm32.13.3.rel1.win32_1.0.0.202411081344/tools/bin/../lib/gcc/arm-none-eabi/13.3.1/thumb/v7e-m+fp/hard\libgcc.a
LOAD D:/My_user/STM32CubeIDE_1.19.0/STM32CubeIDE/plugins/com.st.stm32cube.ide.mcu.externaltools.gnu-tools-for-stm32.13.3.rel1.win32_1.0.0.202411081344/tools/bin/../lib/gcc/arm-none-eabi/13.3.1/../../../../arm-none-eabi/lib/thumb/v7e-m+fp/hard\libc_nano.a
LOAD D:/My_user/STM32CubeIDE_1.19.0/STM32CubeIDE/plugins/com.st.stm32cube.ide.mcu.externaltools.gnu-tools-for-stm32.13.3.rel1.win32_1.0.0.202411081344/tools/bin/../lib/gcc/arm-none-eabi/13.3.1/../../../../arm-none-eabi/lib/thumb/v7e-m+fp/hard\libnosys.a
END GROUP
LOAD D:/My_user/STM32CubeIDE_1.19.0/STM32CubeIDE/plugins/com.st.stm32cube.ide.mcu.externaltools.gnu-tools-for-stm32.13.3.rel1.win32_1.0.0.202411081344/tools/bin/../lib/gcc/arm-none-eabi/13.3.1/thumb/v7e-m+fp/hard/crtend.o
LOAD D:/My_user/STM32CubeIDE_1.19.0/STM32CubeIDE/plugins/com.st.stm32cube.ide.mcu.externaltools.gnu-tools-for-stm32.13.3.rel1.win32_1.0.0.202411081344/tools/bin/../lib/gcc/arm-none-eabi/13.3.1/thumb/v7e-m+fp/hard/crtn.o
                0x20018000                        _estack = (ORIGIN (RAM) + LENGTH (RAM))
                0x00000200                        _Min_Heap_Size = 0x200
                0x00000400                        _Min_Stack_Size = 0x400

.isr_vector     0x08000000      0x18c
                0x08000000                        . = ALIGN (0x4)
 *(.isr_vector)
 .isr_vector    0x08000000      0x18c ./Startup/startup_stm32l476rgtx.o
                0x08000000                g_pfnVectors
                0x0800018c                        . = ALIGN (0x4)

.text           0x0800018c      0xd70
                0x0800018c                        . = ALIGN (0x4)
 *(.text)
 .text          0x0800018c       0x40 D:/My_user/STM32CubeIDE_1.19.0/STM32CubeIDE/plugins/com.st.stm32cube.ide.mcu.externaltools.gnu-tools-for-stm32.13.3.rel1.win32_1.0.0.202411081344/tools/bin/../lib/gcc/arm-none-eabi/13.3.1/thumb/v7e-m+fp/hard/crtbegin.o
 .text          0x080001cc       0x10 D:/My_user/STM32CubeIDE_1.19.0/STM32CubeIDE/plugins/com.st.stm32cube.ide.mcu.externaltools.gnu-tools-for-stm32.13.3.rel1.win32_1.0.0.202411081344/tools/bin/../lib/gcc/arm-none-eabi/13.3.1/../../../../arm-none-eabi/lib/thumb/v7e-m+fp/hard\libc_nano.a(libc_a-strlen.o)
                0x080001cc                strlen
 *(.text*)
 .text.main     0x080001dc       0x64 ./Src/main.o
                0x080001dc                main
 .text.delay    0x08000240       0x2c ./Src/main.o
                0x08000240                delay
 .text.SPI_GPIO_Init
                0x0800026c       0x8c ./Src/main.o
                0x0800026c                SPI_GPIO_Init
 .text.SPI1_Inits
                0x080002f8       0x4c ./Src/main.o
                0x080002f8                SPI1_Inits
 .text.W25Q_WriteEnable
                0x08000344       0x4c ./Src/main.o
                0x08000344                W25Q_WriteEnable
 .text.W25Q_ReadStatus
                0x08000390       0x5c ./Src/main.o
                0x08000390                W25Q_ReadStatus
 .text.W25Q_WaitBusy
                0x080003ec       0x1a ./Src/main.o
                0x080003ec                W25Q_WaitBusy
 *fill*         0x08000406        0x2 
 .text.W25Q_ReadID
                0x08000408       0x58 ./Src/main.o
                0x08000408                W25Q_ReadID
 .text.W25Q_EraseSector
                0x08000460       0x6c ./Src/main.o
                0x08000460                W25Q_EraseSector
 .text.W25Q_Write
                0x080004cc       0x80 ./Src/main.o
                0x080004cc                W25Q_Write
 .text.W25Q_Read
                0x0800054c       0x78 ./Src/main.o
                0x0800054c                W25Q_Read
 .text.Reset_Handler
                0x080005c4       0x50 ./Startup/startup_stm32l476rgtx.o
                0x080005c4                Reset_Handler
 .text.Default_Handler
                0x08000614        0x2 ./Startup/startup_stm32l476rgtx.o
                0x08000614                EXTI2_IRQHandler
                0x08000614                TIM8_TRG_COM_IRQHandler
                0x08000614                TIM8_CC_IRQHandler
                0x08000614                DebugMon_Handler
                0x08000614                DMA1_CH4_IRQHandler
                0x08000614                TIM1_CC_IRQHandler
                0x08000614                TSC_IRQHandler
                0x08000614                HardFault_Handler
                0x08000614                SysTick_Handler
                0x08000614                TAMP_STAMP_IRQHandler
                0x08000614                PendSV_Handler
                0x08000614                NMI_Handler
                0x08000614                EXTI3_IRQHandler
                0x08000614                LPTIM2_IRQHandler
                0x08000614                DFSDM1_FLT1_IRQHandler
                0x08000614                I2C3_ER_IRQHandler
                0x08000614                DFSDM1_FLT2_IRQHandler
                0x08000614                TIM6_DACUNDER_IRQHandler
                0x08000614                EXTI0_IRQHandler
                0x08000614                I2C2_EV_IRQHandler
                0x08000614                DMA2_CH1_IRQHandler
                0x08000614                CAN1_RX0_IRQHandler
                0x08000614                FPU_IRQHandler
                0x08000614                TIM1_UP_TIM16_IRQHandler
                0x08000614                DMA2_CH7_IRQHandler
                0x08000614                UsageFault_Handler
                0x08000614                ADC1_2_IRQHandler
                0x08000614                SPI1_IRQHandler
                0x08000614                DMA1_CH7_IRQHandler
                0x08000614                TIM8_UP_IRQHandler
                0x08000614                RTC_ALARM_IRQHandler
                0x08000614                SAI2_IRQHandler
                0x08000614                DFSDM1_FLT3_IRQHandler
                0x08000614                DMA1_CH6_IRQHandler
                0x08000614                USART3_IRQHandler
                0x08000614                CAN1_RX1_IRQHandler
                0x08000614                LCD_IRQHandler
                0x08000614                UART5_IRQHandler
                0x08000614                ADC3_IRQHandler
                0x08000614                TIM4_IRQHandler
                0x08000614                QUADSPI_IRQHandler
                0x08000614                I2C1_EV_IRQHandler
                0x08000614                DMA2_CH5_IRQHandler
                0x08000614                UART4_IRQHandler
                0x08000614                DMA1_CH3_IRQHandler
                0x08000614                TIM3_IRQHandler
                0x08000614                RCC_IRQHandler
                0x08000614                Default_Handler
                0x08000614                EXTI15_10_IRQHandler
                0x08000614                TIM7_IRQHandler
                0x08000614                SDMMC1_IRQHandler
                0x08000614                TIM5_IRQHandler
                0x08000614                I2C3_EV_IRQHandler
                0x08000614                EXTI9_5_IRQHandler
                0x08000614                DMA1_CH2_IRQHandler
                0x08000614                RTC_WKUP_IRQHandler
                0x08000614                PVD_PVM_IRQHandler
                0x08000614                SPI2_IRQHandler
                0x08000614                DMA1_CH1_IRQHandler
                0x08000614                MemManage_Handler
                0x08000614                CAN1_TX_IRQHandler
                0x08000614                SVC_Handler
                0x08000614                CRS_IRQHandler
                0x08000614                EXTI4_IRQHandler
                0x08000614                RNG_IRQHandler
                0x08000614                TIM1_TRG_COM_TIM17_IRQHandler
                0x08000614                COMP_IRQHandler
                0x08000614                WWDG_IRQHandler
                0x08000614                LPUART1_IRQHandler
                0x08000614                TIM2_IRQHandler
                0x08000614                EXTI1_IRQHandler
                0x08000614                USART2_IRQHandler
                0x08000614                DFSDM1_FLT0_IRQHandler
                0x08000614                I2C2_ER_IRQHandler
                0x08000614                TIM8_BRK_IRQHandler
                0x08000614                CAN1_SCE_IRQHandler
                0x08000614                FLASH_IRQHandler
                0x08000614                BusFault_Handler
                0x08000614                USART1_IRQHandler
                0x08000614                OTG_FS_IRQHandler
                0x08000614                SPI3_IRQHandler
                0x08000614                DMA2_CH6_IRQHandler
                0x08000614                DMA2_CH3_IRQHandler
                0x08000614                DMA2_CH2_IRQHandler
                0x08000614                I2C1_ER_IRQHandler
                0x08000614                FMC_IRQHandler
                0x08000614                DMA1_CH5_IRQHandler
                0x08000614                DMA2_CH4_IRQHandler
                0x08000614                SWPMI1_IRQHandler
                0x08000614                LPTIM1_IRQHandler
                0x08000614                SAI1_IRQHandler
                0x08000614                TIM1_BRK_TIM15_IRQHandler
 .text.SPI_PeripheralControl
                0x08000616       0x38 ./drivers/src/STM32_Spi_Driver.o
                0x08000616                SPI_PeripheralControl
 *fill*         0x0800064e        0x2 
 .text.SPI_PeriClockControl
                0x08000650       0xb0 ./drivers/src/STM32_Spi_Driver.o
                0x08000650                SPI_PeriClockControl
 .text.SPI_Init
                0x08000700       0xd4 ./drivers/src/STM32_Spi_Driver.o
                0x08000700                SPI_Init
 .text.SPI_GetFlagStatus
                0x080007d4       0x28 ./drivers/src/STM32_Spi_Driver.o
                0x080007d4                SPI_GetFlagStatus
 .text.SPI_ReceiveData
                0x080007fc       0x6c ./drivers/src/STM32_Spi_Driver.o
                0x080007fc                SPI_ReceiveData
 .text.SPI_SendData
                0x08000868       0x6e ./drivers/src/STM32_Spi_Driver.o
                0x08000868                SPI_SendData
 .text.SPI_SSIConfig
                0x080008d6       0x38 ./drivers/src/STM32_Spi_Driver.o
                0x080008d6                SPI_SSIConfig
 *fill*         0x0800090e        0x2 
 .text.GPIO_PeriClockControl
                0x08000910      0x1cc ./drivers/src/stm32l476xx_gpio_driver.o
                0x08000910                GPIO_PeriClockControl
 .text.GPIO_Init
                0x08000adc      0x374 ./drivers/src/stm32l476xx_gpio_driver.o
                0x08000adc                GPIO_Init
 .text.GPIO_WriteToOutputPin
                0x08000e50       0x4a ./drivers/src/stm32l476xx_gpio_driver.o
                0x08000e50                GPIO_WriteToOutputPin
 *fill*         0x08000e9a        0x2 
 .text.__libc_init_array
                0x08000e9c       0x48 D:/My_user/STM32CubeIDE_1.19.0/STM32CubeIDE/plugins/com.st.stm32cube.ide.mcu.externaltools.gnu-tools-for-stm32.13.3.rel1.win32_1.0.0.202411081344/tools/bin/../lib/gcc/arm-none-eabi/13.3.1/../../../../arm-none-eabi/lib/thumb/v7e-m+fp/hard\libc_nano.a(libc_a-init.o)
                0x08000e9c                __libc_init_array
 *(.glue_7)
 .glue_7        0x08000ee4        0x0 linker stubs
 *(.glue_7t)
 .glue_7t       0x08000ee4        0x0 linker stubs
 *(.eh_frame)
 .eh_frame      0x08000ee4        0x0 D:/My_user/STM32CubeIDE_1.19.0/STM32CubeIDE/plugins/com.st.stm32cube.ide.mcu.externaltools.gnu-tools-for-stm32.13.3.rel1.win32_1.0.0.202411081344/tools/bin/../lib/gcc/arm-none-eabi/13.3.1/thumb/v7e-m+fp/hard/crtbegin.o
 *(.init)
 .init          0x08000ee4        0x4 D:/My_user/STM32CubeIDE_1.19.0/STM32CubeIDE/plugins/com.st.stm32cube.ide.mcu.externaltools.gnu-tools-for-stm32.13.3.rel1.win32_1.0.0.202411081344/tools/bin/../lib/gcc/arm-none-eabi/13.3.1/thumb/v7e-m+fp/hard/crti.o
                0x08000ee4                _init
 .init          0x08000ee8        0x8 D:/My_user/STM32CubeIDE_1.19.0/STM32CubeIDE/plugins/com.st.stm32cube.ide.mcu.externaltools.gnu-tools-for-stm32.13.3.rel1.win32_1.0.0.202411081344/tools/bin/../lib/gcc/arm-none-eabi/13.3.1/thumb/v7e-m+fp/hard/crtn.o
 *(.fini)
 .fini          0x08000ef0        0x4 D:/My_user/STM32CubeIDE_1.19.0/STM32CubeIDE/plugins/com.st.stm32cube.ide.mcu.externaltools.gnu-tools-for-stm32.13.3.rel1.win32_1.0.0.202411081344/tools/bin/../lib/gcc/arm-none-eabi/13.3.1/thumb/v7e-m+fp/hard/crti.o
                0x08000ef0                _fini
 .fini          0x08000ef4        0x8 D:/My_user/STM32CubeIDE_1.19.0/STM32CubeIDE/plugins/com.st.stm32cube.ide.mcu.externaltools.gnu-tools-for-stm32.13.3.rel1.win32_1.0.0.202411081344/tools/bin/../lib/gcc/arm-none-eabi/13.3.1/thumb/v7e-m+fp/hard/crtn.o
                0x08000efc                        . = ALIGN (0x4)
                0x08000efc                        _etext = .

.vfp11_veneer   0x08000efc        0x0
 .vfp11_veneer  0x08000efc        0x0 linker stubs

.v4_bx          0x08000efc        0x0
 .v4_bx         0x08000efc        0x0 linker stubs

.iplt           0x08000efc        0x0
 .iplt          0x08000efc        0x0 D:/My_user/STM32CubeIDE_1.19.0/STM32CubeIDE/plugins/com.st.stm32cube.ide.mcu.externaltools.gnu-tools-for-stm32.13.3.rel1.win32_1.0.0.202411081344/tools/bin/../lib/gcc/arm-none-eabi/13.3.1/thumb/v7e-m+fp/hard/crtbegin.o

.rodata         0x08000efc        0x0
                0x08000efc                        . = ALIGN (0x4)
 *(.rodata)
 *(.rodata*)
                0x08000efc                        . = ALIGN (0x4)

.ARM.extab      0x08000efc        0x0
                0x08000efc                        . = ALIGN (0x4)
 *(.ARM.extab* .gnu.linkonce.armextab.*)
                0x08000efc                        . = ALIGN (0x4)

.ARM            0x08000efc        0x8
                0x08000efc                        . = ALIGN (0x4)
                0x08000efc                        __exidx_start = .
 *(.ARM.exidx*)
 .ARM.exidx     0x08000efc        0x8 D:/My_user/STM32CubeIDE_1.19.0/STM32CubeIDE/plugins/com.st.stm32cube.ide.mcu.externaltools.gnu-tools-for-stm32.13.3.rel1.win32_1.0.0.202411081344/tools/bin/../lib/gcc/arm-none-eabi/13.3.1/../../../../arm-none-eabi/lib/thumb/v7e-m+fp/hard\libc_nano.a(libc_a-strlen.o)
                0x08000f04                        __exidx_end = .
                0x08000f04                        . = ALIGN (0x4)

.preinit_array  0x08000f04        0x0
                0x08000f04                        . = ALIGN (0x4)
                0x08000f04                        PROVIDE (__preinit_array_start = .)
 *(.preinit_array*)
                0x08000f04                        PROVIDE (__preinit_array_end = .)
                0x08000f04                        . = ALIGN (0x4)

.init_array     0x08000f04        0x4
                0x08000f04                        . = ALIGN (0x4)
                0x08000f04                        PROVIDE (__init_array_start = .)
 *(SORT_BY_NAME(.init_array.*))
 *(.init_array*)
 .init_array    0x08000f04        0x4 D:/My_user/STM32CubeIDE_1.19.0/STM32CubeIDE/plugins/com.st.stm32cube.ide.mcu.externaltools.gnu-tools-for-stm32.13.3.rel1.win32_1.0.0.202411081344/tools/bin/../lib/gcc/arm-none-eabi/13.3.1/thumb/v7e-m+fp/hard/crtbegin.o
                0x08000f08                        PROVIDE (__init_array_end = .)
                0x08000f08                        . = ALIGN (0x4)

.fini_array     0x08000f08        0x4
                0x08000f08                        . = ALIGN (0x4)
                [!provide]                        PROVIDE (__fini_array_start = .)
 *(SORT_BY_NAME(.fini_array.*))
 *(.fini_array*)
 .fini_array    0x08000f08        0x4 D:/My_user/STM32CubeIDE_1.19.0/STM32CubeIDE/plugins/com.st.stm32cube.ide.mcu.externaltools.gnu-tools-for-stm32.13.3.rel1.win32_1.0.0.202411081344/tools/bin/../lib/gcc/arm-none-eabi/13.3.1/thumb/v7e-m+fp/hard/crtbegin.o
                [!provide]                        PROVIDE (__fini_array_end = .)
                0x08000f0c                        . = ALIGN (0x4)
                0x08000f0c                        _sidata = LOADADDR (.data)

.rel.dyn        0x08000f0c        0x0
 .rel.iplt      0x08000f0c        0x0 D:/My_user/STM32CubeIDE_1.19.0/STM32CubeIDE/plugins/com.st.stm32cube.ide.mcu.externaltools.gnu-tools-for-stm32.13.3.rel1.win32_1.0.0.202411081344/tools/bin/../lib/gcc/arm-none-eabi/13.3.1/thumb/v7e-m+fp/hard/crtbegin.o

.data           0x20000000       0x14 load address 0x08000f0c
                0x20000000                        . = ALIGN (0x4)
                0x20000000                        _sdata = .
 *(.data)
 *(.data*)
 .data.tx_buf   0x20000000       0x13 ./Src/main.o
                0x20000000                tx_buf
 *(.RamFunc)
 *(.RamFunc*)
                0x20000014                        . = ALIGN (0x4)
 *fill*         0x20000013        0x1 
                0x20000014                        _edata = .
                0x08000f20                        _sisram2 = LOADADDR (.sram2)

.igot.plt       0x20000014        0x0 load address 0x08000f20
 .igot.plt      0x20000014        0x0 D:/My_user/STM32CubeIDE_1.19.0/STM32CubeIDE/plugins/com.st.stm32cube.ide.mcu.externaltools.gnu-tools-for-stm32.13.3.rel1.win32_1.0.0.202411081344/tools/bin/../lib/gcc/arm-none-eabi/13.3.1/thumb/v7e-m+fp/hard/crtbegin.o

.sram2          0x10000000        0x0 load address 0x08000f20
                0x10000000                        . = ALIGN (0x4)
                0x10000000                        _ssram2 = .
 *(.sram2)
 *(.sram2*)
                0x10000000                        . = ALIGN (0x4)
                0x10000000                        _esram2 = .
                0x10000000                        . = ALIGN (0x4)

.bss            0x20000014       0x54
                0x20000014                        _sbss = .
                0x20000014                        __bss_start__ = _sbss
 *(.bss)
 .bss           0x20000014       0x1c D:/My_user/STM32CubeIDE_1.19.0/STM32CubeIDE/plugins/com.st.stm32cube.ide.mcu.externaltools.gnu-tools-for-stm32.13.3.rel1.win32_1.0.0.202411081344/tools/bin/../lib/gcc/arm-none-eabi/13.3.1/thumb/v7e-m+fp/hard/crtbegin.o
 *(.bss*)
 .bss.rx_buf    0x20000030       0x32 ./Src/main.o
                0x20000030                rx_buf
 *fill*         0x20000062        0x2 
 .bss.id        0x20000064        0x3 ./Src/main.o
                0x20000064                id
 *(COMMON)
                0x20000068                        . = ALIGN (0x4)
 *fill*         0x20000067        0x1 
                0x20000068                        _ebss = .
                0x20000068                        __bss_end__ = _ebss

._user_heap_stack
                0x20000068      0x600
                0x20000068                        . = ALIGN (0x8)
                [!provide]                        PROVIDE (end = .)
                0x20000068                        PROVIDE (_end = .)
                0x20000268                        . = (. + _Min_Heap_Size)
 *fill*         0x20000068      0x200 
                0x20000668                        . = (. + _Min_Stack_Size)
 *fill*         0x20000268      0x400 
                0x20000668                        . = ALIGN (0x8)

/DISCARD/
 libc.a(*)
 libm.a(*)
 libgcc.a(*)

.ARM.attributes
                0x00000000       0x30
 *(.ARM.attributes)
 .ARM.attributes
                0x00000000       0x22 D:/My_user/STM32CubeIDE_1.19.0/STM32CubeIDE/plugins/com.st.stm32cube.ide.mcu.externaltools.gnu-tools-for-stm32.13.3.rel1.win32_1.0.0.202411081344/tools/bin/../lib/gcc/arm-none-eabi/13.3.1/thumb/v7e-m+fp/hard/crti.o
 .ARM.attributes
                0x00000022       0x34 D:/My_user/STM32CubeIDE_1.19.0/STM32CubeIDE/plugins/com.st.stm32cube.ide.mcu.externaltools.gnu-tools-for-stm32.13.3.rel1.win32_1.0.0.202411081344/tools/bin/../lib/gcc/arm-none-eabi/13.3.1/thumb/v7e-m+fp/hard/crtbegin.o
 .ARM.attributes
                0x00000056       0x34 ./Src/main.o
 .ARM.attributes
                0x0000008a       0x21 ./Startup/startup_stm32l476rgtx.o
 .ARM.attributes
                0x000000ab       0x34 ./drivers/src/STM32_Spi_Driver.o
 .ARM.attributes
                0x000000df       0x34 ./drivers/src/stm32l476xx_gpio_driver.o
 .ARM.attributes
                0x00000113       0x34 D:/My_user/STM32CubeIDE_1.19.0/STM32CubeIDE/plugins/com.st.stm32cube.ide.mcu.externaltools.gnu-tools-for-stm32.13.3.rel1.win32_1.0.0.202411081344/tools/bin/../lib/gcc/arm-none-eabi/13.3.1/../../../../arm-none-eabi/lib/thumb/v7e-m+fp/hard\libc_nano.a(libc_a-init.o)
 .ARM.attributes
                0x00000147       0x17 D:/My_user/STM32CubeIDE_1.19.0/STM32CubeIDE/plugins/com.st.stm32cube.ide.mcu.externaltools.gnu-tools-for-stm32.13.3.rel1.win32_1.0.0.202411081344/tools/bin/../lib/gcc/arm-none-eabi/13.3.1/../../../../arm-none-eabi/lib/thumb/v7e-m+fp/hard\libc_nano.a(libc_a-strlen.o)
 .ARM.attributes
                0x0000015e       0x22 D:/My_user/STM32CubeIDE_1.19.0/STM32CubeIDE/plugins/com.st.stm32cube.ide.mcu.externaltools.gnu-tools-for-stm32.13.3.rel1.win32_1.0.0.202411081344/tools/bin/../lib/gcc/arm-none-eabi/13.3.1/thumb/v7e-m+fp/hard/crtn.o
OUTPUT(SPI_Driver.elf elf32-littlearm)
LOAD linker stubs
LOAD D:/My_user/STM32CubeIDE_1.19.0/STM32CubeIDE/plugins/com.st.stm32cube.ide.mcu.externaltools.gnu-tools-for-stm32.13.3.rel1.win32_1.0.0.202411081344/tools/bin/../lib/gcc/arm-none-eabi/13.3.1/../../../../arm-none-eabi/lib/thumb/v7e-m+fp/hard\libc.a
LOAD D:/My_user/STM32CubeIDE_1.19.0/STM32CubeIDE/plugins/com.st.stm32cube.ide.mcu.externaltools.gnu-tools-for-stm32.13.3.rel1.win32_1.0.0.202411081344/tools/bin/../lib/gcc/arm-none-eabi/13.3.1/../../../../arm-none-eabi/lib/thumb/v7e-m+fp/hard\libm.a
LOAD D:/My_user/STM32CubeIDE_1.19.0/STM32CubeIDE/plugins/com.st.stm32cube.ide.mcu.externaltools.gnu-tools-for-stm32.13.3.rel1.win32_1.0.0.202411081344/tools/bin/../lib/gcc/arm-none-eabi/13.3.1/thumb/v7e-m+fp/hard\libgcc.a

.debug_info     0x00000000     0x145c
 .debug_info    0x00000000      0x687 ./Src/main.o
 .debug_info    0x00000687       0x30 ./Startup/startup_stm32l476rgtx.o
 .debug_info    0x000006b7      0x58d ./drivers/src/STM32_Spi_Driver.o
 .debug_info    0x00000c44      0x818 ./drivers/src/stm32l476xx_gpio_driver.o

.debug_abbrev   0x00000000      0x42a
 .debug_abbrev  0x00000000      0x1e0 ./Src/main.o
 .debug_abbrev  0x000001e0       0x24 ./Startup/startup_stm32l476rgtx.o
 .debug_abbrev  0x00000204      0x109 ./drivers/src/STM32_Spi_Driver.o
 .debug_abbrev  0x0000030d      0x11d ./drivers/src/stm32l476xx_gpio_driver.o

.debug_aranges  0x00000000      0x160
 .debug_aranges
                0x00000000       0x70 ./Src/main.o
 .debug_aranges
                0x00000070       0x28 ./Startup/startup_stm32l476rgtx.o
 .debug_aranges
                0x00000098       0x58 ./drivers/src/STM32_Spi_Driver.o
 .debug_aranges
                0x000000f0       0x70 ./drivers/src/stm32l476xx_gpio_driver.o

.debug_rnglists
                0x00000000       0xfd
 .debug_rnglists
                0x00000000       0x51 ./Src/main.o
 .debug_rnglists
                0x00000051       0x19 ./Startup/startup_stm32l476rgtx.o
 .debug_rnglists
                0x0000006a       0x40 ./drivers/src/STM32_Spi_Driver.o
 .debug_rnglists
                0x000000aa       0x53 ./drivers/src/stm32l476xx_gpio_driver.o

.debug_macro    0x00000000     0x215d
 .debug_macro   0x00000000      0x169 ./Src/main.o
 .debug_macro   0x00000169      0xae4 ./Src/main.o
 .debug_macro   0x00000c4d       0x22 ./Src/main.o
 .debug_macro   0x00000c6f       0x8e ./Src/main.o
 .debug_macro   0x00000cfd       0x51 ./Src/main.o
 .debug_macro   0x00000d4e      0x103 ./Src/main.o
 .debug_macro   0x00000e51       0x6a ./Src/main.o
 .debug_macro   0x00000ebb      0x1df ./Src/main.o
 .debug_macro   0x0000109a      0x426 ./Src/main.o
 .debug_macro   0x000014c0       0xc4 ./Src/main.o
 .debug_macro   0x00001584       0xa0 ./Src/main.o
 .debug_macro   0x00001624       0x61 ./Src/main.o
 .debug_macro   0x00001685       0x2a ./Src/main.o
 .debug_macro   0x000016af       0x43 ./Src/main.o
 .debug_macro   0x000016f2       0x34 ./Src/main.o
 .debug_macro   0x00001726      0x190 ./Src/main.o
 .debug_macro   0x000018b6      0x370 ./Src/main.o
 .debug_macro   0x00001c26       0x16 ./Src/main.o
 .debug_macro   0x00001c3c       0x4a ./Src/main.o
 .debug_macro   0x00001c86       0x34 ./Src/main.o
 .debug_macro   0x00001cba       0x10 ./Src/main.o
 .debug_macro   0x00001cca       0x58 ./Src/main.o
 .debug_macro   0x00001d22       0x8e ./Src/main.o
 .debug_macro   0x00001db0       0x1c ./Src/main.o
 .debug_macro   0x00001dcc      0x185 ./Src/main.o
 .debug_macro   0x00001f51       0x10 ./Src/main.o
 .debug_macro   0x00001f61       0x3c ./Src/main.o
 .debug_macro   0x00001f9d       0x20 ./Src/main.o
 .debug_macro   0x00001fbd       0x85 ./drivers/src/STM32_Spi_Driver.o
 .debug_macro   0x00002042       0x9a ./drivers/src/STM32_Spi_Driver.o
 .debug_macro   0x000020dc       0x81 ./drivers/src/stm32l476xx_gpio_driver.o

.debug_line     0x00000000     0x19a5
 .debug_line    0x00000000      0x81e ./Src/main.o
 .debug_line    0x0000081e       0x7b ./Startup/startup_stm32l476rgtx.o
 .debug_line    0x00000899      0x6d9 ./drivers/src/STM32_Spi_Driver.o
 .debug_line    0x00000f72      0xa33 ./drivers/src/stm32l476xx_gpio_driver.o

.debug_str      0x00000000     0x9263
 .debug_str     0x00000000     0x9263 ./Src/main.o
                               0x90ba (size before relaxing)
 .debug_str     0x00009263       0x6b ./Startup/startup_stm32l476rgtx.o
 .debug_str     0x00009263     0x5865 ./drivers/src/STM32_Spi_Driver.o
 .debug_str     0x00009263     0x59d0 ./drivers/src/stm32l476xx_gpio_driver.o

.comment        0x00000000       0x43
 .comment       0x00000000       0x43 ./Src/main.o
                                 0x44 (size before relaxing)
 .comment       0x00000043       0x44 ./drivers/src/STM32_Spi_Driver.o
 .comment       0x00000043       0x44 ./drivers/src/stm32l476xx_gpio_driver.o

.debug_frame    0x00000000      0x4d4
 .debug_frame   0x00000000      0x190 ./Src/main.o
 .debug_frame   0x00000190      0x150 ./drivers/src/STM32_Spi_Driver.o
 .debug_frame   0x000002e0      0x1c8 ./drivers/src/stm32l476xx_gpio_driver.o
 .debug_frame   0x000004a8       0x2c D:/My_user/STM32CubeIDE_1.19.0/STM32CubeIDE/plugins/com.st.stm32cube.ide.mcu.externaltools.gnu-tools-for-stm32.13.3.rel1.win32_1.0.0.202411081344/tools/bin/../lib/gcc/arm-none-eabi/13.3.1/../../../../arm-none-eabi/lib/thumb/v7e-m+fp/hard\libc_nano.a(libc_a-init.o)

.debug_line_str
                0x00000000       0x4f
 .debug_line_str
                0x00000000       0x4f ./Startup/startup_stm32l476rgtx.o
