../Src/main.c:37:6:SPI1_IRQHandler	8	static
../Src/main.c:42:5:main	8	static
../Src/main.c:83:6:delay	16	static
../Src/main.c:91:6:SPI_GPIO_Init	24	static
../Src/main.c:133:6:SPI1_Inits	8	static
../Src/main.c:158:6:W25Q_WriteEnable	16	static
../Src/main.c:174:9:W25Q_ReadStatus	16	static
../Src/main.c:195:6:W25Q_WaitBusy	8	static
../Src/main.c:204:6:W25Q_ReadID	16	static
../Src/main.c:226:6:W25Q_EraseSector	24	static
../Src/main.c:252:6:W25Q_Write_IT	24	static
../Src/main.c:281:6:W25Q_Read_IT	24	static
../Src/main.c:300:6:SPI_ApplicationEventCallback	16	static
